Archive member included because of file (symbol)

.\CortexM3\ARM_GCC_484\Debug\TAC_PSOC5.a(cyfitter_cfg.o)
                              .\CortexM3\ARM_GCC_484\Debug\Cm3Start.o (cyfitter_cfg)
.\CortexM3\ARM_GCC_484\Debug\TAC_PSOC5.a(UART.o)
                              .\CortexM3\ARM_GCC_484\Debug\ComputerCommunication.o (UART_Start)
.\CortexM3\ARM_GCC_484\Debug\TAC_PSOC5.a(UART_cdc.o)
                              .\CortexM3\ARM_GCC_484\Debug\ComputerCommunication.o (UART_CDC_Init)
.\CortexM3\ARM_GCC_484\Debug\TAC_PSOC5.a(UART_drv.o)
                              .\CortexM3\ARM_GCC_484\Debug\TAC_PSOC5.a(UART.o) (UART_EP)
.\CortexM3\ARM_GCC_484\Debug\TAC_PSOC5.a(UART_episr.o)
                              .\CortexM3\ARM_GCC_484\Debug\TAC_PSOC5.a(UART.o) (UART_EP_1_ISR)
.\CortexM3\ARM_GCC_484\Debug\TAC_PSOC5.a(UART_std.o)
                              .\CortexM3\ARM_GCC_484\Debug\TAC_PSOC5.a(UART_drv.o) (UART_HandleStandardRqst)
.\CortexM3\ARM_GCC_484\Debug\TAC_PSOC5.a(UART_vnd.o)
                              .\CortexM3\ARM_GCC_484\Debug\TAC_PSOC5.a(UART_drv.o) (UART_HandleVendorRqst)
.\CortexM3\ARM_GCC_484\Debug\TAC_PSOC5.a(Thermistor_1.o)
                              .\CortexM3\ARM_GCC_484\Debug\PeltierCalibration.o (Thermistor_1_GetResistance)
.\CortexM3\ARM_GCC_484\Debug\TAC_PSOC5.a(Timer_1.o)
                              .\CortexM3\ARM_GCC_484\Debug\main.o (Timer_1_Start)
.\CortexM3\ARM_GCC_484\Debug\TAC_PSOC5.a(LED.o)
                              .\CortexM3\ARM_GCC_484\Debug\PeltierCalibration.o (LED_Write)
.\CortexM3\ARM_GCC_484\Debug\TAC_PSOC5.a(AMux.o)
                              .\CortexM3\ARM_GCC_484\Debug\main.o (AMux_Start)
.\CortexM3\ARM_GCC_484\Debug\TAC_PSOC5.a(ADC.o)
                              .\CortexM3\ARM_GCC_484\Debug\main.o (ADC_Start)
.\CortexM3\ARM_GCC_484\Debug\TAC_PSOC5.a(ADC_INT.o)
                              .\CortexM3\ARM_GCC_484\Debug\TAC_PSOC5.a(ADC.o) (ADC_ISR)
.\CortexM3\ARM_GCC_484\Debug\TAC_PSOC5.a(timer1_ISR.o)
                              .\CortexM3\ARM_GCC_484\Debug\main.o (timer1_ISR_StartEx)
.\CortexM3\ARM_GCC_484\Debug\TAC_PSOC5.a(ADC_theACLK.o)
                              .\CortexM3\ARM_GCC_484\Debug\TAC_PSOC5.a(ADC.o) (ADC_theACLK_SetModeRegister)
.\CortexM3\ARM_GCC_484\Debug\TAC_PSOC5.a(CyBootAsmGnu.o)
                              .\CortexM3\ARM_GCC_484\Debug\TAC_PSOC5.a(cyfitter_cfg.o) (CyDelayCycles)
.\CortexM3\ARM_GCC_484\Debug\TAC_PSOC5.a(CyLib.o)
                              .\CortexM3\ARM_GCC_484\Debug\Cm3Start.o (CyResetStatus)
.\CortexM3\ARM_GCC_484\Debug\TAC_PSOC5.a(cyPm.o)
                              .\CortexM3\ARM_GCC_484\Debug\TAC_PSOC5.a(CyLib.o) (CyPmReadStatus)
.\CortexM3\ARM_GCC_484\Debug\TAC_PSOC5.a(Em_EEPROM.o)
                              .\CortexM3\ARM_GCC_484\Debug\memory.o (Em_EEPROM_Write)
.\CortexM3\ARM_GCC_484\Debug\TAC_PSOC5.a(Blue_LED.o)
                              .\CortexM3\ARM_GCC_484\Debug\PeltierCalibration.o (Blue_LED_Write)
.\CortexM3\ARM_GCC_484\Debug\TAC_PSOC5.a(CAN_1.o)
                              .\CortexM3\ARM_GCC_484\Debug\main.o (CAN_1_GlobalIntEnable)
.\CortexM3\ARM_GCC_484\Debug\TAC_PSOC5.a(CAN_1_INT.o)
                              .\CortexM3\ARM_GCC_484\Debug\TAC_PSOC5.a(CAN_1.o) (CAN_1_ISR)
.\CortexM3\ARM_GCC_484\Debug\TAC_PSOC5.a(CAN_1_TX_RX_func.o)
                              .\CortexM3\ARM_GCC_484\Debug\CAN_Communication.o (CAN_1_SendMsg)
.\CortexM3\ARM_GCC_484\Debug\TAC_PSOC5.a(pwmAgitator_1.o)
                              .\CortexM3\ARM_GCC_484\Debug\main.o (pwmAgitator_1_Start)
.\CortexM3\ARM_GCC_484\Debug\TAC_PSOC5.a(pwmFan_1.o)
                              .\CortexM3\ARM_GCC_484\Debug\main.o (pwmFan_1_Start)
.\CortexM3\ARM_GCC_484\Debug\TAC_PSOC5.a(pwmAgitator_2.o)
                              .\CortexM3\ARM_GCC_484\Debug\main.o (pwmAgitator_2_Start)
.\CortexM3\ARM_GCC_484\Debug\TAC_PSOC5.a(pwmFan_2.o)
                              .\CortexM3\ARM_GCC_484\Debug\main.o (pwmFan_2_Start)
.\CortexM3\ARM_GCC_484\Debug\TAC_PSOC5.a(outputAgitator2_Enable.o)
                              .\CortexM3\ARM_GCC_484\Debug\PeltierCalibration.o (outputAgitator2_Enable_Write)
.\CortexM3\ARM_GCC_484\Debug\TAC_PSOC5.a(outputAgitator1_Enable.o)
                              .\CortexM3\ARM_GCC_484\Debug\PeltierCalibration.o (outputAgitator1_Enable_Write)
.\CortexM3\ARM_GCC_484\Debug\TAC_PSOC5.a(fanPeltier2_Enable.o)
                              .\CortexM3\ARM_GCC_484\Debug\PeltierCalibration.o (fanPeltier2_Enable_Write)
.\CortexM3\ARM_GCC_484\Debug\TAC_PSOC5.a(fanPeltier1_Enable.o)
                              .\CortexM3\ARM_GCC_484\Debug\PeltierCalibration.o (fanPeltier1_Enable_Write)
.\CortexM3\ARM_GCC_484\Debug\TAC_PSOC5.a(Peltier_Enable.o)
                              .\CortexM3\ARM_GCC_484\Debug\PeltierCalibration.o (Peltier_Enable_Write)
.\CortexM3\ARM_GCC_484\Debug\TAC_PSOC5.a(Peltier1_PWM_Ctrl.o)
                              .\CortexM3\ARM_GCC_484\Debug\main.o (Peltier1_PWM_Ctrl_Start)
[...]
Memory Configuration

Name             Origin             Length             Attributes
rom              0x00000000         0x00040000         xr
ram              0x1fff8000         0x00010000         xrw
*default*        0x00000000         0xffffffff

Linker script and memory map

LOAD c:/program files (x86)/cypress/psoc creator/3.2/psoc creator/import/gnu/arm/4.8.4/bin/../lib/gcc/arm-none-eabi/4.8.4/armv7-m/crti.o
LOAD c:/program files (x86)/cypress/psoc creator/3.2/psoc creator/import/gnu/arm/4.8.4/bin/../lib/gcc/arm-none-eabi/4.8.4/armv7-m/crtbegin.o
LOAD c:/program files (x86)/cypress/psoc creator/3.2/psoc creator/import/gnu/arm/4.8.4/bin/../lib/gcc/arm-none-eabi/4.8.4/../../../../arm-none-eabi/lib/armv7-m/crt0.o
START GROUP
LOAD .\CortexM3\ARM_GCC_484\Debug\main.o
LOAD .\CortexM3\ARM_GCC_484\Debug\removeOffsetNoise.o
LOAD .\CortexM3\ARM_GCC_484\Debug\measurement.o
LOAD .\CortexM3\ARM_GCC_484\Debug\ComputerCommunication.o
LOAD .\CortexM3\ARM_GCC_484\Debug\memory.o
LOAD .\CortexM3\ARM_GCC_484\Debug\PeltierCalibration.o
LOAD .\CortexM3\ARM_GCC_484\Debug\CAN_Communication.o
LOAD .\CortexM3\ARM_GCC_484\Debug\turbido.o
LOAD .\CortexM3\ARM_GCC_484\Debug\TAC_Submodule.o
LOAD .\CortexM3\ARM_GCC_484\Debug\cymetadata.o
LOAD .\CortexM3\ARM_GCC_484\Debug\Cm3Start.o
LOAD .\CortexM3\ARM_GCC_484\Debug\TAC_PSOC5.a
LOAD C:\Program Files (x86)\Cypress\PSoC Creator\3.2\PSoC Creator\psoc\content\cycomponentlibrary\CyComponentLibrary.cylib\CortexM3\ARM_GCC_484\Debug\CyComponentLibrary.a
LOAD c:/program files (x86)/cypress/psoc creator/3.2/psoc creator/import/gnu/arm/4.8.4/bin/../lib/gcc/arm-none-eabi/4.8.4/../../../../arm-none-eabi/lib/armv7-m\libm.a
END GROUP
START GROUP
LOAD c:/program files (x86)/cypress/psoc creator/3.2/psoc creator/import/gnu/arm/4.8.4/bin/../lib/gcc/arm-none-eabi/4.8.4/armv7-m\libgcc.a
LOAD c:/program files (x86)/cypress/psoc creator/3.2/psoc creator/import/gnu/arm/4.8.4/bin/../lib/gcc/arm-none-eabi/4.8.4/../../../../arm-none-eabi/lib/armv7-m\libg_s.a
LOAD c:/program files (x86)/cypress/psoc creator/3.2/psoc creator/import/gnu/arm/4.8.4/bin/../lib/gcc/arm-none-eabi/4.8.4/../../../../arm-none-eabi/lib/armv7-m\libc_s.a
END GROUP
START GROUP
LOAD c:/program files (x86)/cypress/psoc creator/3.2/psoc creator/import/gnu/arm/4.8.4/bin/../lib/gcc/arm-none-eabi/4.8.4/armv7-m\libgcc.a
LOAD c:/program files (x86)/cypress/psoc creator/3.2/psoc creator/import/gnu/arm/4.8.4/bin/../lib/gcc/arm-none-eabi/4.8.4/../../../../arm-none-eabi/lib/armv7-m\libc_s.a
END GROUP
LOAD c:/program files (x86)/cypress/psoc creator/3.2/psoc creator/import/gnu/arm/4.8.4/bin/../lib/gcc/arm-none-eabi/4.8.4/armv7-m/crtend.o
LOAD c:/program files (x86)/cypress/psoc creator/3.2/psoc creator/import/gnu/arm/4.8.4/bin/../lib/gcc/arm-none-eabi/4.8.4/armv7-m/crtn.o
START GROUP
LOAD c:/program files (x86)/cypress/psoc creator/3.2/psoc creator/import/gnu/arm/4.8.4/bin/../lib/gcc/arm-none-eabi/4.8.4/armv7-m\libgcc.a
LOAD c:/program files (x86)/cypress/psoc creator/3.2/psoc creator/import/gnu/arm/4.8.4/bin/../lib/gcc/arm-none-eabi/4.8.4/../../../../arm-none-eabi/lib/armv7-m\libc.a
LOAD c:/program files (x86)/cypress/psoc creator/3.2/psoc creator/import/gnu/arm/4.8.4/bin/../lib/gcc/arm-none-eabi/4.8.4/../../../../arm-none-eabi/lib/armv7-m\libnosys.a
END GROUP
                0x00000000                CY_APPL_ORIGIN = 0x0
                0x00000100                CY_FLASH_ROW_SIZE = 0x100
                0x00000020                CY_ECC_ROW_SIZE = 0x20
                0x00000000                CY_EE_IN_BTLDR = 0x0
                0x00000000                CY_APPL_LOADABLE = 0x0
                0x00000800                CY_EE_SIZE = 0x800
                0x00000001                CY_APPL_NUM = 0x1
                0x00000001                CY_APPL_MAX = 0x1
                0x00000040                CY_METADATA_SIZE = 0x40
                0x1fff8e78                PROVIDE (__cy_heap_start, _end)
                0x00000001                PROVIDE (__cy_region_num, ((__cy_regions_end - __cy_regions) / 0x10))
                0x20008000                PROVIDE (__cy_stack, (ORIGIN (ram) + 0x10000))
                0x20007800                PROVIDE (__cy_heap_end, (__cy_stack - 0x800))

.cybootloader   0x00000000        0x0
 *(.cybootloader)
                0x00000000                appl1_start = CY_APPL_ORIGIN?CY_APPL_ORIGIN:ALIGN (CY_FLASH_ROW_SIZE)
                0x0001ff00                appl2_start = (appl1_start + ALIGN ((((0x40000 - appl1_start) - (0x2 * CY_FLASH_ROW_SIZE)) / 0x2), CY_FLASH_ROW_SIZE))
                0x00000000                appl_start = (CY_APPL_NUM == 0x1)?appl1_start:appl2_start
                0x00000000                ecc_offset = ((appl_start / CY_FLASH_ROW_SIZE) * CY_ECC_ROW_SIZE)
                0x00000000                ee_offset = (CY_APPL_LOADABLE && ! (CY_EE_IN_BTLDR))?((CY_EE_SIZE / CY_APPL_MAX) * (CY_APPL_NUM - 0x1)):0x0
                0x00000800                ee_size = (CY_APPL_LOADABLE && ! (CY_EE_IN_BTLDR))?(CY_EE_SIZE / CY_APPL_MAX):CY_EE_SIZE
                0x00000000                PROVIDE (CY_ECC_OFFSET, ecc_offset)

.text           0x00000000     0x6c6e
 CREATE_OBJECT_SYMBOLS
                0x00000000                PROVIDE (__cy_interrupt_vector, RomVectors)
 *(.romvectors)
 .romvectors    0x00000000       0x10 .\CortexM3\ARM_GCC_484\Debug\Cm3Start.o
                0x00000000                RomVectors
                0x00000001                ASSERT ((. != __cy_interrupt_vector), No interrupt vector)
                0x00000001                ASSERT (CY_APPL_ORIGIN?(SIZEOF (.cybootloader) <= CY_APPL_ORIGIN):0x1, Wrong image location)
                0x00000010                PROVIDE (__cy_reset, Reset)
 *(.text.Reset)
 .text.Reset    0x00000010       0x18 .\CortexM3\ARM_GCC_484\Debug\Cm3Start.o
                0x00000010                Reset
                0x00000001                ASSERT ((. != __cy_reset), No reset code)
 *(.dma_init)
                0x00000001                ASSERT ((((appl_start + .) <= 0x10000) || 0x1), DMA Init must be within the first 64k of flash)
 *(.text .text.* .gnu.linkonce.t.*)
 .text          0x00000028       0x54 c:/program files (x86)/cypress/psoc creator/3.2/psoc creator/import/gnu/arm/4.8.4/bin/../lib/gcc/arm-none-eabi/4.8.4/armv7-m/crtbegin.o
 .text.InterruptHandler
                0x0000007c       0x28 .\CortexM3\ARM_GCC_484\Debug\main.o
                0x0000007c                InterruptHandler
 .text.main     0x000000a4      0x130 .\CortexM3\ARM_GCC_484\Debug\main.o
                0x000000a4                main
 .text.initTACModule
                0x000001d4       0x58 .\CortexM3\ARM_GCC_484\Debug\main.o
                0x000001d4                initTACModule
 .text.treatMessage
                0x0000022c      0x350 .\CortexM3\ARM_GCC_484\Debug\main.o
                0x0000022c                treatMessage
 .text.MeasureResistorVoltage
                0x0000057c       0x34 .\CortexM3\ARM_GCC_484\Debug\measurement.o
                0x0000057c                MeasureResistorVoltage
 .text.sendDebugTemperature
                0x000005b0       0x14 .\CortexM3\ARM_GCC_484\Debug\ComputerCommunication.o
                0x000005b0                sendDebugTemperature
 .text.getCalibrationTable
                0x000005c4      0x13c .\CortexM3\ARM_GCC_484\Debug\PeltierCalibration.o
                0x000005c4                getCalibrationTable
 .text.setCalibrationTable
                0x00000700      0x16c .\CortexM3\ARM_GCC_484\Debug\PeltierCalibration.o
                0x00000700                setCalibrationTable
 .text.calibration
                0x0000086c      0x3e4 .\CortexM3\ARM_GCC_484\Debug\PeltierCalibration.o
                0x0000086c                calibration
 .text.getArrayMean
                0x00000c50       0x58 .\CortexM3\ARM_GCC_484\Debug\PeltierCalibration.o
                0x00000c50                getArrayMean
 .text.getThermistorTemp
                0x00000ca8       0x40 .\CortexM3\ARM_GCC_484\Debug\PeltierCalibration.o
                0x00000ca8                getThermistorTemp
 .text.changeFanSpeed
                0x00000ce8       0x98 .\CortexM3\ARM_GCC_484\Debug\PeltierCalibration.o
                0x00000ce8                changeFanSpeed
 .text.getFanSpeed
                0x00000d80       0x40 .\CortexM3\ARM_GCC_484\Debug\PeltierCalibration.o
                0x00000d80                getFanSpeed
 .text.changeFanState
                0x00000dc0       0x64 .\CortexM3\ARM_GCC_484\Debug\PeltierCalibration.o
                0x00000dc0                changeFanState
 .text.changeAgitatorSpeed
                0x00000e24       0x84 .\CortexM3\ARM_GCC_484\Debug\PeltierCalibration.o
                0x00000e24                changeAgitatorSpeed
 .text.getAgitatorSpeed
                0x00000ea8       0x40 .\CortexM3\ARM_GCC_484\Debug\PeltierCalibration.o
                0x00000ea8                getAgitatorSpeed
 .text.changeAgitatorState
                0x00000ee8       0x64 .\CortexM3\ARM_GCC_484\Debug\PeltierCalibration.o
                0x00000ee8                changeAgitatorState
 .text.changePeltierModuleState
                0x00000f4c       0x88 .\CortexM3\ARM_GCC_484\Debug\PeltierCalibration.o
                0x00000f4c                changePeltierModuleState
 .text.changePeltierModuleCurrentDirection
                0x00000fd4       0x5c .\CortexM3\ARM_GCC_484\Debug\PeltierCalibration.o
                0x00000fd4                changePeltierModuleCurrentDirection
 .text.changePeltierPWMValue
                0x00001030       0xa8 .\CortexM3\ARM_GCC_484\Debug\PeltierCalibration.o
                0x00001030                changePeltierPWMValue
 .text.getReceivedMessage
                0x000010d8       0x64 .\CortexM3\ARM_GCC_484\Debug\CAN_Communication.o
                0x000010d8                getReceivedMessage
 .text.sendMessage
                0x0000113c       0x3c .\CortexM3\ARM_GCC_484\Debug\CAN_Communication.o
                0x0000113c                sendMessage
 .text.echoBackToMaster
                0x00001178       0x38 .\CortexM3\ARM_GCC_484\Debug\CAN_Communication.o
                0x00001178                echoBackToMaster
 .text.meanTurbido
                0x000011b0      0x138 .\CortexM3\ARM_GCC_484\Debug\turbido.o
                0x000011b0                meanTurbido
 .text.getBufferIndex
                0x000012e8       0x44 .\CortexM3\ARM_GCC_484\Debug\turbido.o
                0x000012e8                getBufferIndex
 .text.updatePeltierOutput
                0x0000132c      0x200 .\CortexM3\ARM_GCC_484\Debug\TAC_Submodule.o
                0x0000132c                updatePeltierOutput
 .text.updatePwmValueFromCalibrationTable
                0x0000152c       0x78 .\CortexM3\ARM_GCC_484\Debug\TAC_Submodule.o
                0x0000152c                updatePwmValueFromCalibrationTable
 .text.IntDefaultHandler
                0x000015a4        0x8 .\CortexM3\ARM_GCC_484\Debug\Cm3Start.o
                0x000015a4                IntDefaultHandler
 .text.Start_c  0x000015ac       0x98 .\CortexM3\ARM_GCC_484\Debug\Cm3Start.o
                0x000015ac                Start_c
 .text.initialize_psoc
                0x00001644       0x8c .\CortexM3\ARM_GCC_484\Debug\Cm3Start.o
                0x00001644                initialize_psoc
 .text.CYMEMZERO
                0x000016d0       0x1c .\CortexM3\ARM_GCC_484\Debug\TAC_PSOC5.a(cyfitter_cfg.o)
 .text.CYCONFIGCPY
                0x000016ec       0x1c .\CortexM3\ARM_GCC_484\Debug\TAC_PSOC5.a(cyfitter_cfg.o)
 .text.cfg_write_bytes32
                0x00001708       0x74 .\CortexM3\ARM_GCC_484\Debug\TAC_PSOC5.a(cyfitter_cfg.o)
 .text.ClockSetup
                0x0000177c      0x178 .\CortexM3\ARM_GCC_484\Debug\TAC_PSOC5.a(cyfitter_cfg.o)
 .text.AnalogSetDefault
                0x000018f4       0xe8 .\CortexM3\ARM_GCC_484\Debug\TAC_PSOC5.a(cyfitter_cfg.o)
 .text.AMux_CYAMUXSIDE_A_Set
                0x000019dc       0x40 .\CortexM3\ARM_GCC_484\Debug\TAC_PSOC5.a(cyfitter_cfg.o)
                0x000019dc                AMux_CYAMUXSIDE_A_Set
 .text.AMux_CYAMUXSIDE_A_Unset
                0x00001a1c       0x44 .\CortexM3\ARM_GCC_484\Debug\TAC_PSOC5.a(cyfitter_cfg.o)
                0x00001a1c                AMux_CYAMUXSIDE_A_Unset
 .text.AMux_CYAMUXSIDE_B_Set
                0x00001a60       0x40 .\CortexM3\ARM_GCC_484\Debug\TAC_PSOC5.a(cyfitter_cfg.o)
                0x00001a60                AMux_CYAMUXSIDE_B_Set
 .text.AMux_CYAMUXSIDE_B_Unset
                0x00001aa0       0x44 .\CortexM3\ARM_GCC_484\Debug\TAC_PSOC5.a(cyfitter_cfg.o)
                0x00001aa0                AMux_CYAMUXSIDE_B_Unset
 .text.cyfitter_cfg
                0x00001ae4      0x170 .\CortexM3\ARM_GCC_484\Debug\TAC_PSOC5.a(cyfitter_cfg.o)
                0x00001ae4                cyfitter_cfg
 .text.Thermistor_1_GetResistance
                0x00001c54       0x6c .\CortexM3\ARM_GCC_484\Debug\TAC_PSOC5.a(Thermistor_1.o)
                0x00001c54                Thermistor_1_GetResistance
 .text.Thermistor_1_GetTemperature
                0x00001cc0      0x140 .\CortexM3\ARM_GCC_484\Debug\TAC_PSOC5.a(Thermistor_1.o)
                0x00001cc0                Thermistor_1_GetTemperature
 .text.AMux_Start
                0x00001e00       0x38 .\CortexM3\ARM_GCC_484\Debug\TAC_PSOC5.a(AMux.o)
                0x00001e00                AMux_Start
 .text.AMux_FastSelect
                0x00001e38       0x3c .\CortexM3\ARM_GCC_484\Debug\TAC_PSOC5.a(AMux.o)
                0x00001e38                AMux_FastSelect
 .text.AMux_Disconnect
                0x00001e74       0x20 .\CortexM3\ARM_GCC_484\Debug\TAC_PSOC5.a(AMux.o)
                0x00001e74                AMux_Disconnect
 .text.ADC_Start
                0x00001e94       0x20 .\CortexM3\ARM_GCC_484\Debug\TAC_PSOC5.a(ADC.o)
                0x00001e94                ADC_Start
 .text.ADC_Init
                0x00001eb4       0x44 .\CortexM3\ARM_GCC_484\Debug\TAC_PSOC5.a(ADC.o)
                0x00001eb4                ADC_Init
 .text.ADC_Enable
                0x00001ef8       0xf4 .\CortexM3\ARM_GCC_484\Debug\TAC_PSOC5.a(ADC.o)
                0x00001ef8                ADC_Enable
 .text.ADC_SetResolution
                0x00001fec       0x50 .\CortexM3\ARM_GCC_484\Debug\TAC_PSOC5.a(ADC.o)
                0x00001fec                ADC_SetResolution
 .text.ADC_StartConvert
                0x0000203c       0x20 .\CortexM3\ARM_GCC_484\Debug\TAC_PSOC5.a(ADC.o)
                0x0000203c                ADC_StartConvert
 .text.ADC_StopConvert
                0x0000205c       0x20 .\CortexM3\ARM_GCC_484\Debug\TAC_PSOC5.a(ADC.o)
                0x0000205c                ADC_StopConvert
 .text.ADC_IsEndConversion
                0x0000207c       0x40 .\CortexM3\ARM_GCC_484\Debug\TAC_PSOC5.a(ADC.o)
                0x0000207c                ADC_IsEndConversion
 .text.ADC_GetResult16
                0x000020bc       0x34 .\CortexM3\ARM_GCC_484\Debug\TAC_PSOC5.a(ADC.o)
                0x000020bc                ADC_GetResult16
 .text.ADC_CalcGain
                0x000020f0       0x94 .\CortexM3\ARM_GCC_484\Debug\TAC_PSOC5.a(ADC.o)
 .text.ADC_ISR  0x00002184        0xc .\CortexM3\ARM_GCC_484\Debug\TAC_PSOC5.a(ADC_INT.o)
                0x00002184                ADC_ISR
 .text.ADC_theACLK_SetModeRegister
                0x00002190       0x34 .\CortexM3\ARM_GCC_484\Debug\TAC_PSOC5.a(ADC_theACLK.o)
                0x00002190                ADC_theACLK_SetModeRegister
 *fill*         0x000021c4        0x4 
 .text          0x000021c8       0x28 .\CortexM3\ARM_GCC_484\Debug\TAC_PSOC5.a(CyBootAsmGnu.o)
                0x000021c8                CyDelayCycles
                0x000021dc                CyEnterCriticalSection
                0x000021e4                CyExitCriticalSection
 .text.CyHalt   0x000021f0       0x18 .\CortexM3\ARM_GCC_484\Debug\TAC_PSOC5.a(CyLib.o)
                0x000021f0                CyHalt
 .text.CyDelay  0x00002208       0x44 .\CortexM3\ARM_GCC_484\Debug\TAC_PSOC5.a(CyLib.o)
                0x00002208                CyDelay
 .text.CyDelayUs
                0x0000224c       0x24 .\CortexM3\ARM_GCC_484\Debug\TAC_PSOC5.a(CyLib.o)
                0x0000224c                CyDelayUs
 .text.CyFlushCache
                0x00002270       0x58 .\CortexM3\ARM_GCC_484\Debug\TAC_PSOC5.a(CyLib.o)
                0x00002270                CyFlushCache
 .text.CyIntSetVector
                0x000022c8       0x50 .\CortexM3\ARM_GCC_484\Debug\TAC_PSOC5.a(CyLib.o)
                0x000022c8                CyIntSetVector
 .text.CyIntSetPriority
                0x00002318       0x44 .\CortexM3\ARM_GCC_484\Debug\TAC_PSOC5.a(CyLib.o)
                0x00002318                CyIntSetPriority
 .text.Em_EEPROM_Write
                0x0000235c      0x178 .\CortexM3\ARM_GCC_484\Debug\TAC_PSOC5.a(Em_EEPROM.o)
                0x0000235c                Em_EEPROM_Write
 .text.CAN_1_RxTxBuffersConfig
                0x000024d4       0x80 .\CortexM3\ARM_GCC_484\Debug\TAC_PSOC5.a(CAN_1.o)
                0x000024d4                CAN_1_RxTxBuffersConfig
 .text.CAN_1_Init
                0x00002554      0x128 .\CortexM3\ARM_GCC_484\Debug\TAC_PSOC5.a(CAN_1.o)
                0x00002554                CAN_1_Init
 .text.CAN_1_Enable
                0x0000267c       0xa4 .\CortexM3\ARM_GCC_484\Debug\TAC_PSOC5.a(CAN_1.o)
                0x0000267c                CAN_1_Enable
 .text.CAN_1_Start
                0x00002720       0x3c .\CortexM3\ARM_GCC_484\Debug\TAC_PSOC5.a(CAN_1.o)
                0x00002720                CAN_1_Start
 .text.CAN_1_Stop
                0x0000275c       0x94 .\CortexM3\ARM_GCC_484\Debug\TAC_PSOC5.a(CAN_1.o)
                0x0000275c                CAN_1_Stop
 .text.CAN_1_GlobalIntEnable
                0x000027f0       0x40 .\CortexM3\ARM_GCC_484\Debug\TAC_PSOC5.a(CAN_1.o)
                0x000027f0                CAN_1_GlobalIntEnable
 .text.CAN_1_GlobalIntDisable
                0x00002830       0x40 .\CortexM3\ARM_GCC_484\Debug\TAC_PSOC5.a(CAN_1.o)
                0x00002830                CAN_1_GlobalIntDisable
 .text.CAN_1_SetPreScaler
                0x00002870       0x44 .\CortexM3\ARM_GCC_484\Debug\TAC_PSOC5.a(CAN_1.o)
                0x00002870                CAN_1_SetPreScaler
 .text.CAN_1_SetArbiter
                0x000028b4       0x6c .\CortexM3\ARM_GCC_484\Debug\TAC_PSOC5.a(CAN_1.o)
                0x000028b4                CAN_1_SetArbiter
 .text.CAN_1_SetTsegSample
                0x00002920       0xc4 .\CortexM3\ARM_GCC_484\Debug\TAC_PSOC5.a(CAN_1.o)
                0x00002920                CAN_1_SetTsegSample
 .text.CAN_1_SetRestartType
                0x000029e4       0x6c .\CortexM3\ARM_GCC_484\Debug\TAC_PSOC5.a(CAN_1.o)
                0x000029e4                CAN_1_SetRestartType
 .text.CAN_1_SetEdgeMode
                0x00002a50       0x6c .\CortexM3\ARM_GCC_484\Debug\TAC_PSOC5.a(CAN_1.o)
                0x00002a50                CAN_1_SetEdgeMode
 .text.CAN_1_SetIrqMask
                0x00002abc       0x38 .\CortexM3\ARM_GCC_484\Debug\TAC_PSOC5.a(CAN_1.o)
                0x00002abc                CAN_1_SetIrqMask
 .text.CAN_1_RxBufConfig
                0x00002af4       0xec .\CortexM3\ARM_GCC_484\Debug\TAC_PSOC5.a(CAN_1.o)
                0x00002af4                CAN_1_RxBufConfig
 .text.CAN_1_TxBufConfig
                0x00002be0       0x88 .\CortexM3\ARM_GCC_484\Debug\TAC_PSOC5.a(CAN_1.o)
                0x00002be0                CAN_1_TxBufConfig
 .text.CAN_1_BusOffIsr
                0x00002c68       0x18 .\CortexM3\ARM_GCC_484\Debug\TAC_PSOC5.a(CAN_1_INT.o)
                0x00002c68                CAN_1_BusOffIsr
 .text.CAN_1_MsgRXIsr
                0x00002c80       0x84 .\CortexM3\ARM_GCC_484\Debug\TAC_PSOC5.a(CAN_1_INT.o)
                0x00002c80                CAN_1_MsgRXIsr
 .text.CAN_1_ISR
                0x00002d04       0x30 .\CortexM3\ARM_GCC_484\Debug\TAC_PSOC5.a(CAN_1_INT.o)
                0x00002d04                CAN_1_ISR
 .text.CAN_1_SendMsg
                0x00002d34      0x170 .\CortexM3\ARM_GCC_484\Debug\TAC_PSOC5.a(CAN_1_TX_RX_func.o)
                0x00002d34                CAN_1_SendMsg
 .text.CAN_1_ReceiveMsg
                0x00002ea4       0x48 .\CortexM3\ARM_GCC_484\Debug\TAC_PSOC5.a(CAN_1_TX_RX_func.o)
                0x00002ea4                CAN_1_ReceiveMsg
 .text.CAN_1_ReceiveMsg0
                0x00002eec      0x1d8 .\CortexM3\ARM_GCC_484\Debug\TAC_PSOC5.a(CAN_1_TX_RX_func.o)
                0x00002eec                CAN_1_ReceiveMsg0
 .text.pwmAgitator_1_Start
                0x000030c4       0x20 .\CortexM3\ARM_GCC_484\Debug\TAC_PSOC5.a(pwmAgitator_1.o)
                0x000030c4                pwmAgitator_1_Start
 .text.pwmAgitator_1_Init
                0x000030e4       0x78 .\CortexM3\ARM_GCC_484\Debug\TAC_PSOC5.a(pwmAgitator_1.o)
                0x000030e4                pwmAgitator_1_Init
 .text.pwmAgitator_1_Enable
                0x0000315c       0x20 .\CortexM3\ARM_GCC_484\Debug\TAC_PSOC5.a(pwmAgitator_1.o)
                0x0000315c                pwmAgitator_1_Enable
 .text.pwmAgitator_1_WriteCounter
                0x0000317c       0x20 .\CortexM3\ARM_GCC_484\Debug\TAC_PSOC5.a(pwmAgitator_1.o)
                0x0000317c                pwmAgitator_1_WriteCounter
 .text.pwmAgitator_1_ClearFIFO
                0x0000319c       0x1c .\CortexM3\ARM_GCC_484\Debug\TAC_PSOC5.a(pwmAgitator_1.o)
                0x0000319c                pwmAgitator_1_ClearFIFO
 .text.pwmAgitator_1_WritePeriod
                0x000031b8       0x20 .\CortexM3\ARM_GCC_484\Debug\TAC_PSOC5.a(pwmAgitator_1.o)
                0x000031b8                pwmAgitator_1_WritePeriod
 .text.pwmAgitator_1_WriteCompare
                0x000031d8       0x20 .\CortexM3\ARM_GCC_484\Debug\TAC_PSOC5.a(pwmAgitator_1.o)
                0x000031d8                pwmAgitator_1_WriteCompare
 .text.pwmAgitator_1_SetInterruptMode
                0x000031f8       0x20 .\CortexM3\ARM_GCC_484\Debug\TAC_PSOC5.a(pwmAgitator_1.o)
                0x000031f8                pwmAgitator_1_SetInterruptMode
 .text.pwmAgitator_1_ReadStatusRegister
                0x00003218       0x18 .\CortexM3\ARM_GCC_484\Debug\TAC_PSOC5.a(pwmAgitator_1.o)
                0x00003218                pwmAgitator_1_ReadStatusRegister
 .text.pwmAgitator_1_ReadCapture
                0x00003230       0x18 .\CortexM3\ARM_GCC_484\Debug\TAC_PSOC5.a(pwmAgitator_1.o)
                0x00003230                pwmAgitator_1_ReadCapture
 .text.pwmAgitator_1_ReadPeriod
                0x00003248       0x18 .\CortexM3\ARM_GCC_484\Debug\TAC_PSOC5.a(pwmAgitator_1.o)
                0x00003248                pwmAgitator_1_ReadPeriod
 .text.pwmFan_1_Start
                0x00003260       0x20 .\CortexM3\ARM_GCC_484\Debug\TAC_PSOC5.a(pwmFan_1.o)
                0x00003260                pwmFan_1_Start
 .text.pwmFan_1_Init
                0x00003280       0x78 .\CortexM3\ARM_GCC_484\Debug\TAC_PSOC5.a(pwmFan_1.o)
                0x00003280                pwmFan_1_Init
 .text.pwmFan_1_Enable
                0x000032f8       0x20 .\CortexM3\ARM_GCC_484\Debug\TAC_PSOC5.a(pwmFan_1.o)
                0x000032f8                pwmFan_1_Enable
 .text.pwmFan_1_WriteCounter
                0x00003318       0x20 .\CortexM3\ARM_GCC_484\Debug\TAC_PSOC5.a(pwmFan_1.o)
                0x00003318                pwmFan_1_WriteCounter
 .text.pwmFan_1_ClearFIFO
                0x00003338       0x1c .\CortexM3\ARM_GCC_484\Debug\TAC_PSOC5.a(pwmFan_1.o)
                0x00003338                pwmFan_1_ClearFIFO
 .text.pwmFan_1_WritePeriod
                0x00003354       0x20 .\CortexM3\ARM_GCC_484\Debug\TAC_PSOC5.a(pwmFan_1.o)
                0x00003354                pwmFan_1_WritePeriod
 .text.pwmFan_1_WriteCompare
                0x00003374       0x20 .\CortexM3\ARM_GCC_484\Debug\TAC_PSOC5.a(pwmFan_1.o)
                0x00003374                pwmFan_1_WriteCompare
 .text.pwmFan_1_SetInterruptMode
                0x00003394       0x20 .\CortexM3\ARM_GCC_484\Debug\TAC_PSOC5.a(pwmFan_1.o)
                0x00003394                pwmFan_1_SetInterruptMode
 .text.pwmFan_1_ReadStatusRegister
                0x000033b4       0x18 .\CortexM3\ARM_GCC_484\Debug\TAC_PSOC5.a(pwmFan_1.o)
                0x000033b4                pwmFan_1_ReadStatusRegister
 .text.pwmFan_1_ReadCapture
                0x000033cc       0x18 .\CortexM3\ARM_GCC_484\Debug\TAC_PSOC5.a(pwmFan_1.o)
                0x000033cc                pwmFan_1_ReadCapture
 .text.pwmFan_1_ReadPeriod
                0x000033e4       0x18 .\CortexM3\ARM_GCC_484\Debug\TAC_PSOC5.a(pwmFan_1.o)
                0x000033e4                pwmFan_1_ReadPeriod
 .text.pwmAgitator_2_Start
                0x000033fc       0x20 .\CortexM3\ARM_GCC_484\Debug\TAC_PSOC5.a(pwmAgitator_2.o)
                0x000033fc                pwmAgitator_2_Start
 .text.pwmAgitator_2_Init
                0x0000341c       0x78 .\CortexM3\ARM_GCC_484\Debug\TAC_PSOC5.a(pwmAgitator_2.o)
                0x0000341c                pwmAgitator_2_Init
 .text.pwmAgitator_2_Enable
                0x00003494       0x20 .\CortexM3\ARM_GCC_484\Debug\TAC_PSOC5.a(pwmAgitator_2.o)
                0x00003494                pwmAgitator_2_Enable
 .text.pwmAgitator_2_WriteCounter
                0x000034b4       0x20 .\CortexM3\ARM_GCC_484\Debug\TAC_PSOC5.a(pwmAgitator_2.o)
                0x000034b4                pwmAgitator_2_WriteCounter
 .text.pwmAgitator_2_ClearFIFO
                0x000034d4       0x1c .\CortexM3\ARM_GCC_484\Debug\TAC_PSOC5.a(pwmAgitator_2.o)
                0x000034d4                pwmAgitator_2_ClearFIFO
 .text.pwmAgitator_2_WritePeriod
                0x000034f0       0x20 .\CortexM3\ARM_GCC_484\Debug\TAC_PSOC5.a(pwmAgitator_2.o)
                0x000034f0                pwmAgitator_2_WritePeriod
 .text.pwmAgitator_2_WriteCompare
                0x00003510       0x20 .\CortexM3\ARM_GCC_484\Debug\TAC_PSOC5.a(pwmAgitator_2.o)
                0x00003510                pwmAgitator_2_WriteCompare
 .text.pwmAgitator_2_SetInterruptMode
                0x00003530       0x20 .\CortexM3\ARM_GCC_484\Debug\TAC_PSOC5.a(pwmAgitator_2.o)
                0x00003530                pwmAgitator_2_SetInterruptMode
 .text.pwmAgitator_2_ReadStatusRegister
                0x00003550       0x18 .\CortexM3\ARM_GCC_484\Debug\TAC_PSOC5.a(pwmAgitator_2.o)
                0x00003550                pwmAgitator_2_ReadStatusRegister
 .text.pwmAgitator_2_ReadCapture
                0x00003568       0x18 .\CortexM3\ARM_GCC_484\Debug\TAC_PSOC5.a(pwmAgitator_2.o)
                0x00003568                pwmAgitator_2_ReadCapture
 .text.pwmAgitator_2_ReadPeriod
                0x00003580       0x18 .\CortexM3\ARM_GCC_484\Debug\TAC_PSOC5.a(pwmAgitator_2.o)
                0x00003580                pwmAgitator_2_ReadPeriod
 .text.pwmFan_2_Start
                0x00003598       0x20 .\CortexM3\ARM_GCC_484\Debug\TAC_PSOC5.a(pwmFan_2.o)
                0x00003598                pwmFan_2_Start
 .text.pwmFan_2_Init
                0x000035b8       0x78 .\CortexM3\ARM_GCC_484\Debug\TAC_PSOC5.a(pwmFan_2.o)
                0x000035b8                pwmFan_2_Init
 .text.pwmFan_2_Enable
                0x00003630       0x20 .\CortexM3\ARM_GCC_484\Debug\TAC_PSOC5.a(pwmFan_2.o)
                0x00003630                pwmFan_2_Enable
 .text.pwmFan_2_WriteCounter
                0x00003650       0x20 .\CortexM3\ARM_GCC_484\Debug\TAC_PSOC5.a(pwmFan_2.o)
                0x00003650                pwmFan_2_WriteCounter
 .text.pwmFan_2_ClearFIFO
                0x00003670       0x1c .\CortexM3\ARM_GCC_484\Debug\TAC_PSOC5.a(pwmFan_2.o)
                0x00003670                pwmFan_2_ClearFIFO
 .text.pwmFan_2_WritePeriod
                0x0000368c       0x20 .\CortexM3\ARM_GCC_484\Debug\TAC_PSOC5.a(pwmFan_2.o)
                0x0000368c                pwmFan_2_WritePeriod
 .text.pwmFan_2_WriteCompare
                0x000036ac       0x20 .\CortexM3\ARM_GCC_484\Debug\TAC_PSOC5.a(pwmFan_2.o)
                0x000036ac                pwmFan_2_WriteCompare
 .text.pwmFan_2_SetInterruptMode
                0x000036cc       0x20 .\CortexM3\ARM_GCC_484\Debug\TAC_PSOC5.a(pwmFan_2.o)
                0x000036cc                pwmFan_2_SetInterruptMode
 .text.pwmFan_2_ReadStatusRegister
                0x000036ec       0x18 .\CortexM3\ARM_GCC_484\Debug\TAC_PSOC5.a(pwmFan_2.o)
                0x000036ec                pwmFan_2_ReadStatusRegister
 .text.pwmFan_2_ReadCapture
                0x00003704       0x18 .\CortexM3\ARM_GCC_484\Debug\TAC_PSOC5.a(pwmFan_2.o)
                0x00003704                pwmFan_2_ReadCapture
 .text.pwmFan_2_ReadPeriod
                0x0000371c       0x18 .\CortexM3\ARM_GCC_484\Debug\TAC_PSOC5.a(pwmFan_2.o)
                0x0000371c                pwmFan_2_ReadPeriod
 .text.outputAgitator2_Enable_Write
                0x00003734       0x3c .\CortexM3\ARM_GCC_484\Debug\TAC_PSOC5.a(outputAgitator2_Enable.o)
                0x00003734                outputAgitator2_Enable_Write
 .text.outputAgitator1_Enable_Write
                0x00003770       0x3c .\CortexM3\ARM_GCC_484\Debug\TAC_PSOC5.a(outputAgitator1_Enable.o)
                0x00003770                outputAgitator1_Enable_Write
 .text.fanPeltier2_Enable_Write
                0x000037ac       0x3c .\CortexM3\ARM_GCC_484\Debug\TAC_PSOC5.a(fanPeltier2_Enable.o)
                0x000037ac                fanPeltier2_Enable_Write
 .text.fanPeltier1_Enable_Write
                0x000037e8       0x3c .\CortexM3\ARM_GCC_484\Debug\TAC_PSOC5.a(fanPeltier1_Enable.o)
                0x000037e8                fanPeltier1_Enable_Write
 .text.Peltier_Enable_Write
                0x00003824       0x20 .\CortexM3\ARM_GCC_484\Debug\TAC_PSOC5.a(Peltier_Enable.o)
                0x00003824                Peltier_Enable_Write
 .text.Peltier_Enable_Read
                0x00003844       0x18 .\CortexM3\ARM_GCC_484\Debug\TAC_PSOC5.a(Peltier_Enable.o)
                0x00003844                Peltier_Enable_Read
 .text.Peltier1_PWM_Ctrl_Start
                0x0000385c       0x20 .\CortexM3\ARM_GCC_484\Debug\TAC_PSOC5.a(Peltier1_PWM_Ctrl.o)
                0x0000385c                Peltier1_PWM_Ctrl_Start
 .text.Peltier1_PWM_Ctrl_Init
                0x0000387c       0x78 .\CortexM3\ARM_GCC_484\Debug\TAC_PSOC5.a(Peltier1_PWM_Ctrl.o)
                0x0000387c                Peltier1_PWM_Ctrl_Init
 .text.Peltier1_PWM_Ctrl_Enable
                0x000038f4       0x20 .\CortexM3\ARM_GCC_484\Debug\TAC_PSOC5.a(Peltier1_PWM_Ctrl.o)
                0x000038f4                Peltier1_PWM_Ctrl_Enable
 .text.Peltier1_PWM_Ctrl_WriteCounter
                0x00003914       0x20 .\CortexM3\ARM_GCC_484\Debug\TAC_PSOC5.a(Peltier1_PWM_Ctrl.o)
                0x00003914                Peltier1_PWM_Ctrl_WriteCounter
 .text.Peltier1_PWM_Ctrl_ClearFIFO
                0x00003934       0x1c .\CortexM3\ARM_GCC_484\Debug\TAC_PSOC5.a(Peltier1_PWM_Ctrl.o)
                0x00003934                Peltier1_PWM_Ctrl_ClearFIFO
 .text.Peltier1_PWM_Ctrl_WritePeriod
                0x00003950       0x20 .\CortexM3\ARM_GCC_484\Debug\TAC_PSOC5.a(Peltier1_PWM_Ctrl.o)
                0x00003950                Peltier1_PWM_Ctrl_WritePeriod
 .text.Peltier1_PWM_Ctrl_WriteCompare
                0x00003970       0x20 .\CortexM3\ARM_GCC_484\Debug\TAC_PSOC5.a(Peltier1_PWM_Ctrl.o)
                0x00003970                Peltier1_PWM_Ctrl_WriteCompare
 .text.Peltier1_PWM_Ctrl_SetInterruptMode
                0x00003990       0x20 .\CortexM3\ARM_GCC_484\Debug\TAC_PSOC5.a(Peltier1_PWM_Ctrl.o)
                0x00003990                Peltier1_PWM_Ctrl_SetInterruptMode
 .text.Peltier1_PWM_Ctrl_ReadStatusRegister
                0x000039b0       0x18 .\CortexM3\ARM_GCC_484\Debug\TAC_PSOC5.a(Peltier1_PWM_Ctrl.o)
                0x000039b0                Peltier1_PWM_Ctrl_ReadStatusRegister
 .text.Peltier1_PWM_Ctrl_ReadCapture
                0x000039c8       0x18 .\CortexM3\ARM_GCC_484\Debug\TAC_PSOC5.a(Peltier1_PWM_Ctrl.o)
                0x000039c8                Peltier1_PWM_Ctrl_ReadCapture
 .text.Peltier1_PWM_Ctrl_ReadPeriod
                0x000039e0       0x18 .\CortexM3\ARM_GCC_484\Debug\TAC_PSOC5.a(Peltier1_PWM_Ctrl.o)
                0x000039e0                Peltier1_PWM_Ctrl_ReadPeriod
 .text.Peltier2_PWM_Ctrl_Start
                0x000039f8       0x20 .\CortexM3\ARM_GCC_484\Debug\TAC_PSOC5.a(Peltier2_PWM_Ctrl.o)
                0x000039f8                Peltier2_PWM_Ctrl_Start
 .text.Peltier2_PWM_Ctrl_Init
                0x00003a18       0x78 .\CortexM3\ARM_GCC_484\Debug\TAC_PSOC5.a(Peltier2_PWM_Ctrl.o)
                0x00003a18                Peltier2_PWM_Ctrl_Init
 .text.Peltier2_PWM_Ctrl_Enable
                0x00003a90       0x20 .\CortexM3\ARM_GCC_484\Debug\TAC_PSOC5.a(Peltier2_PWM_Ctrl.o)
                0x00003a90                Peltier2_PWM_Ctrl_Enable
 .text.Peltier2_PWM_Ctrl_WriteCounter
                0x00003ab0       0x20 .\CortexM3\ARM_GCC_484\Debug\TAC_PSOC5.a(Peltier2_PWM_Ctrl.o)
                0x00003ab0                Peltier2_PWM_Ctrl_WriteCounter
 .text.Peltier2_PWM_Ctrl_ClearFIFO
                0x00003ad0       0x1c .\CortexM3\ARM_GCC_484\Debug\TAC_PSOC5.a(Peltier2_PWM_Ctrl.o)
                0x00003ad0                Peltier2_PWM_Ctrl_ClearFIFO
 .text.Peltier2_PWM_Ctrl_WritePeriod
                0x00003aec       0x20 .\CortexM3\ARM_GCC_484\Debug\TAC_PSOC5.a(Peltier2_PWM_Ctrl.o)
                0x00003aec                Peltier2_PWM_Ctrl_WritePeriod
 .text.Peltier2_PWM_Ctrl_WriteCompare
                0x00003b0c       0x20 .\CortexM3\ARM_GCC_484\Debug\TAC_PSOC5.a(Peltier2_PWM_Ctrl.o)
                0x00003b0c                Peltier2_PWM_Ctrl_WriteCompare
 .text.Peltier2_PWM_Ctrl_SetInterruptMode
                0x00003b2c       0x20 .\CortexM3\ARM_GCC_484\Debug\TAC_PSOC5.a(Peltier2_PWM_Ctrl.o)
                0x00003b2c                Peltier2_PWM_Ctrl_SetInterruptMode
 .text.Peltier2_PWM_Ctrl_ReadStatusRegister
                0x00003b4c       0x18 .\CortexM3\ARM_GCC_484\Debug\TAC_PSOC5.a(Peltier2_PWM_Ctrl.o)
                0x00003b4c                Peltier2_PWM_Ctrl_ReadStatusRegister
 .text.Peltier2_PWM_Ctrl_ReadCapture
                0x00003b64       0x18 .\CortexM3\ARM_GCC_484\Debug\TAC_PSOC5.a(Peltier2_PWM_Ctrl.o)
                0x00003b64                Peltier2_PWM_Ctrl_ReadCapture
 .text.Peltier2_PWM_Ctrl_ReadPeriod
                0x00003b7c       0x18 .\CortexM3\ARM_GCC_484\Debug\TAC_PSOC5.a(Peltier2_PWM_Ctrl.o)
                0x00003b7c                Peltier2_PWM_Ctrl_ReadPeriod
 .text.Peltier1_Ctrl_Write
                0x00003b94       0x20 .\CortexM3\ARM_GCC_484\Debug\TAC_PSOC5.a(Peltier1_Ctrl.o)
                0x00003b94                Peltier1_Ctrl_Write
 .text.Peltier2_Ctrl_Write
                0x00003bb4       0x20 .\CortexM3\ARM_GCC_484\Debug\TAC_PSOC5.a(Peltier2_Ctrl.o)
                0x00003bb4                Peltier2_Ctrl_Write
 .text.CAN_Standby_Write
                0x00003bd4       0x3c .\CortexM3\ARM_GCC_484\Debug\TAC_PSOC5.a(CAN_Standby.o)
                0x00003bd4                CAN_Standby_Write
 .text.ClockTurbido_Start
                0x00003c10       0x34 .\CortexM3\ARM_GCC_484\Debug\TAC_PSOC5.a(ClockTurbido.o)
                0x00003c10                ClockTurbido_Start
 .text.TurbidoISR_StartEx
                0x00003c44       0x24 .\CortexM3\ARM_GCC_484\Debug\TAC_PSOC5.a(TurbidoISR.o)
                0x00003c44                TurbidoISR_StartEx
 .text.TurbidoISR_SetVector
                0x00003c68       0x24 .\CortexM3\ARM_GCC_484\Debug\TAC_PSOC5.a(TurbidoISR.o)
                0x00003c68                TurbidoISR_SetVector
 .text.TurbidoISR_SetPriority
                0x00003c8c       0x24 .\CortexM3\ARM_GCC_484\Debug\TAC_PSOC5.a(TurbidoISR.o)
                0x00003c8c                TurbidoISR_SetPriority
 .text.TurbidoISR_Enable
                0x00003cb0       0x18 .\CortexM3\ARM_GCC_484\Debug\TAC_PSOC5.a(TurbidoISR.o)
                0x00003cb0                TurbidoISR_Enable
 .text.TurbidoISR_Disable
                0x00003cc8       0x18 .\CortexM3\ARM_GCC_484\Debug\TAC_PSOC5.a(TurbidoISR.o)
                0x00003cc8                TurbidoISR_Disable
 .text.ADC_TURBIDO_Start
                0x00003ce0       0x20 .\CortexM3\ARM_GCC_484\Debug\TAC_PSOC5.a(ADC_TURBIDO.o)
                0x00003ce0                ADC_TURBIDO_Start
 .text.ADC_TURBIDO_Init
                0x00003d00       0x44 .\CortexM3\ARM_GCC_484\Debug\TAC_PSOC5.a(ADC_TURBIDO.o)
                0x00003d00                ADC_TURBIDO_Init
 .text.ADC_TURBIDO_Enable
                0x00003d44       0xf4 .\CortexM3\ARM_GCC_484\Debug\TAC_PSOC5.a(ADC_TURBIDO.o)
                0x00003d44                ADC_TURBIDO_Enable
 .text.ADC_TURBIDO_SetResolution
                0x00003e38       0x50 .\CortexM3\ARM_GCC_484\Debug\TAC_PSOC5.a(ADC_TURBIDO.o)
                0x00003e38                ADC_TURBIDO_SetResolution
 .text.ADC_TURBIDO_CalcGain
                0x00003e88       0x7c .\CortexM3\ARM_GCC_484\Debug\TAC_PSOC5.a(ADC_TURBIDO.o)
 .text.ADC_TURBIDO_CountsTo_Volts
                0x00003f04       0x84 .\CortexM3\ARM_GCC_484\Debug\TAC_PSOC5.a(ADC_TURBIDO.o)
                0x00003f04                ADC_TURBIDO_CountsTo_Volts
 .text.ADC_TURBIDO_ISR
                0x00003f88        0xc .\CortexM3\ARM_GCC_484\Debug\TAC_PSOC5.a(ADC_TURBIDO_INT.o)
                0x00003f88                ADC_TURBIDO_ISR
 .text.ADC_TURBIDO_theACLK_SetModeRegister
                0x00003f94       0x34 .\CortexM3\ARM_GCC_484\Debug\TAC_PSOC5.a(ADC_TURBIDO_theACLK.o)
                0x00003f94                ADC_TURBIDO_theACLK_SetModeRegister
 .text.CySetTempInt
                0x00003fc8       0x7c .\CortexM3\ARM_GCC_484\Debug\TAC_PSOC5.a(CyFlash.o)
 .text.CyFlashGetSpcAlgorithm
                0x00004044       0x70 .\CortexM3\ARM_GCC_484\Debug\TAC_PSOC5.a(CyFlash.o)
 .text.CySetTemp
                0x000040b4       0x24 .\CortexM3\ARM_GCC_484\Debug\TAC_PSOC5.a(CyFlash.o)
                0x000040b4                CySetTemp
 .text.CySetFlashEEBuffer
                0x000040d8       0x54 .\CortexM3\ARM_GCC_484\Debug\TAC_PSOC5.a(CyFlash.o)
                0x000040d8                CySetFlashEEBuffer
 .text.CyWriteRowData
                0x0000412c       0x3c .\CortexM3\ARM_GCC_484\Debug\TAC_PSOC5.a(CyFlash.o)
                0x0000412c                CyWriteRowData
 .text.CyWriteRowFull
                0x00004168      0x154 .\CortexM3\ARM_GCC_484\Debug\TAC_PSOC5.a(CyFlash.o)
                0x00004168                CyWriteRowFull
 .text.CySpcStart
                0x000042bc       0x44 .\CortexM3\ARM_GCC_484\Debug\TAC_PSOC5.a(CySpc.o)
                0x000042bc                CySpcStart
 .text.CySpcReadData
                0x00004300       0x58 .\CortexM3\ARM_GCC_484\Debug\TAC_PSOC5.a(CySpc.o)
                0x00004300                CySpcReadData
 .text.CySpcLoadRowFull
                0x00004358       0xcc .\CortexM3\ARM_GCC_484\Debug\TAC_PSOC5.a(CySpc.o)
                0x00004358                CySpcLoadRowFull
 .text.CySpcWriteRow
                0x00004424       0x88 .\CortexM3\ARM_GCC_484\Debug\TAC_PSOC5.a(CySpc.o)
                0x00004424                CySpcWriteRow
 .text.CySpcGetTemp
                0x000044ac       0x64 .\CortexM3\ARM_GCC_484\Debug\TAC_PSOC5.a(CySpc.o)
                0x000044ac                CySpcGetTemp
 .text.CySpcLock
                0x00004510       0x68 .\CortexM3\ARM_GCC_484\Debug\TAC_PSOC5.a(CySpc.o)
                0x00004510                CySpcLock
 .text.CySpcUnlock
                0x00004578       0x50 .\CortexM3\ARM_GCC_484\Debug\TAC_PSOC5.a(CySpc.o)
                0x00004578                CySpcUnlock
 .text.CySpcGetAlgorithm
                0x000045c8       0x48 .\CortexM3\ARM_GCC_484\Debug\TAC_PSOC5.a(CySpc.o)
                0x000045c8                CySpcGetAlgorithm
 .text.log      0x00004610       0xe4 c:/program files (x86)/cypress/psoc creator/3.2/psoc creator/import/gnu/arm/4.8.4/bin/../lib/gcc/arm-none-eabi/4.8.4/../../../../arm-none-eabi/lib/armv7-m\libm.a(lib_a-w_log.o)
                0x00004610                log
 .text.pow      0x000046f4      0x2f8 c:/program files (x86)/cypress/psoc creator/3.2/psoc creator/import/gnu/arm/4.8.4/bin/../lib/gcc/arm-none-eabi/4.8.4/../../../../arm-none-eabi/lib/armv7-m\libm.a(lib_a-w_pow.o)
                0x000046f4                pow
 *fill*         0x000049ec        0x4 
 .text.__ieee754_log
                0x000049f0      0x3f0 c:/program files (x86)/cypress/psoc creator/3.2/psoc creator/import/gnu/arm/4.8.4/bin/../lib/gcc/arm-none-eabi/4.8.4/../../../../arm-none-eabi/lib/armv7-m\libm.a(lib_a-e_log.o)
                0x000049f0                __ieee754_log
 .text.__ieee754_pow
                0x00004de0      0xab8 c:/program files (x86)/cypress/psoc creator/3.2/psoc creator/import/gnu/arm/4.8.4/bin/../lib/gcc/arm-none-eabi/4.8.4/../../../../arm-none-eabi/lib/armv7-m\libm.a(lib_a-e_pow.o)
                0x00004de0                __ieee754_pow
 .text.__ieee754_sqrt
                0x00005898      0x180 c:/program files (x86)/cypress/psoc creator/3.2/psoc creator/import/gnu/arm/4.8.4/bin/../lib/gcc/arm-none-eabi/4.8.4/../../../../arm-none-eabi/lib/armv7-m\libm.a(lib_a-e_sqrt.o)
                0x00005898                __ieee754_sqrt
 .text.fabs     0x00005a18        0x8 c:/program files (x86)/cypress/psoc creator/3.2/psoc creator/import/gnu/arm/4.8.4/bin/../lib/gcc/arm-none-eabi/4.8.4/../../../../arm-none-eabi/lib/armv7-m\libm.a(lib_a-s_fabs.o)
                0x00005a18                fabs
 .text.finite   0x00005a20        0xc c:/program files (x86)/cypress/psoc creator/3.2/psoc creator/import/gnu/arm/4.8.4/bin/../lib/gcc/arm-none-eabi/4.8.4/../../../../arm-none-eabi/lib/armv7-m\libm.a(lib_a-s_finite.o)
                0x00005a20                finite
 .text.__fpclassifyd
                0x00005a2c       0x50 c:/program files (x86)/cypress/psoc creator/3.2/psoc creator/import/gnu/arm/4.8.4/bin/../lib/gcc/arm-none-eabi/4.8.4/../../../../arm-none-eabi/lib/armv7-m\libm.a(lib_a-s_fpclassify.o)
                0x00005a2c                __fpclassifyd
 .text.matherr  0x00005a7c        0x4 c:/program files (x86)/cypress/psoc creator/3.2/psoc creator/import/gnu/arm/4.8.4/bin/../lib/gcc/arm-none-eabi/4.8.4/../../../../arm-none-eabi/lib/armv7-m\libm.a(lib_a-s_matherr.o)
                0x00005a7c                matherr
 .text.nan      0x00005a80        0xc c:/program files (x86)/cypress/psoc creator/3.2/psoc creator/import/gnu/arm/4.8.4/bin/../lib/gcc/arm-none-eabi/4.8.4/../../../../arm-none-eabi/lib/armv7-m\libm.a(lib_a-s_nan.o)
                0x00005a80                nan
 .text.rint     0x00005a8c      0x118 c:/program files (x86)/cypress/psoc creator/3.2/psoc creator/import/gnu/arm/4.8.4/bin/../lib/gcc/arm-none-eabi/4.8.4/../../../../arm-none-eabi/lib/armv7-m\libm.a(lib_a-s_rint.o)
                0x00005a8c                rint
 *fill*         0x00005ba4        0x4 
 .text.scalbn   0x00005ba8      0x100 c:/program files (x86)/cypress/psoc creator/3.2/psoc creator/import/gnu/arm/4.8.4/bin/../lib/gcc/arm-none-eabi/4.8.4/../../../../arm-none-eabi/lib/armv7-m\libm.a(lib_a-s_scalbn.o)
                0x00005ba8                scalbn
 .text.copysign
                0x00005ca8       0x14 c:/program files (x86)/cypress/psoc creator/3.2/psoc creator/import/gnu/arm/4.8.4/bin/../lib/gcc/arm-none-eabi/4.8.4/../../../../arm-none-eabi/lib/armv7-m\libm.a(lib_a-s_copysign.o)
                0x00005ca8                copysign
 .text          0x00005cbc      0x370 c:/program files (x86)/cypress/psoc creator/3.2/psoc creator/import/gnu/arm/4.8.4/bin/../lib/gcc/arm-none-eabi/4.8.4/armv7-m\libgcc.a(_arm_addsubdf3.o)
                0x00005cbc                __aeabi_drsub
                0x00005cc4                __aeabi_dsub
                0x00005cc4                __subdf3
                0x00005cc8                __aeabi_dadd
                0x00005cc8                __adddf3
                0x00005f40                __floatunsidf
                0x00005f40                __aeabi_ui2d
                0x00005f60                __floatsidf
                0x00005f60                __aeabi_i2d
                0x00005f84                __aeabi_f2d
                0x00005f84                __extendsfdf2
                0x00005fc0                __floatundidf
                0x00005fc0                __aeabi_ul2d
                0x00005fd0                __floatdidf
                0x00005fd0                __aeabi_l2d
 .text          0x0000602c      0x424 c:/program files (x86)/cypress/psoc creator/3.2/psoc creator/import/gnu/arm/4.8.4/bin/../lib/gcc/arm-none-eabi/4.8.4/armv7-m\libgcc.a(_arm_muldivdf3.o)
                0x0000602c                __aeabi_dmul
                0x0000602c                __muldf3
                0x00006280                __divdf3
                0x00006280                __aeabi_ddiv
 .text          0x00006450      0x110 c:/program files (x86)/cypress/psoc creator/3.2/psoc creator/import/gnu/arm/4.8.4/bin/../lib/gcc/arm-none-eabi/4.8.4/armv7-m\libgcc.a(_arm_cmpdf2.o)
                0x00006450                __gtdf2
                0x00006450                __gedf2
                0x00006458                __ltdf2
                0x00006458                __ledf2
                0x00006460                __nedf2
                0x00006460                __eqdf2
                0x00006460                __cmpdf2
                0x000064dc                __aeabi_cdrcmple
                0x000064ec                __aeabi_cdcmpeq
                0x000064ec                __aeabi_cdcmple
                0x000064fc                __aeabi_dcmpeq
                0x00006510                __aeabi_dcmplt
                0x00006524                __aeabi_dcmple
                0x00006538                __aeabi_dcmpge
                0x0000654c                __aeabi_dcmpgt
 .text          0x00006560       0xa0 c:/program files (x86)/cypress/psoc creator/3.2/psoc creator/import/gnu/arm/4.8.4/bin/../lib/gcc/arm-none-eabi/4.8.4/armv7-m\libgcc.a(_arm_truncdfsf2.o)
                0x00006560                __truncdfsf2
                0x00006560                __aeabi_d2f
 .text          0x00006600      0x21c c:/program files (x86)/cypress/psoc creator/3.2/psoc creator/import/gnu/arm/4.8.4/bin/../lib/gcc/arm-none-eabi/4.8.4/armv7-m\libgcc.a(_arm_addsubsf3.o)
                0x00006600                __aeabi_frsub
                0x00006608                __subsf3
                0x00006608                __aeabi_fsub
                0x0000660c                __aeabi_fadd
                0x0000660c                __addsf3
                0x0000676c                __aeabi_ui2f
                0x0000676c                __floatunsisf
                0x00006774                __aeabi_i2f
                0x00006774                __floatsisf
                0x00006790                __aeabi_ul2f
                0x00006790                __floatundisf
                0x000067a0                __aeabi_l2f
                0x000067a0                __floatdisf
 .text          0x0000681c      0x2a0 c:/program files (x86)/cypress/psoc creator/3.2/psoc creator/import/gnu/arm/4.8.4/bin/../lib/gcc/arm-none-eabi/4.8.4/armv7-m\libgcc.a(_arm_muldivsf3.o)
                0x0000681c                __mulsf3
                0x0000681c                __aeabi_fmul
                0x00006984                __aeabi_fdiv
                0x00006984                __divsf3
 .text          0x00006abc       0xec c:/program files (x86)/cypress/psoc creator/3.2/psoc creator/import/gnu/arm/4.8.4/bin/../lib/gcc/arm-none-eabi/4.8.4/armv7-m\libgcc.a(_arm_cmpsf2.o)
                0x00006abc                __gesf2
                0x00006abc                __gtsf2
                0x00006ac4                __lesf2
                0x00006ac4                __ltsf2
                0x00006acc                __nesf2
                0x00006acc                __eqsf2
                0x00006acc                __cmpsf2
                0x00006b2c                __aeabi_cfrcmple
                0x00006b34                __aeabi_cfcmpeq
                0x00006b34                __aeabi_cfcmple
                0x00006b44                __aeabi_fcmpeq
                0x00006b58                __aeabi_fcmplt
                0x00006b6c                __aeabi_fcmple
                0x00006b80                __aeabi_fcmpge
                0x00006b94                __aeabi_fcmpgt
 .text          0x00006ba8       0x4c c:/program files (x86)/cypress/psoc creator/3.2/psoc creator/import/gnu/arm/4.8.4/bin/../lib/gcc/arm-none-eabi/4.8.4/armv7-m\libgcc.a(_arm_fixsfsi.o)
                0x00006ba8                __aeabi_f2iz
                0x00006ba8                __fixsfsi
 .text.__errno  0x00006bf4        0xc c:/program files (x86)/cypress/psoc creator/3.2/psoc creator/import/gnu/arm/4.8.4/bin/../lib/gcc/arm-none-eabi/4.8.4/../../../../arm-none-eabi/lib/armv7-m\libg_s.a(lib_a-errno.o)
                0x00006bf4                __errno
 .text.__libc_init_array
                0x00006c00       0x4c c:/program files (x86)/cypress/psoc creator/3.2/psoc creator/import/gnu/arm/4.8.4/bin/../lib/gcc/arm-none-eabi/4.8.4/../../../../arm-none-eabi/lib/armv7-m\libg_s.a(lib_a-init.o)
                0x00006c00                __libc_init_array
 .text.memcpy   0x00006c4c       0x12 c:/program files (x86)/cypress/psoc creator/3.2/psoc creator/import/gnu/arm/4.8.4/bin/../lib/gcc/arm-none-eabi/4.8.4/../../../../arm-none-eabi/lib/armv7-m\libg_s.a(lib_a-memcpy-stub.o)
                0x00006c4c                memcpy
 .text.memset   0x00006c5e       0x10 c:/program files (x86)/cypress/psoc creator/3.2/psoc creator/import/gnu/arm/4.8.4/bin/../lib/gcc/arm-none-eabi/4.8.4/../../../../arm-none-eabi/lib/armv7-m\libg_s.a(lib_a-memset.o)
                0x00006c5e                memset
 *(.plt)
 *(.gnu.warning)
 *(.glue_7t)
 .glue_7t       0x00000000        0x0 linker stubs
 *(.glue_7)
 .glue_7        0x00000000        0x0 linker stubs
 *(.vfp11_veneer)
 .vfp11_veneer  0x00000000        0x0 linker stubs
 *(.bootloader)
 *(.ARM.extab* .gnu.linkonce.armextab.*)
 *(.gcc_except_table)

.v4_bx          0x00006c70        0x0
 .v4_bx         0x00000000        0x0 linker stubs

.iplt           0x00006c70        0x0
 .iplt          0x00000000        0x0 c:/program files (x86)/cypress/psoc creator/3.2/psoc creator/import/gnu/arm/4.8.4/bin/../lib/gcc/arm-none-eabi/4.8.4/armv7-m/crtbegin.o

.eh_frame_hdr
 *(.eh_frame_hdr)

.eh_frame       0x00006c70        0x4
 *(.eh_frame)
 .eh_frame      0x00006c70        0x0 c:/program files (x86)/cypress/psoc creator/3.2/psoc creator/import/gnu/arm/4.8.4/bin/../lib/gcc/arm-none-eabi/4.8.4/armv7-m/crtbegin.o
 .eh_frame      0x00006c70        0x4 c:/program files (x86)/cypress/psoc creator/3.2/psoc creator/import/gnu/arm/4.8.4/bin/../lib/gcc/arm-none-eabi/4.8.4/armv7-m/crtend.o
                0x00006c74                PROVIDE (__exidx_start, .)

.ARM.exidx
 *(.ARM.exidx* .gnu.linkonce.armexidx.*)
                0x00006c74                __exidx_end = .

.rodata         0x00006c78      0x680
 *(.rodata .rodata.* .gnu.linkonce.r.*)
 .rodata        0x00006c78      0x44c .\CortexM3\ARM_GCC_484\Debug\PeltierCalibration.o
 .rodata        0x000070c4       0x4c .\CortexM3\ARM_GCC_484\Debug\TAC_PSOC5.a(cyfitter_cfg.o)
                0x000070c4                AMux_CYAMUXSIDE_A__addrTable
                0x000070d0                AMux_CYAMUXSIDE_A__maskTable
                0x000070d4                AMux_CYAMUXSIDE_B__addrTable
                0x000070e0                AMux_CYAMUXSIDE_B__maskTable
 .rodata        0x00007110      0x160 .\CortexM3\ARM_GCC_484\Debug\TAC_PSOC5.a(CAN_1.o)
 .rodata.str1.4
                0x00007270        0x5 c:/program files (x86)/cypress/psoc creator/3.2/psoc creator/import/gnu/arm/4.8.4/bin/../lib/gcc/arm-none-eabi/4.8.4/../../../../arm-none-eabi/lib/armv7-m\libm.a(lib_a-w_log.o)
                                  0x8 (size before relaxing)
 *fill*         0x00007275        0x3 
 .rodata.str1.4
                0x00007278        0x4 c:/program files (x86)/cypress/psoc creator/3.2/psoc creator/import/gnu/arm/4.8.4/bin/../lib/gcc/arm-none-eabi/4.8.4/../../../../arm-none-eabi/lib/armv7-m\libm.a(lib_a-w_pow.o)
 *fill*         0x0000727c        0x4 
 .rodata.dp_h   0x00007280       0x10 c:/program files (x86)/cypress/psoc creator/3.2/psoc creator/import/gnu/arm/4.8.4/bin/../lib/gcc/arm-none-eabi/4.8.4/../../../../arm-none-eabi/lib/armv7-m\libm.a(lib_a-e_pow.o)
 .rodata.dp_l   0x00007290       0x10 c:/program files (x86)/cypress/psoc creator/3.2/psoc creator/import/gnu/arm/4.8.4/bin/../lib/gcc/arm-none-eabi/4.8.4/../../../../arm-none-eabi/lib/armv7-m\libm.a(lib_a-e_pow.o)
 .rodata.bp     0x000072a0       0x10 c:/program files (x86)/cypress/psoc creator/3.2/psoc creator/import/gnu/arm/4.8.4/bin/../lib/gcc/arm-none-eabi/4.8.4/../../../../arm-none-eabi/lib/armv7-m\libm.a(lib_a-e_pow.o)
 .rodata.str1.4
                0x00000000        0x4 c:/program files (x86)/cypress/psoc creator/3.2/psoc creator/import/gnu/arm/4.8.4/bin/../lib/gcc/arm-none-eabi/4.8.4/../../../../arm-none-eabi/lib/armv7-m\libm.a(lib_a-e_pow.o)
 .rodata.TWO52  0x000072b0       0x10 c:/program files (x86)/cypress/psoc creator/3.2/psoc creator/import/gnu/arm/4.8.4/bin/../lib/gcc/arm-none-eabi/4.8.4/../../../../arm-none-eabi/lib/armv7-m\libm.a(lib_a-s_rint.o)
 .rodata.str1.1
                0x000072c0        0x2 c:/program files (x86)/cypress/psoc creator/3.2/psoc creator/import/gnu/arm/4.8.4/bin/../lib/gcc/arm-none-eabi/4.8.4/../../../../arm-none-eabi/lib/armv7-m\libg_s.a(lib_a-impure.o)
                0x000072c4                . = ALIGN (0x4)
 *fill*         0x000072c2        0x2 
 *(.init)
 .init          0x000072c4        0x4 c:/program files (x86)/cypress/psoc creator/3.2/psoc creator/import/gnu/arm/4.8.4/bin/../lib/gcc/arm-none-eabi/4.8.4/armv7-m/crti.o
                0x000072c4                _init
 .init          0x000072c8        0x8 c:/program files (x86)/cypress/psoc creator/3.2/psoc creator/import/gnu/arm/4.8.4/bin/../lib/gcc/arm-none-eabi/4.8.4/armv7-m/crtn.o
                0x000072d0                . = ALIGN (0x4)
                0x000072d0                __preinit_array_start = .
 *(.preinit_array)
                0x000072d0                __preinit_array_end = .
                0x000072d0                . = ALIGN (0x4)
                0x000072d0                __init_array_start = .
 *(SORT(.init_array.*))
 *(.init_array)
 .init_array    0x000072d0        0x4 c:/program files (x86)/cypress/psoc creator/3.2/psoc creator/import/gnu/arm/4.8.4/bin/../lib/gcc/arm-none-eabi/4.8.4/armv7-m/crtbegin.o
 .init_array    0x000072d4        0x4 .\CortexM3\ARM_GCC_484\Debug\Cm3Start.o
                0x000072d8                __init_array_end = .
                0x000072d8                . = ALIGN (0x4)
 *(.fini)
 .fini          0x000072d8        0x4 c:/program files (x86)/cypress/psoc creator/3.2/psoc creator/import/gnu/arm/4.8.4/bin/../lib/gcc/arm-none-eabi/4.8.4/armv7-m/crti.o
                0x000072d8                _fini
 .fini          0x000072dc        0x8 c:/program files (x86)/cypress/psoc creator/3.2/psoc creator/import/gnu/arm/4.8.4/bin/../lib/gcc/arm-none-eabi/4.8.4/armv7-m/crtn.o
                0x000072e4                . = ALIGN (0x4)
                0x000072e4                __fini_array_start = .
 *(.fini_array)
 .fini_array    0x000072e4        0x4 c:/program files (x86)/cypress/psoc creator/3.2/psoc creator/import/gnu/arm/4.8.4/bin/../lib/gcc/arm-none-eabi/4.8.4/armv7-m/crtbegin.o
 *(SORT(.fini_array.*))
                0x000072e8                __fini_array_end = .
                0x000072e8                . = ALIGN (0x4)
 *crtbegin.o(.ctors)
 *(EXCLUDE_FILE(*crtend.o) .ctors)
 *(SORT(.ctors.*))
 *crtend.o(.ctors)
                0x000072e8                . = ALIGN (0x4)
 *crtbegin.o(.dtors)
 *(EXCLUDE_FILE(*crtend.o) .dtors)
 *(SORT(.dtors.*))
 *crtend.o(.dtors)
                0x000072e8                . = ALIGN (0x4)
                0x000072e8                __cy_regions = .
                0x000072e8        0x4 LONG 0x72f8 __cy_region_init_ram
                0x000072ec        0x4 LONG 0x1fff8108 __cy_region_start_data
                0x000072f0        0x4 LONG 0xd8 __cy_region_init_size_ram
                0x000072f4        0x4 LONG 0xc98 __cy_region_zero_size_ram
                0x000072f8                __cy_regions_end = .
                0x000072f8                . = ALIGN (0x8)
                0x000072f8                _etext = .

.ramvectors     0x1fff8000      0x100
                0x1fff8000                __cy_region_start_ram = .
 *(.ramvectors)
 .ramvectors    0x1fff8000      0x100 .\CortexM3\ARM_GCC_484\Debug\Cm3Start.o
                0x1fff8000                CyRamVectors

.noinit         0x1fff8100        0x5
 *(.noinit)
 .noinit        0x1fff8100        0x4 .\CortexM3\ARM_GCC_484\Debug\Cm3Start.o
 .noinit        0x1fff8104        0x1 .\CortexM3\ARM_GCC_484\Debug\TAC_PSOC5.a(CyLib.o)
                0x1fff8104                CyResetStatus

.data           0x1fff8108       0xd8 load address 0x000072f8
                0x1fff8108                __cy_region_start_data = .
 *(.jcr)
 .jcr           0x1fff8108        0x0 c:/program files (x86)/cypress/psoc creator/3.2/psoc creator/import/gnu/arm/4.8.4/bin/../lib/gcc/arm-none-eabi/4.8.4/armv7-m/crtbegin.o
 .jcr           0x1fff8108        0x4 c:/program files (x86)/cypress/psoc creator/3.2/psoc creator/import/gnu/arm/4.8.4/bin/../lib/gcc/arm-none-eabi/4.8.4/armv7-m/crtend.o
 *(.got.plt)
 *(.got)
 *(.shdata)
 *(.data .data.* .gnu.linkonce.d.*)
 .data          0x1fff810c       0x54 .\CortexM3\ARM_GCC_484\Debug\main.o
                0x1fff810c                SM1
                0x1fff8130                SM2
                0x1fff8154                firstRoundFlag
                0x1fff8155                SM1_firstRoundFlag
                0x1fff8156                SM2_firstRoundFlag
                0x1fff8158                SM1_targetTemperature
                0x1fff815a                SM2_targetTemperature
                0x1fff815c                compteur
 .data          0x1fff8160        0x4 .\CortexM3\ARM_GCC_484\Debug\turbido.o
 .data          0x1fff8164        0x1 .\CortexM3\ARM_GCC_484\Debug\TAC_PSOC5.a(AMux.o)
 *fill*         0x1fff8165        0x3 
 .data          0x1fff8168       0x10 .\CortexM3\ARM_GCC_484\Debug\TAC_PSOC5.a(CyLib.o)
                0x1fff8168                cydelay_freq_hz
                0x1fff816c                cydelay_freq_khz
                0x1fff8170                cydelay_freq_mhz
                0x1fff8174                cydelay_32k_ms
 .data.__fdlib_version
                0x1fff8178        0x1 c:/program files (x86)/cypress/psoc creator/3.2/psoc creator/import/gnu/arm/4.8.4/bin/../lib/gcc/arm-none-eabi/4.8.4/../../../../arm-none-eabi/lib/armv7-m\libm.a(lib_a-s_lib_ver.o)
                0x1fff8178                __fdlib_version
 *fill*         0x1fff8179        0x3 
 .data.impure_data
                0x1fff817c       0x60 c:/program files (x86)/cypress/psoc creator/3.2/psoc creator/import/gnu/arm/4.8.4/bin/../lib/gcc/arm-none-eabi/4.8.4/../../../../arm-none-eabi/lib/armv7-m\libg_s.a(lib_a-impure.o)
 .data._impure_ptr
                0x1fff81dc        0x4 c:/program files (x86)/cypress/psoc creator/3.2/psoc creator/import/gnu/arm/4.8.4/bin/../lib/gcc/arm-none-eabi/4.8.4/../../../../arm-none-eabi/lib/armv7-m\libg_s.a(lib_a-impure.o)
                0x1fff81dc                _impure_ptr
                0x1fff81e0                . = ALIGN (0x8)
 *(.ram)
                0x1fff81e0                _edata = .

.igot.plt       0x1fff81e0        0x0 load address 0x000073d0
 .igot.plt      0x00000000        0x0 c:/program files (x86)/cypress/psoc creator/3.2/psoc creator/import/gnu/arm/4.8.4/bin/../lib/gcc/arm-none-eabi/4.8.4/armv7-m/crtbegin.o

.bss            0x1fff81e0      0xc98 load address 0x000073d0
                0x1fff81e0                PROVIDE (__bss_start__, .)
 *(.shbss)
 *(.bss .bss.* .gnu.linkonce.b.*)
 .bss           0x1fff81e0       0x1c c:/program files (x86)/cypress/psoc creator/3.2/psoc creator/import/gnu/arm/4.8.4/bin/../lib/gcc/arm-none-eabi/4.8.4/armv7-m/crtbegin.o
 .bss           0x1fff81fc      0x6c0 .\CortexM3\ARM_GCC_484\Debug\main.o
                0x1fff81fc                messageToBeTreatedCount
                0x1fff8200                msgToBeTreatedIndex
                0x1fff8204                msgToBeStoredIndex
                0x1fff8208                STOP_CALIBRATION_FLAG
                0x1fff8209                SM1_MAINTAIN_TEMPERATURE_FLAG
                0x1fff820a                SM2_MAINTAIN_TEMPERATURE_FLAG
                0x1fff820c                avgTemp
                0x1fff8210                tempCounter
                0x1fff8214                powerOffset
                0x1fff8218                pidTempArray
                0x1fff8240                pidIndex
                0x1fff8244                Turbidity_mean
                0x1fff8248                mean2
                0x1fff8270                Turbidity_buffer
                0x1fff8590                newTurbidoData
                0x1fff8594                buffer
                0x1fff88b4                accumulateur
                0x1fff88b8                turbido_index
 .bss           0x1fff88bc        0x1 .\CortexM3\ARM_GCC_484\Debug\TAC_PSOC5.a(ADC.o)
                0x1fff88bc                ADC_initVar
 .bss           0x1fff88bd        0x1 .\CortexM3\ARM_GCC_484\Debug\TAC_PSOC5.a(CAN_1.o)
                0x1fff88bd                CAN_1_initVar
 .bss           0x1fff88be        0x1 .\CortexM3\ARM_GCC_484\Debug\TAC_PSOC5.a(pwmAgitator_1.o)
                0x1fff88be                pwmAgitator_1_initVar
 .bss           0x1fff88bf        0x1 .\CortexM3\ARM_GCC_484\Debug\TAC_PSOC5.a(pwmFan_1.o)
                0x1fff88bf                pwmFan_1_initVar
 .bss           0x1fff88c0        0x1 .\CortexM3\ARM_GCC_484\Debug\TAC_PSOC5.a(pwmAgitator_2.o)
                0x1fff88c0                pwmAgitator_2_initVar
 .bss           0x1fff88c1        0x1 .\CortexM3\ARM_GCC_484\Debug\TAC_PSOC5.a(pwmFan_2.o)
                0x1fff88c1                pwmFan_2_initVar
 .bss           0x1fff88c2        0x1 .\CortexM3\ARM_GCC_484\Debug\TAC_PSOC5.a(Peltier1_PWM_Ctrl.o)
                0x1fff88c2                Peltier1_PWM_Ctrl_initVar
 .bss           0x1fff88c3        0x1 .\CortexM3\ARM_GCC_484\Debug\TAC_PSOC5.a(Peltier2_PWM_Ctrl.o)
                0x1fff88c3                Peltier2_PWM_Ctrl_initVar
 .bss           0x1fff88c4        0x1 .\CortexM3\ARM_GCC_484\Debug\TAC_PSOC5.a(ADC_TURBIDO.o)
                0x1fff88c4                ADC_TURBIDO_initVar
 *fill*         0x1fff88c5        0x3 
 .bss           0x1fff88c8        0x4 .\CortexM3\ARM_GCC_484\Debug\TAC_PSOC5.a(CyFlash.o)
 .bss           0x1fff88cc        0x8 .\CortexM3\ARM_GCC_484\Debug\TAC_PSOC5.a(CySpc.o)
                0x1fff88cc                SpcLockState
 *(COMMON)
 COMMON         0x1fff88d4      0x57c .\CortexM3\ARM_GCC_484\Debug\main.o
                0x1fff88d4                SM2calibrationValues
                0x1fff899c                receivedMsgs
                0x1fff8cbc                SM1percentageValues
                0x1fff8d20                SM2percentageValues
                0x1fff8d84                result
                0x1fff8d88                SM1calibrationValues
 COMMON         0x1fff8e50        0xc .\CortexM3\ARM_GCC_484\Debug\PeltierCalibration.o
                0x1fff8e50                targetTemp
                0x1fff8e58                eepromStatus
 COMMON         0x1fff8e5c        0xa .\CortexM3\ARM_GCC_484\Debug\TAC_PSOC5.a(ADC.o)
                0x1fff8e5c                ADC_countsPer10Volt
                0x1fff8e60                ADC_shift
                0x1fff8e62                ADC_countsPerVolt
                0x1fff8e64                ADC_offset
 *fill*         0x1fff8e66        0x2 
 COMMON         0x1fff8e68        0xa .\CortexM3\ARM_GCC_484\Debug\TAC_PSOC5.a(ADC_TURBIDO.o)
                0x1fff8e68                ADC_TURBIDO_countsPer10Volt
                0x1fff8e6c                ADC_TURBIDO_countsPerVolt
                0x1fff8e6e                ADC_TURBIDO_shift
                0x1fff8e70                ADC_TURBIDO_offset
 *fill*         0x1fff8e72        0x2 
 COMMON         0x1fff8e74        0x2 .\CortexM3\ARM_GCC_484\Debug\TAC_PSOC5.a(CyFlash.o)
                0x1fff8e74                dieTemperature
                0x1fff8e78                . = ALIGN (0x8)
 *fill*         0x1fff8e76        0x2 
 *(.ram.b)
                0x1fff8e78                _end = .
                0x1fff8e78                __end = .
                0x1fff8e78                PROVIDE (end, .)
                0x1fff8e78                PROVIDE (__bss_end__, .)
                0x000072f8                __cy_region_init_ram = LOADADDR (.data)
                0x000000d8                __cy_region_init_size_ram = (_edata - ADDR (.data))
                0x00000c98                __cy_region_zero_size_ram = (_end - _edata)

.heap           0x1fff8e78       0x80 load address 0x000073d0
                0x1fff8e78                . = _end
                0x1fff8ef8                . = (. + 0x80)
 *fill*         0x1fff8e78       0x80 
                0x1fff8ef8                __cy_heap_limit = .

.stack          0x20007800      0x800
                0x20007800                __cy_stack_limit = .
                0x20008000                . = (. + 0x800)
 *fill*         0x20007800      0x800 
                0x00000001                ASSERT ((__cy_stack_limit >= __cy_heap_limit), region RAM overflowed with stack)

.cyloadermeta
 *(.cyloadermeta)

.cyloadablemeta
 *(.cyloadablemeta)

.cyconfigecc    0x80000000      0x630
 *(.cyconfigecc)
 .cyconfigecc   0x80000000      0x630 .\CortexM3\ARM_GCC_484\Debug\cymetadata.o
                0x80000000                cy_meta_configecc

.cycustnvl      0x90000000        0x4
 *(.cycustnvl)
 .cycustnvl     0x90000000        0x4 .\CortexM3\ARM_GCC_484\Debug\cymetadata.o
                0x90000000                cy_meta_custnvl

.cywolatch      0x90100000        0x4
 *(.cywolatch)
 .cywolatch     0x90100000        0x4 .\CortexM3\ARM_GCC_484\Debug\cymetadata.o
                0x90100000                cy_meta_wonvl

.cyeeprom       0x90200000        0x0
 *(.cyeeprom)
                0x00000001                ASSERT ((. <= ((0x90200000 + ee_offset) + ee_size)), .cyeeprom data will not fit in EEPROM)

.cyflashprotect
                0x90400000      0x100
 *(.cyflashprotect)
 .cyflashprotect
                0x90400000      0x100 .\CortexM3\ARM_GCC_484\Debug\cymetadata.o
                0x90400000                cy_meta_flashprotect

.cymeta         0x90500000        0xc
 *(.cymeta)
 .cymeta        0x90500000        0xc .\CortexM3\ARM_GCC_484\Debug\cymetadata.o
                0x90500000                cy_metadata

.rel.dyn        0x000073d0        0x0 load address 0x9050000c
 .rel.iplt      0x00000000        0x0 c:/program files (x86)/cypress/psoc creator/3.2/psoc creator/import/gnu/arm/4.8.4/bin/../lib/gcc/arm-none-eabi/4.8.4/armv7-m/crtbegin.o

.stab
 *(.stab)

.stabstr
 *(.stabstr)

.debug
 *(.debug)

.line
 *(.line)

.debug_srcinfo
 *(.debug_srcinfo)

.debug_sfnames
 *(.debug_sfnames)

.debug_aranges  0x00000000     0x15e8
 *(.debug_aranges)
 .debug_aranges
                0x00000000       0x48 .\CortexM3\ARM_GCC_484\Debug\main.o
 .debug_aranges
                0x00000048       0x28 .\CortexM3\ARM_GCC_484\Debug\removeOffsetNoise.o
 .debug_aranges
                0x00000070       0x20 .\CortexM3\ARM_GCC_484\Debug\measurement.o
 .debug_aranges
                0x00000090       0x28 .\CortexM3\ARM_GCC_484\Debug\ComputerCommunication.o
 .debug_aranges
                0x000000b8       0x30 .\CortexM3\ARM_GCC_484\Debug\memory.o
 .debug_aranges
                0x000000e8       0xa8 .\CortexM3\ARM_GCC_484\Debug\PeltierCalibration.o
 .debug_aranges
                0x00000190       0x38 .\CortexM3\ARM_GCC_484\Debug\CAN_Communication.o
 .debug_aranges
                0x000001c8       0x28 .\CortexM3\ARM_GCC_484\Debug\turbido.o
 .debug_aranges
                0x000001f0       0x28 .\CortexM3\ARM_GCC_484\Debug\TAC_Submodule.o
 .debug_aranges
                0x00000218       0x18 .\CortexM3\ARM_GCC_484\Debug\cymetadata.o
 .debug_aranges
                0x00000230       0x48 .\CortexM3\ARM_GCC_484\Debug\Cm3Start.o
 .debug_aranges
                0x00000278       0x78 .\CortexM3\ARM_GCC_484\Debug\TAC_PSOC5.a(cyfitter_cfg.o)
 .debug_aranges
                0x000002f0       0xb0 .\CortexM3\ARM_GCC_484\Debug\TAC_PSOC5.a(UART.o)
 .debug_aranges
                0x000003a0       0xb0 .\CortexM3\ARM_GCC_484\Debug\TAC_PSOC5.a(UART_cdc.o)
 .debug_aranges
                0x00000450       0x98 .\CortexM3\ARM_GCC_484\Debug\TAC_PSOC5.a(UART_drv.o)
 .debug_aranges
                0x000004e8       0x40 .\CortexM3\ARM_GCC_484\Debug\TAC_PSOC5.a(UART_episr.o)
 .debug_aranges
                0x00000528       0x78 .\CortexM3\ARM_GCC_484\Debug\TAC_PSOC5.a(UART_std.o)
 .debug_aranges
                0x000005a0       0x20 .\CortexM3\ARM_GCC_484\Debug\TAC_PSOC5.a(UART_vnd.o)
 .debug_aranges
                0x000005c0       0x28 .\CortexM3\ARM_GCC_484\Debug\TAC_PSOC5.a(Thermistor_1.o)
 .debug_aranges
                0x000005e8       0x88 .\CortexM3\ARM_GCC_484\Debug\TAC_PSOC5.a(Timer_1.o)
 .debug_aranges
                0x00000670       0x38 .\CortexM3\ARM_GCC_484\Debug\TAC_PSOC5.a(LED.o)
 .debug_aranges
                0x000006a8       0x38 .\CortexM3\ARM_GCC_484\Debug\TAC_PSOC5.a(AMux.o)
 .debug_aranges
                0x000006e0       0xa8 .\CortexM3\ARM_GCC_484\Debug\TAC_PSOC5.a(ADC.o)
 .debug_aranges
                0x00000788       0x20 .\CortexM3\ARM_GCC_484\Debug\TAC_PSOC5.a(ADC_INT.o)
 .debug_aranges
                0x000007a8       0x80 .\CortexM3\ARM_GCC_484\Debug\TAC_PSOC5.a(timer1_ISR.o)
 .debug_aranges
                0x00000828       0x70 .\CortexM3\ARM_GCC_484\Debug\TAC_PSOC5.a(ADC_theACLK.o)
 .debug_aranges
                0x00000898       0x20 .\CortexM3\ARM_GCC_484\Debug\TAC_PSOC5.a(CyBootAsmGnu.o)
 .debug_aranges
                0x000008b8      0x290 .\CortexM3\ARM_GCC_484\Debug\TAC_PSOC5.a(CyLib.o)
 .debug_aranges
                0x00000b48       0x90 .\CortexM3\ARM_GCC_484\Debug\TAC_PSOC5.a(cyPm.o)
 .debug_aranges
                0x00000bd8       0x30 .\CortexM3\ARM_GCC_484\Debug\TAC_PSOC5.a(Em_EEPROM.o)
 .debug_aranges
                0x00000c08       0x38 .\CortexM3\ARM_GCC_484\Debug\TAC_PSOC5.a(Blue_LED.o)
 .debug_aranges
                0x00000c40       0xc8 .\CortexM3\ARM_GCC_484\Debug\TAC_PSOC5.a(CAN_1.o)
 .debug_aranges
                0x00000d08       0x30 .\CortexM3\ARM_GCC_484\Debug\TAC_PSOC5.a(CAN_1_INT.o)
 .debug_aranges
                0x00000d38       0x38 .\CortexM3\ARM_GCC_484\Debug\TAC_PSOC5.a(CAN_1_TX_RX_func.o)
 .debug_aranges
                0x00000d70       0x98 .\CortexM3\ARM_GCC_484\Debug\TAC_PSOC5.a(pwmAgitator_1.o)
 .debug_aranges
                0x00000e08       0x98 .\CortexM3\ARM_GCC_484\Debug\TAC_PSOC5.a(pwmFan_1.o)
 .debug_aranges
                0x00000ea0       0x98 .\CortexM3\ARM_GCC_484\Debug\TAC_PSOC5.a(pwmAgitator_2.o)
 .debug_aranges
                0x00000f38       0x98 .\CortexM3\ARM_GCC_484\Debug\TAC_PSOC5.a(pwmFan_2.o)
 .debug_aranges
                0x00000fd0       0x38 .\CortexM3\ARM_GCC_484\Debug\TAC_PSOC5.a(outputAgitator2_Enable.o)
 .debug_aranges
                0x00001008       0x38 .\CortexM3\ARM_GCC_484\Debug\TAC_PSOC5.a(outputAgitator1_Enable.o)
 .debug_aranges
                0x00001040       0x38 .\CortexM3\ARM_GCC_484\Debug\TAC_PSOC5.a(fanPeltier2_Enable.o)
 .debug_aranges
                0x00001078       0x38 .\CortexM3\ARM_GCC_484\Debug\TAC_PSOC5.a(fanPeltier1_Enable.o)
 .debug_aranges
                0x000010b0       0x28 .\CortexM3\ARM_GCC_484\Debug\TAC_PSOC5.a(Peltier_Enable.o)
 .debug_aranges
                0x000010d8       0x98 .\CortexM3\ARM_GCC_484\Debug\TAC_PSOC5.a(Peltier1_PWM_Ctrl.o)
 .debug_aranges
                0x00001170       0x98 .\CortexM3\ARM_GCC_484\Debug\TAC_PSOC5.a(Peltier2_PWM_Ctrl.o)
 .debug_aranges
                0x00001208       0x28 .\CortexM3\ARM_GCC_484\Debug\TAC_PSOC5.a(Peltier1_Ctrl.o)
 .debug_aranges
                0x00001230       0x28 .\CortexM3\ARM_GCC_484\Debug\TAC_PSOC5.a(Peltier2_Ctrl.o)
 .debug_aranges
                0x00001258       0x38 .\CortexM3\ARM_GCC_484\Debug\TAC_PSOC5.a(CAN_Standby.o)
 .debug_aranges
                0x00001290       0x70 .\CortexM3\ARM_GCC_484\Debug\TAC_PSOC5.a(ClockTurbido.o)
 .debug_aranges
                0x00001300       0x80 .\CortexM3\ARM_GCC_484\Debug\TAC_PSOC5.a(TurbidoISR.o)
 .debug_aranges
                0x00001380       0x98 .\CortexM3\ARM_GCC_484\Debug\TAC_PSOC5.a(ADC_TURBIDO.o)
 .debug_aranges
                0x00001418       0x20 .\CortexM3\ARM_GCC_484\Debug\TAC_PSOC5.a(ADC_TURBIDO_INT.o)
 .debug_aranges
                0x00001438       0x80 .\CortexM3\ARM_GCC_484\Debug\TAC_PSOC5.a(ADC_TURBIDO_theACLK.o)
 .debug_aranges
                0x000014b8       0x20 .\CortexM3\ARM_GCC_484\Debug\TAC_PSOC5.a(UART_cls.o)
 .debug_aranges
                0x000014d8       0x18 .\CortexM3\ARM_GCC_484\Debug\TAC_PSOC5.a(UART_descr.o)
 .debug_aranges
                0x000014f0       0x80 .\CortexM3\ARM_GCC_484\Debug\TAC_PSOC5.a(CyFlash.o)
 .debug_aranges
                0x00001570       0x78 .\CortexM3\ARM_GCC_484\Debug\TAC_PSOC5.a(CySpc.o)

.debug_pubnames
 *(.debug_pubnames)

.debug_info     0x00000000     0xa91a
 *(.debug_info .gnu.linkonce.wi.*)
 .debug_info    0x00000000      0x892 .\CortexM3\ARM_GCC_484\Debug\main.o
 .debug_info    0x00000892      0x159 .\CortexM3\ARM_GCC_484\Debug\removeOffsetNoise.o
 .debug_info    0x000009eb      0x10d .\CortexM3\ARM_GCC_484\Debug\measurement.o
 .debug_info    0x00000af8       0xf6 .\CortexM3\ARM_GCC_484\Debug\ComputerCommunication.o
 .debug_info    0x00000bee      0x1d8 .\CortexM3\ARM_GCC_484\Debug\memory.o
 .debug_info    0x00000dc6      0xac6 .\CortexM3\ARM_GCC_484\Debug\PeltierCalibration.o
 .debug_info    0x0000188c      0x2bd .\CortexM3\ARM_GCC_484\Debug\CAN_Communication.o
 .debug_info    0x00001b49      0x135 .\CortexM3\ARM_GCC_484\Debug\turbido.o
 .debug_info    0x00001c7e      0x383 .\CortexM3\ARM_GCC_484\Debug\TAC_Submodule.o
 .debug_info    0x00002001      0x13c .\CortexM3\ARM_GCC_484\Debug\cymetadata.o
 .debug_info    0x0000213d      0x323 .\CortexM3\ARM_GCC_484\Debug\Cm3Start.o
 .debug_info    0x00002460      0x4a8 .\CortexM3\ARM_GCC_484\Debug\TAC_PSOC5.a(cyfitter_cfg.o)
 .debug_info    0x00002908      0x5d1 .\CortexM3\ARM_GCC_484\Debug\TAC_PSOC5.a(UART.o)
 .debug_info    0x00002ed9      0x56f .\CortexM3\ARM_GCC_484\Debug\TAC_PSOC5.a(UART_cdc.o)
 .debug_info    0x00003448      0x4ed .\CortexM3\ARM_GCC_484\Debug\TAC_PSOC5.a(UART_drv.o)
 .debug_info    0x00003935      0x1a6 .\CortexM3\ARM_GCC_484\Debug\TAC_PSOC5.a(UART_episr.o)
 .debug_info    0x00003adb      0x7bb .\CortexM3\ARM_GCC_484\Debug\TAC_PSOC5.a(UART_std.o)
 .debug_info    0x00004296      0x177 .\CortexM3\ARM_GCC_484\Debug\TAC_PSOC5.a(UART_vnd.o)
 .debug_info    0x0000440d      0x171 .\CortexM3\ARM_GCC_484\Debug\TAC_PSOC5.a(Thermistor_1.o)
 .debug_info    0x0000457e      0x23c .\CortexM3\ARM_GCC_484\Debug\TAC_PSOC5.a(Timer_1.o)
 .debug_info    0x000047ba      0x11d .\CortexM3\ARM_GCC_484\Debug\TAC_PSOC5.a(LED.o)
 .debug_info    0x000048d7      0x11a .\CortexM3\ARM_GCC_484\Debug\TAC_PSOC5.a(AMux.o)
 .debug_info    0x000049f1      0x47f .\CortexM3\ARM_GCC_484\Debug\TAC_PSOC5.a(ADC.o)
 .debug_info    0x00004e70       0x92 .\CortexM3\ARM_GCC_484\Debug\TAC_PSOC5.a(ADC_INT.o)
 .debug_info    0x00004f02      0x236 .\CortexM3\ARM_GCC_484\Debug\TAC_PSOC5.a(timer1_ISR.o)
 .debug_info    0x00005138      0x25b .\CortexM3\ARM_GCC_484\Debug\TAC_PSOC5.a(ADC_theACLK.o)
 .debug_info    0x00005393       0x89 .\CortexM3\ARM_GCC_484\Debug\TAC_PSOC5.a(CyBootAsmGnu.o)
 .debug_info    0x0000541c      0xd85 .\CortexM3\ARM_GCC_484\Debug\TAC_PSOC5.a(CyLib.o)
 .debug_info    0x000061a1      0x536 .\CortexM3\ARM_GCC_484\Debug\TAC_PSOC5.a(cyPm.o)
 .debug_info    0x000066d7      0x1d6 .\CortexM3\ARM_GCC_484\Debug\TAC_PSOC5.a(Em_EEPROM.o)
 .debug_info    0x000068ad      0x11d .\CortexM3\ARM_GCC_484\Debug\TAC_PSOC5.a(Blue_LED.o)
 .debug_info    0x000069ca      0x77e .\CortexM3\ARM_GCC_484\Debug\TAC_PSOC5.a(CAN_1.o)
 .debug_info    0x00007148      0x1eb .\CortexM3\ARM_GCC_484\Debug\TAC_PSOC5.a(CAN_1_INT.o)
 .debug_info    0x00007333      0x69e .\CortexM3\ARM_GCC_484\Debug\TAC_PSOC5.a(CAN_1_TX_RX_func.o)
 .debug_info    0x000079d1      0x282 .\CortexM3\ARM_GCC_484\Debug\TAC_PSOC5.a(pwmAgitator_1.o)
 .debug_info    0x00007c53      0x282 .\CortexM3\ARM_GCC_484\Debug\TAC_PSOC5.a(pwmFan_1.o)
 .debug_info    0x00007ed5      0x282 .\CortexM3\ARM_GCC_484\Debug\TAC_PSOC5.a(pwmAgitator_2.o)
 .debug_info    0x00008157      0x282 .\CortexM3\ARM_GCC_484\Debug\TAC_PSOC5.a(pwmFan_2.o)
 .debug_info    0x000083d9      0x11d .\CortexM3\ARM_GCC_484\Debug\TAC_PSOC5.a(outputAgitator2_Enable.o)
 .debug_info    0x000084f6      0x11d .\CortexM3\ARM_GCC_484\Debug\TAC_PSOC5.a(outputAgitator1_Enable.o)
 .debug_info    0x00008613      0x11d .\CortexM3\ARM_GCC_484\Debug\TAC_PSOC5.a(fanPeltier2_Enable.o)
 .debug_info    0x00008730      0x11d .\CortexM3\ARM_GCC_484\Debug\TAC_PSOC5.a(fanPeltier1_Enable.o)
 .debug_info    0x0000884d       0xd6 .\CortexM3\ARM_GCC_484\Debug\TAC_PSOC5.a(Peltier_Enable.o)
 .debug_info    0x00008923      0x282 .\CortexM3\ARM_GCC_484\Debug\TAC_PSOC5.a(Peltier1_PWM_Ctrl.o)
 .debug_info    0x00008ba5      0x282 .\CortexM3\ARM_GCC_484\Debug\TAC_PSOC5.a(Peltier2_PWM_Ctrl.o)
 .debug_info    0x00008e27       0xd6 .\CortexM3\ARM_GCC_484\Debug\TAC_PSOC5.a(Peltier1_Ctrl.o)
 .debug_info    0x00008efd       0xd6 .\CortexM3\ARM_GCC_484\Debug\TAC_PSOC5.a(Peltier2_Ctrl.o)
 .debug_info    0x00008fd3      0x11d .\CortexM3\ARM_GCC_484\Debug\TAC_PSOC5.a(CAN_Standby.o)
 .debug_info    0x000090f0      0x25b .\CortexM3\ARM_GCC_484\Debug\TAC_PSOC5.a(ClockTurbido.o)
 .debug_info    0x0000934b      0x236 .\CortexM3\ARM_GCC_484\Debug\TAC_PSOC5.a(TurbidoISR.o)
 .debug_info    0x00009581      0x44c .\CortexM3\ARM_GCC_484\Debug\TAC_PSOC5.a(ADC_TURBIDO.o)
 .debug_info    0x000099cd       0x92 .\CortexM3\ARM_GCC_484\Debug\TAC_PSOC5.a(ADC_TURBIDO_INT.o)
 .debug_info    0x00009a5f      0x297 .\CortexM3\ARM_GCC_484\Debug\TAC_PSOC5.a(ADC_TURBIDO_theACLK.o)
 .debug_info    0x00009cf6      0x19b .\CortexM3\ARM_GCC_484\Debug\TAC_PSOC5.a(UART_cls.o)
 .debug_info    0x00009e91      0x2c9 .\CortexM3\ARM_GCC_484\Debug\TAC_PSOC5.a(UART_descr.o)
 .debug_info    0x0000a15a      0x36a .\CortexM3\ARM_GCC_484\Debug\TAC_PSOC5.a(CyFlash.o)
 .debug_info    0x0000a4c4      0x456 .\CortexM3\ARM_GCC_484\Debug\TAC_PSOC5.a(CySpc.o)

.debug_abbrev   0x00000000     0x3aa7
 *(.debug_abbrev)
 .debug_abbrev  0x00000000      0x1c1 .\CortexM3\ARM_GCC_484\Debug\main.o
 .debug_abbrev  0x000001c1       0xb7 .\CortexM3\ARM_GCC_484\Debug\removeOffsetNoise.o
 .debug_abbrev  0x00000278       0x96 .\CortexM3\ARM_GCC_484\Debug\measurement.o
 .debug_abbrev  0x0000030e       0x90 .\CortexM3\ARM_GCC_484\Debug\ComputerCommunication.o
 .debug_abbrev  0x0000039e       0xd0 .\CortexM3\ARM_GCC_484\Debug\memory.o
 .debug_abbrev  0x0000046e      0x232 .\CortexM3\ARM_GCC_484\Debug\PeltierCalibration.o
 .debug_abbrev  0x000006a0       0xfc .\CortexM3\ARM_GCC_484\Debug\CAN_Communication.o
 .debug_abbrev  0x0000079c       0xa5 .\CortexM3\ARM_GCC_484\Debug\turbido.o
 .debug_abbrev  0x00000841       0xeb .\CortexM3\ARM_GCC_484\Debug\TAC_Submodule.o
 .debug_abbrev  0x0000092c       0x77 .\CortexM3\ARM_GCC_484\Debug\cymetadata.o
 .debug_abbrev  0x000009a3      0x1c5 .\CortexM3\ARM_GCC_484\Debug\Cm3Start.o
 .debug_abbrev  0x00000b68      0x1b0 .\CortexM3\ARM_GCC_484\Debug\TAC_PSOC5.a(cyfitter_cfg.o)
 .debug_abbrev  0x00000d18      0x1bf .\CortexM3\ARM_GCC_484\Debug\TAC_PSOC5.a(UART.o)
 .debug_abbrev  0x00000ed7      0x1db .\CortexM3\ARM_GCC_484\Debug\TAC_PSOC5.a(UART_cdc.o)
 .debug_abbrev  0x000010b2      0x179 .\CortexM3\ARM_GCC_484\Debug\TAC_PSOC5.a(UART_drv.o)
 .debug_abbrev  0x0000122b       0xd2 .\CortexM3\ARM_GCC_484\Debug\TAC_PSOC5.a(UART_episr.o)
 .debug_abbrev  0x000012fd      0x1ac .\CortexM3\ARM_GCC_484\Debug\TAC_PSOC5.a(UART_std.o)
 .debug_abbrev  0x000014a9       0xc5 .\CortexM3\ARM_GCC_484\Debug\TAC_PSOC5.a(UART_vnd.o)
 .debug_abbrev  0x0000156e       0x8b .\CortexM3\ARM_GCC_484\Debug\TAC_PSOC5.a(Thermistor_1.o)
 .debug_abbrev  0x000015f9       0xf6 .\CortexM3\ARM_GCC_484\Debug\TAC_PSOC5.a(Timer_1.o)
 .debug_abbrev  0x000016ef       0x9d .\CortexM3\ARM_GCC_484\Debug\TAC_PSOC5.a(LED.o)
 .debug_abbrev  0x0000178c       0x87 .\CortexM3\ARM_GCC_484\Debug\TAC_PSOC5.a(AMux.o)
 .debug_abbrev  0x00001813      0x180 .\CortexM3\ARM_GCC_484\Debug\TAC_PSOC5.a(ADC.o)
 .debug_abbrev  0x00001993       0x42 .\CortexM3\ARM_GCC_484\Debug\TAC_PSOC5.a(ADC_INT.o)
 .debug_abbrev  0x000019d5      0x156 .\CortexM3\ARM_GCC_484\Debug\TAC_PSOC5.a(timer1_ISR.o)
 .debug_abbrev  0x00001b2b      0x12a .\CortexM3\ARM_GCC_484\Debug\TAC_PSOC5.a(ADC_theACLK.o)
 .debug_abbrev  0x00001c55       0x14 .\CortexM3\ARM_GCC_484\Debug\TAC_PSOC5.a(CyBootAsmGnu.o)
 .debug_abbrev  0x00001c69      0x217 .\CortexM3\ARM_GCC_484\Debug\TAC_PSOC5.a(CyLib.o)
 .debug_abbrev  0x00001e80      0x16e .\CortexM3\ARM_GCC_484\Debug\TAC_PSOC5.a(cyPm.o)
 .debug_abbrev  0x00001fee       0xde .\CortexM3\ARM_GCC_484\Debug\TAC_PSOC5.a(Em_EEPROM.o)
 .debug_abbrev  0x000020cc       0x9d .\CortexM3\ARM_GCC_484\Debug\TAC_PSOC5.a(Blue_LED.o)
 .debug_abbrev  0x00002169      0x153 .\CortexM3\ARM_GCC_484\Debug\TAC_PSOC5.a(CAN_1.o)
 .debug_abbrev  0x000022bc       0xba .\CortexM3\ARM_GCC_484\Debug\TAC_PSOC5.a(CAN_1_INT.o)
 .debug_abbrev  0x00002376      0x1ae .\CortexM3\ARM_GCC_484\Debug\TAC_PSOC5.a(CAN_1_TX_RX_func.o)
 .debug_abbrev  0x00002524      0x13b .\CortexM3\ARM_GCC_484\Debug\TAC_PSOC5.a(pwmAgitator_1.o)
 .debug_abbrev  0x0000265f      0x13b .\CortexM3\ARM_GCC_484\Debug\TAC_PSOC5.a(pwmFan_1.o)
 .debug_abbrev  0x0000279a      0x13b .\CortexM3\ARM_GCC_484\Debug\TAC_PSOC5.a(pwmAgitator_2.o)
 .debug_abbrev  0x000028d5      0x13b .\CortexM3\ARM_GCC_484\Debug\TAC_PSOC5.a(pwmFan_2.o)
 .debug_abbrev  0x00002a10       0x9d .\CortexM3\ARM_GCC_484\Debug\TAC_PSOC5.a(outputAgitator2_Enable.o)
 .debug_abbrev  0x00002aad       0x9d .\CortexM3\ARM_GCC_484\Debug\TAC_PSOC5.a(outputAgitator1_Enable.o)
 .debug_abbrev  0x00002b4a       0x9d .\CortexM3\ARM_GCC_484\Debug\TAC_PSOC5.a(fanPeltier2_Enable.o)
 .debug_abbrev  0x00002be7       0x9d .\CortexM3\ARM_GCC_484\Debug\TAC_PSOC5.a(fanPeltier1_Enable.o)
 .debug_abbrev  0x00002c84       0x8e .\CortexM3\ARM_GCC_484\Debug\TAC_PSOC5.a(Peltier_Enable.o)
 .debug_abbrev  0x00002d12      0x13b .\CortexM3\ARM_GCC_484\Debug\TAC_PSOC5.a(Peltier1_PWM_Ctrl.o)
 .debug_abbrev  0x00002e4d      0x13b .\CortexM3\ARM_GCC_484\Debug\TAC_PSOC5.a(Peltier2_PWM_Ctrl.o)
 .debug_abbrev  0x00002f88       0x8e .\CortexM3\ARM_GCC_484\Debug\TAC_PSOC5.a(Peltier1_Ctrl.o)
 .debug_abbrev  0x00003016       0x8e .\CortexM3\ARM_GCC_484\Debug\TAC_PSOC5.a(Peltier2_Ctrl.o)
 .debug_abbrev  0x000030a4       0x9d .\CortexM3\ARM_GCC_484\Debug\TAC_PSOC5.a(CAN_Standby.o)
 .debug_abbrev  0x00003141      0x12a .\CortexM3\ARM_GCC_484\Debug\TAC_PSOC5.a(ClockTurbido.o)
 .debug_abbrev  0x0000326b      0x156 .\CortexM3\ARM_GCC_484\Debug\TAC_PSOC5.a(TurbidoISR.o)
 .debug_abbrev  0x000033c1      0x168 .\CortexM3\ARM_GCC_484\Debug\TAC_PSOC5.a(ADC_TURBIDO.o)
 .debug_abbrev  0x00003529       0x42 .\CortexM3\ARM_GCC_484\Debug\TAC_PSOC5.a(ADC_TURBIDO_INT.o)
 .debug_abbrev  0x0000356b      0x12a .\CortexM3\ARM_GCC_484\Debug\TAC_PSOC5.a(ADC_TURBIDO_theACLK.o)
 .debug_abbrev  0x00003695       0xc5 .\CortexM3\ARM_GCC_484\Debug\TAC_PSOC5.a(UART_cls.o)
 .debug_abbrev  0x0000375a       0xa7 .\CortexM3\ARM_GCC_484\Debug\TAC_PSOC5.a(UART_descr.o)
 .debug_abbrev  0x00003801      0x12d .\CortexM3\ARM_GCC_484\Debug\TAC_PSOC5.a(CyFlash.o)
 .debug_abbrev  0x0000392e      0x179 .\CortexM3\ARM_GCC_484\Debug\TAC_PSOC5.a(CySpc.o)

.debug_line     0x00000000     0x59f3
 *(.debug_line)
 .debug_line    0x00000000      0x294 .\CortexM3\ARM_GCC_484\Debug\main.o
 .debug_line    0x00000294      0x195 .\CortexM3\ARM_GCC_484\Debug\removeOffsetNoise.o
 .debug_line    0x00000429      0x172 .\CortexM3\ARM_GCC_484\Debug\measurement.o
 .debug_line    0x0000059b      0x194 .\CortexM3\ARM_GCC_484\Debug\ComputerCommunication.o
 .debug_line    0x0000072f      0x18c .\CortexM3\ARM_GCC_484\Debug\memory.o
 .debug_line    0x000008bb      0x4ff .\CortexM3\ARM_GCC_484\Debug\PeltierCalibration.o
 .debug_line    0x00000dba      0x1e5 .\CortexM3\ARM_GCC_484\Debug\CAN_Communication.o
 .debug_line    0x00000f9f       0x61 .\CortexM3\ARM_GCC_484\Debug\turbido.o
 .debug_line    0x00001000      0x1f4 .\CortexM3\ARM_GCC_484\Debug\TAC_Submodule.o
 .debug_line    0x000011f4       0x53 .\CortexM3\ARM_GCC_484\Debug\cymetadata.o
 .debug_line    0x00001247      0x1cd .\CortexM3\ARM_GCC_484\Debug\Cm3Start.o
 .debug_line    0x00001414      0x23f .\CortexM3\ARM_GCC_484\Debug\TAC_PSOC5.a(cyfitter_cfg.o)
 .debug_line    0x00001653      0x2ae .\CortexM3\ARM_GCC_484\Debug\TAC_PSOC5.a(UART.o)
 .debug_line    0x00001901      0x22f .\CortexM3\ARM_GCC_484\Debug\TAC_PSOC5.a(UART_cdc.o)
 .debug_line    0x00001b30      0x217 .\CortexM3\ARM_GCC_484\Debug\TAC_PSOC5.a(UART_drv.o)
 .debug_line    0x00001d47       0xdb .\CortexM3\ARM_GCC_484\Debug\TAC_PSOC5.a(UART_episr.o)
 .debug_line    0x00001e22      0x3f6 .\CortexM3\ARM_GCC_484\Debug\TAC_PSOC5.a(UART_std.o)
 .debug_line    0x00002218       0x88 .\CortexM3\ARM_GCC_484\Debug\TAC_PSOC5.a(UART_vnd.o)
 .debug_line    0x000022a0       0x8e .\CortexM3\ARM_GCC_484\Debug\TAC_PSOC5.a(Thermistor_1.o)
 .debug_line    0x0000232e      0x161 .\CortexM3\ARM_GCC_484\Debug\TAC_PSOC5.a(Timer_1.o)
 .debug_line    0x0000248f       0x94 .\CortexM3\ARM_GCC_484\Debug\TAC_PSOC5.a(LED.o)
 .debug_line    0x00002523       0xb6 .\CortexM3\ARM_GCC_484\Debug\TAC_PSOC5.a(AMux.o)
 .debug_line    0x000025d9      0x204 .\CortexM3\ARM_GCC_484\Debug\TAC_PSOC5.a(ADC.o)
 .debug_line    0x000027dd       0x55 .\CortexM3\ARM_GCC_484\Debug\TAC_PSOC5.a(ADC_INT.o)
 .debug_line    0x00002832      0x16c .\CortexM3\ARM_GCC_484\Debug\TAC_PSOC5.a(timer1_ISR.o)
 .debug_line    0x0000299e      0x1ba .\CortexM3\ARM_GCC_484\Debug\TAC_PSOC5.a(ADC_theACLK.o)
 .debug_line    0x00002b58       0x68 .\CortexM3\ARM_GCC_484\Debug\TAC_PSOC5.a(CyBootAsmGnu.o)
 .debug_line    0x00002bc0      0x839 .\CortexM3\ARM_GCC_484\Debug\TAC_PSOC5.a(CyLib.o)
 .debug_line    0x000033f9      0x366 .\CortexM3\ARM_GCC_484\Debug\TAC_PSOC5.a(cyPm.o)
 .debug_line    0x0000375f       0xcb .\CortexM3\ARM_GCC_484\Debug\TAC_PSOC5.a(Em_EEPROM.o)
 .debug_line    0x0000382a       0x99 .\CortexM3\ARM_GCC_484\Debug\TAC_PSOC5.a(Blue_LED.o)
 .debug_line    0x000038c3      0x349 .\CortexM3\ARM_GCC_484\Debug\TAC_PSOC5.a(CAN_1.o)
 .debug_line    0x00003c0c       0xb8 .\CortexM3\ARM_GCC_484\Debug\TAC_PSOC5.a(CAN_1_INT.o)
 .debug_line    0x00003cc4      0x2d0 .\CortexM3\ARM_GCC_484\Debug\TAC_PSOC5.a(CAN_1_TX_RX_func.o)
 .debug_line    0x00003f94      0x194 .\CortexM3\ARM_GCC_484\Debug\TAC_PSOC5.a(pwmAgitator_1.o)
 .debug_line    0x00004128      0x18f .\CortexM3\ARM_GCC_484\Debug\TAC_PSOC5.a(pwmFan_1.o)
 .debug_line    0x000042b7      0x194 .\CortexM3\ARM_GCC_484\Debug\TAC_PSOC5.a(pwmAgitator_2.o)
 .debug_line    0x0000444b      0x18f .\CortexM3\ARM_GCC_484\Debug\TAC_PSOC5.a(pwmFan_2.o)
 .debug_line    0x000045da       0xa7 .\CortexM3\ARM_GCC_484\Debug\TAC_PSOC5.a(outputAgitator2_Enable.o)
 .debug_line    0x00004681       0xa7 .\CortexM3\ARM_GCC_484\Debug\TAC_PSOC5.a(outputAgitator1_Enable.o)
 .debug_line    0x00004728       0xa3 .\CortexM3\ARM_GCC_484\Debug\TAC_PSOC5.a(fanPeltier2_Enable.o)
 .debug_line    0x000047cb       0xa3 .\CortexM3\ARM_GCC_484\Debug\TAC_PSOC5.a(fanPeltier1_Enable.o)
 .debug_line    0x0000486e       0x79 .\CortexM3\ARM_GCC_484\Debug\TAC_PSOC5.a(Peltier_Enable.o)
 .debug_line    0x000048e7      0x198 .\CortexM3\ARM_GCC_484\Debug\TAC_PSOC5.a(Peltier1_PWM_Ctrl.o)
 .debug_line    0x00004a7f      0x198 .\CortexM3\ARM_GCC_484\Debug\TAC_PSOC5.a(Peltier2_PWM_Ctrl.o)
 .debug_line    0x00004c17       0x78 .\CortexM3\ARM_GCC_484\Debug\TAC_PSOC5.a(Peltier1_Ctrl.o)
 .debug_line    0x00004c8f       0x78 .\CortexM3\ARM_GCC_484\Debug\TAC_PSOC5.a(Peltier2_Ctrl.o)
 .debug_line    0x00004d07       0x9c .\CortexM3\ARM_GCC_484\Debug\TAC_PSOC5.a(CAN_Standby.o)
 .debug_line    0x00004da3      0x1bb .\CortexM3\ARM_GCC_484\Debug\TAC_PSOC5.a(ClockTurbido.o)
 .debug_line    0x00004f5e      0x15c .\CortexM3\ARM_GCC_484\Debug\TAC_PSOC5.a(TurbidoISR.o)
 .debug_line    0x000050ba      0x1e4 .\CortexM3\ARM_GCC_484\Debug\TAC_PSOC5.a(ADC_TURBIDO.o)
 .debug_line    0x0000529e       0x5d .\CortexM3\ARM_GCC_484\Debug\TAC_PSOC5.a(ADC_TURBIDO_INT.o)
 .debug_line    0x000052fb      0x1e6 .\CortexM3\ARM_GCC_484\Debug\TAC_PSOC5.a(ADC_TURBIDO_theACLK.o)
 .debug_line    0x000054e1       0x92 .\CortexM3\ARM_GCC_484\Debug\TAC_PSOC5.a(UART_cls.o)
 .debug_line    0x00005573       0x5d .\CortexM3\ARM_GCC_484\Debug\TAC_PSOC5.a(UART_descr.o)
 .debug_line    0x000055d0      0x217 .\CortexM3\ARM_GCC_484\Debug\TAC_PSOC5.a(CyFlash.o)
 .debug_line    0x000057e7      0x20c .\CortexM3\ARM_GCC_484\Debug\TAC_PSOC5.a(CySpc.o)

.debug_frame    0x00000000     0x438c
 *(.debug_frame)
 .debug_frame   0x00000000       0xc4 .\CortexM3\ARM_GCC_484\Debug\main.o
 .debug_frame   0x000000c4       0x4c .\CortexM3\ARM_GCC_484\Debug\removeOffsetNoise.o
 .debug_frame   0x00000110       0x30 .\CortexM3\ARM_GCC_484\Debug\measurement.o
 .debug_frame   0x00000140       0x48 .\CortexM3\ARM_GCC_484\Debug\ComputerCommunication.o
 .debug_frame   0x00000188       0x6c .\CortexM3\ARM_GCC_484\Debug\memory.o
 .debug_frame   0x000001f4      0x240 .\CortexM3\ARM_GCC_484\Debug\PeltierCalibration.o
 .debug_frame   0x00000434       0x90 .\CortexM3\ARM_GCC_484\Debug\CAN_Communication.o
 .debug_frame   0x000004c4       0x54 .\CortexM3\ARM_GCC_484\Debug\turbido.o
 .debug_frame   0x00000518       0x4c .\CortexM3\ARM_GCC_484\Debug\TAC_Submodule.o
 .debug_frame   0x00000564       0xc4 .\CortexM3\ARM_GCC_484\Debug\Cm3Start.o
 .debug_frame   0x00000628      0x174 .\CortexM3\ARM_GCC_484\Debug\TAC_PSOC5.a(cyfitter_cfg.o)
 .debug_frame   0x0000079c      0x238 .\CortexM3\ARM_GCC_484\Debug\TAC_PSOC5.a(UART.o)
 .debug_frame   0x000009d4      0x248 .\CortexM3\ARM_GCC_484\Debug\TAC_PSOC5.a(UART_cdc.o)
 .debug_frame   0x00000c1c      0x1e0 .\CortexM3\ARM_GCC_484\Debug\TAC_PSOC5.a(UART_drv.o)
 .debug_frame   0x00000dfc       0x9c .\CortexM3\ARM_GCC_484\Debug\TAC_PSOC5.a(UART_episr.o)
 .debug_frame   0x00000e98      0x180 .\CortexM3\ARM_GCC_484\Debug\TAC_PSOC5.a(UART_std.o)
 .debug_frame   0x00001018       0x30 .\CortexM3\ARM_GCC_484\Debug\TAC_PSOC5.a(UART_vnd.o)
 .debug_frame   0x00001048       0x54 .\CortexM3\ARM_GCC_484\Debug\TAC_PSOC5.a(Thermistor_1.o)
 .debug_frame   0x0000109c      0x198 .\CortexM3\ARM_GCC_484\Debug\TAC_PSOC5.a(Timer_1.o)
 .debug_frame   0x00001234       0x80 .\CortexM3\ARM_GCC_484\Debug\TAC_PSOC5.a(LED.o)
 .debug_frame   0x000012b4       0x8c .\CortexM3\ARM_GCC_484\Debug\TAC_PSOC5.a(AMux.o)
 .debug_frame   0x00001340      0x230 .\CortexM3\ARM_GCC_484\Debug\TAC_PSOC5.a(ADC.o)
 .debug_frame   0x00001570       0x2c .\CortexM3\ARM_GCC_484\Debug\TAC_PSOC5.a(ADC_INT.o)
 .debug_frame   0x0000159c      0x180 .\CortexM3\ARM_GCC_484\Debug\TAC_PSOC5.a(timer1_ISR.o)
 .debug_frame   0x0000171c      0x14c .\CortexM3\ARM_GCC_484\Debug\TAC_PSOC5.a(ADC_theACLK.o)
 .debug_frame   0x00001868      0x924 .\CortexM3\ARM_GCC_484\Debug\TAC_PSOC5.a(CyLib.o)
 .debug_frame   0x0000218c      0x1d0 .\CortexM3\ARM_GCC_484\Debug\TAC_PSOC5.a(cyPm.o)
 .debug_frame   0x0000235c       0x68 .\CortexM3\ARM_GCC_484\Debug\TAC_PSOC5.a(Em_EEPROM.o)
 .debug_frame   0x000023c4       0x80 .\CortexM3\ARM_GCC_484\Debug\TAC_PSOC5.a(Blue_LED.o)
 .debug_frame   0x00002444      0x28c .\CortexM3\ARM_GCC_484\Debug\TAC_PSOC5.a(CAN_1.o)
 .debug_frame   0x000026d0       0x68 .\CortexM3\ARM_GCC_484\Debug\TAC_PSOC5.a(CAN_1_INT.o)
 .debug_frame   0x00002738       0x84 .\CortexM3\ARM_GCC_484\Debug\TAC_PSOC5.a(CAN_1_TX_RX_func.o)
 .debug_frame   0x000027bc      0x1d4 .\CortexM3\ARM_GCC_484\Debug\TAC_PSOC5.a(pwmAgitator_1.o)
 .debug_frame   0x00002990      0x1d4 .\CortexM3\ARM_GCC_484\Debug\TAC_PSOC5.a(pwmFan_1.o)
 .debug_frame   0x00002b64      0x1d4 .\CortexM3\ARM_GCC_484\Debug\TAC_PSOC5.a(pwmAgitator_2.o)
 .debug_frame   0x00002d38      0x1d4 .\CortexM3\ARM_GCC_484\Debug\TAC_PSOC5.a(pwmFan_2.o)
 .debug_frame   0x00002f0c       0x80 .\CortexM3\ARM_GCC_484\Debug\TAC_PSOC5.a(outputAgitator2_Enable.o)
 .debug_frame   0x00002f8c       0x80 .\CortexM3\ARM_GCC_484\Debug\TAC_PSOC5.a(outputAgitator1_Enable.o)
 .debug_frame   0x0000300c       0x80 .\CortexM3\ARM_GCC_484\Debug\TAC_PSOC5.a(fanPeltier2_Enable.o)
 .debug_frame   0x0000308c       0x80 .\CortexM3\ARM_GCC_484\Debug\TAC_PSOC5.a(fanPeltier1_Enable.o)
 .debug_frame   0x0000310c       0x48 .\CortexM3\ARM_GCC_484\Debug\TAC_PSOC5.a(Peltier_Enable.o)
 .debug_frame   0x00003154      0x1d4 .\CortexM3\ARM_GCC_484\Debug\TAC_PSOC5.a(Peltier1_PWM_Ctrl.o)
 .debug_frame   0x00003328      0x1d4 .\CortexM3\ARM_GCC_484\Debug\TAC_PSOC5.a(Peltier2_PWM_Ctrl.o)
 .debug_frame   0x000034fc       0x48 .\CortexM3\ARM_GCC_484\Debug\TAC_PSOC5.a(Peltier1_Ctrl.o)
 .debug_frame   0x00003544       0x48 .\CortexM3\ARM_GCC_484\Debug\TAC_PSOC5.a(Peltier2_Ctrl.o)
 .debug_frame   0x0000358c       0x80 .\CortexM3\ARM_GCC_484\Debug\TAC_PSOC5.a(CAN_Standby.o)
 .debug_frame   0x0000360c      0x14c .\CortexM3\ARM_GCC_484\Debug\TAC_PSOC5.a(ClockTurbido.o)
 .debug_frame   0x00003758      0x180 .\CortexM3\ARM_GCC_484\Debug\TAC_PSOC5.a(TurbidoISR.o)
 .debug_frame   0x000038d8      0x1f8 .\CortexM3\ARM_GCC_484\Debug\TAC_PSOC5.a(ADC_TURBIDO.o)
 .debug_frame   0x00003ad0       0x2c .\CortexM3\ARM_GCC_484\Debug\TAC_PSOC5.a(ADC_TURBIDO_INT.o)
 .debug_frame   0x00003afc      0x184 .\CortexM3\ARM_GCC_484\Debug\TAC_PSOC5.a(ADC_TURBIDO_theACLK.o)
 .debug_frame   0x00003c80       0x30 .\CortexM3\ARM_GCC_484\Debug\TAC_PSOC5.a(UART_cls.o)
 .debug_frame   0x00003cb0      0x1a8 .\CortexM3\ARM_GCC_484\Debug\TAC_PSOC5.a(CyFlash.o)
 .debug_frame   0x00003e58      0x174 .\CortexM3\ARM_GCC_484\Debug\TAC_PSOC5.a(CySpc.o)
 .debug_frame   0x00003fcc       0x34 c:/program files (x86)/cypress/psoc creator/3.2/psoc creator/import/gnu/arm/4.8.4/bin/../lib/gcc/arm-none-eabi/4.8.4/../../../../arm-none-eabi/lib/armv7-m\libm.a(lib_a-w_log.o)
 .debug_frame   0x00004000       0x38 c:/program files (x86)/cypress/psoc creator/3.2/psoc creator/import/gnu/arm/4.8.4/bin/../lib/gcc/arm-none-eabi/4.8.4/../../../../arm-none-eabi/lib/armv7-m\libm.a(lib_a-w_pow.o)