Archive member included because of file (symbol)

.\CortexM3\ARM_GCC_493\Debug\MC1_5_PSOC5.a(cyfitter_cfg.o)
                              .\CortexM3\ARM_GCC_493\Debug\Cm3Start.o (cyfitter_cfg)
.\CortexM3\ARM_GCC_493\Debug\MC1_5_PSOC5.a(Thermistor_1.o)
                              .\CortexM3\ARM_GCC_493\Debug\Termistor.o (Thermistor_1_GetResistance)
.\CortexM3\ARM_GCC_493\Debug\MC1_5_PSOC5.a(ADC.o)
                              .\CortexM3\ARM_GCC_493\Debug\main.o (ADC_Start)
.\CortexM3\ARM_GCC_493\Debug\MC1_5_PSOC5.a(ADC_INT.o)
                              .\CortexM3\ARM_GCC_493\Debug\MC1_5_PSOC5.a(ADC.o) (ADC_ISR1)
.\CortexM3\ARM_GCC_493\Debug\MC1_5_PSOC5.a(ADC_theACLK.o)
                              .\CortexM3\ARM_GCC_493\Debug\MC1_5_PSOC5.a(ADC.o) (ADC_theACLK_SetDividerRegister)
.\CortexM3\ARM_GCC_493\Debug\MC1_5_PSOC5.a(CyBootAsmGnu.o)
                              .\CortexM3\ARM_GCC_493\Debug\MC1_5_PSOC5.a(cyfitter_cfg.o) (CyDelayCycles)
.\CortexM3\ARM_GCC_493\Debug\MC1_5_PSOC5.a(CyLib.o)
                              .\CortexM3\ARM_GCC_493\Debug\Cm3Start.o (CyResetStatus)
.\CortexM3\ARM_GCC_493\Debug\MC1_5_PSOC5.a(cyPm.o)
                              .\CortexM3\ARM_GCC_493\Debug\MC1_5_PSOC5.a(CyLib.o) (CyPmReadStatus)
.\CortexM3\ARM_GCC_493\Debug\MC1_5_PSOC5.a(EEPROM.o)
                              .\CortexM3\ARM_GCC_493\Debug\memory.o (EEPROM_Start)
.\CortexM3\ARM_GCC_493\Debug\MC1_5_PSOC5.a(CAN_1.o)
                              .\CortexM3\ARM_GCC_493\Debug\main.o (CAN_1_GlobalIntEnable)
.\CortexM3\ARM_GCC_493\Debug\MC1_5_PSOC5.a(CAN_1_INT.o)
                              .\CortexM3\ARM_GCC_493\Debug\MC1_5_PSOC5.a(CAN_1.o) (CAN_1_ISR)
.\CortexM3\ARM_GCC_493\Debug\MC1_5_PSOC5.a(CAN_1_TX_RX_func.o)
                              .\CortexM3\ARM_GCC_493\Debug\CAN_Communication.o (CAN_1_SendMsg)
.\CortexM3\ARM_GCC_493\Debug\MC1_5_PSOC5.a(pwmFan_1.o)
                              .\CortexM3\ARM_GCC_493\Debug\main.o (pwmFan_1_Start)
.\CortexM3\ARM_GCC_493\Debug\MC1_5_PSOC5.a(pwmFan_2.o)
                              .\CortexM3\ARM_GCC_493\Debug\main.o (pwmFan_2_Start)
.\CortexM3\ARM_GCC_493\Debug\MC1_5_PSOC5.a(fanPeltier2_Enable.o)
                              .\CortexM3\ARM_GCC_493\Debug\FanControler.o (fanPeltier2_Enable_Write)
.\CortexM3\ARM_GCC_493\Debug\MC1_5_PSOC5.a(fanPeltier1_Enable.o)
                              .\CortexM3\ARM_GCC_493\Debug\FanControler.o (fanPeltier1_Enable_Write)
.\CortexM3\ARM_GCC_493\Debug\MC1_5_PSOC5.a(Peltier_Enable.o)
                              .\CortexM3\ARM_GCC_493\Debug\PeltierControler.o (Peltier_Enable_Write)
.\CortexM3\ARM_GCC_493\Debug\MC1_5_PSOC5.a(Peltier1_PWM_Ctrl.o)
                              .\CortexM3\ARM_GCC_493\Debug\main.o (Peltier1_PWM_Ctrl_Start)
.\CortexM3\ARM_GCC_493\Debug\MC1_5_PSOC5.a(Peltier2_PWM_Ctrl.o)
                              .\CortexM3\ARM_GCC_493\Debug\main.o (Peltier2_PWM_Ctrl_Start)
.\CortexM3\ARM_GCC_493\Debug\MC1_5_PSOC5.a(Peltier1_Ctrl.o)
                              .\CortexM3\ARM_GCC_493\Debug\PeltierControler.o (Peltier1_Ctrl_Write)
.\CortexM3\ARM_GCC_493\Debug\MC1_5_PSOC5.a(Peltier2_Ctrl.o)
                              .\CortexM3\ARM_GCC_493\Debug\PeltierControler.o (Peltier2_Ctrl_Write)
.\CortexM3\ARM_GCC_493\Debug\MC1_5_PSOC5.a(CAN_Standby.o)
                              .\CortexM3\ARM_GCC_493\Debug\main.o (CAN_Standby_Write)
.\CortexM3\ARM_GCC_493\Debug\MC1_5_PSOC5.a(ADC_Ext_CP_Clk.o)
                              .\CortexM3\ARM_GCC_493\Debug\MC1_5_PSOC5.a(ADC.o) (ADC_Ext_CP_Clk_SetDividerRegister)
.\CortexM3\ARM_GCC_493\Debug\MC1_5_PSOC5.a(ADC_AMux.o)
                              .\CortexM3\ARM_GCC_493\Debug\MC1_5_PSOC5.a(ADC.o) (ADC_AMux_Select)
.\CortexM3\ARM_GCC_493\Debug\MC1_5_PSOC5.a(TimerPID.o)
                              .\CortexM3\ARM_GCC_493\Debug\main.o (TimerPID_Start)
.\CortexM3\ARM_GCC_493\Debug\MC1_5_PSOC5.a(isr_pid.o)
                              .\CortexM3\ARM_GCC_493\Debug\main.o (isr_pid_StartEx)
.\CortexM3\ARM_GCC_493\Debug\MC1_5_PSOC5.a(pwmStepper_1.o)
                              .\CortexM3\ARM_GCC_493\Debug\Stepper.o (pwmStepper_1_Start)
.\CortexM3\ARM_GCC_493\Debug\MC1_5_PSOC5.a(pwmStepper_2.o)
                              .\CortexM3\ARM_GCC_493\Debug\Stepper.o (pwmStepper_2_Start)
.\CortexM3\ARM_GCC_493\Debug\MC1_5_PSOC5.a(Stepper2_Enable.o)
                              .\CortexM3\ARM_GCC_493\Debug\Stepper.o (Stepper2_Enable_Write)
.\CortexM3\ARM_GCC_493\Debug\MC1_5_PSOC5.a(Stepper1_Enable.o)
                              .\CortexM3\ARM_GCC_493\Debug\Stepper.o (Stepper1_Enable_Write)
.\CortexM3\ARM_GCC_493\Debug\MC1_5_PSOC5.a(Stepper2_Step_SizeB2.o)
                              .\CortexM3\ARM_GCC_493\Debug\Stepper.o (Stepper2_Step_SizeB2_Write)
.\CortexM3\ARM_GCC_493\Debug\MC1_5_PSOC5.a(Stepper2_Step_SizeA2.o)
                              .\CortexM3\ARM_GCC_493\Debug\Stepper.o (Stepper2_Step_SizeA2_Write)
.\CortexM3\ARM_GCC_493\Debug\MC1_5_PSOC5.a(Stepper1_Dir.o)
[...]
Memory Configuration

Name             Origin             Length             Attributes
rom              0x00000000         0x00040000         xr
ram              0x1fff8000         0x00010000         xrw
*default*        0x00000000         0xffffffff

Linker script and memory map

LOAD c:/program files (x86)/cypress/psoc creator/3.3/psoc creator/import/gnu/arm/4.9.3/bin/../lib/gcc/arm-none-eabi/4.9.3/armv7-m/crti.o
LOAD c:/program files (x86)/cypress/psoc creator/3.3/psoc creator/import/gnu/arm/4.9.3/bin/../lib/gcc/arm-none-eabi/4.9.3/armv7-m/crtbegin.o
LOAD c:/program files (x86)/cypress/psoc creator/3.3/psoc creator/import/gnu/arm/4.9.3/bin/../lib/gcc/arm-none-eabi/4.9.3/../../../../arm-none-eabi/lib/armv7-m/crt0.o
START GROUP
LOAD .\CortexM3\ARM_GCC_493\Debug\main.o
LOAD .\CortexM3\ARM_GCC_493\Debug\removeOffsetNoise.o
LOAD .\CortexM3\ARM_GCC_493\Debug\ComputerCommunication.o
LOAD .\CortexM3\ARM_GCC_493\Debug\memory.o
LOAD .\CortexM3\ARM_GCC_493\Debug\CAN_Communication.o
LOAD .\CortexM3\ARM_GCC_493\Debug\Termistor.o
LOAD .\CortexM3\ARM_GCC_493\Debug\PIDControler.o
LOAD .\CortexM3\ARM_GCC_493\Debug\FanControler.o
LOAD .\CortexM3\ARM_GCC_493\Debug\PeltierControler.o
LOAD .\CortexM3\ARM_GCC_493\Debug\Stepper.o
LOAD .\CortexM3\ARM_GCC_493\Debug\MagnetisationController.o
LOAD .\CortexM3\ARM_GCC_493\Debug\cymetadata.o
LOAD .\CortexM3\ARM_GCC_493\Debug\Cm3Start.o
LOAD .\CortexM3\ARM_GCC_493\Debug\MC1_5_PSOC5.a
LOAD C:\Program Files (x86)\Cypress\PSoC Creator\3.3\PSoC Creator\psoc\content\cycomponentlibrary\CyComponentLibrary.cylib\CortexM3\ARM_GCC_493\Debug\CyComponentLibrary.a
LOAD c:/program files (x86)/cypress/psoc creator/3.3/psoc creator/import/gnu/arm/4.9.3/bin/../lib/gcc/arm-none-eabi/4.9.3/../../../../arm-none-eabi/lib/armv7-m\libm.a
END GROUP
START GROUP
LOAD c:/program files (x86)/cypress/psoc creator/3.3/psoc creator/import/gnu/arm/4.9.3/bin/../lib/gcc/arm-none-eabi/4.9.3/armv7-m\libgcc.a
LOAD c:/program files (x86)/cypress/psoc creator/3.3/psoc creator/import/gnu/arm/4.9.3/bin/../lib/gcc/arm-none-eabi/4.9.3/../../../../arm-none-eabi/lib/armv7-m\libg_nano.a
LOAD c:/program files (x86)/cypress/psoc creator/3.3/psoc creator/import/gnu/arm/4.9.3/bin/../lib/gcc/arm-none-eabi/4.9.3/../../../../arm-none-eabi/lib/armv7-m\libc_nano.a
END GROUP
START GROUP
LOAD c:/program files (x86)/cypress/psoc creator/3.3/psoc creator/import/gnu/arm/4.9.3/bin/../lib/gcc/arm-none-eabi/4.9.3/armv7-m\libgcc.a
LOAD c:/program files (x86)/cypress/psoc creator/3.3/psoc creator/import/gnu/arm/4.9.3/bin/../lib/gcc/arm-none-eabi/4.9.3/../../../../arm-none-eabi/lib/armv7-m\libc_nano.a
END GROUP
LOAD c:/program files (x86)/cypress/psoc creator/3.3/psoc creator/import/gnu/arm/4.9.3/bin/../lib/gcc/arm-none-eabi/4.9.3/armv7-m/crtend.o
LOAD c:/program files (x86)/cypress/psoc creator/3.3/psoc creator/import/gnu/arm/4.9.3/bin/../lib/gcc/arm-none-eabi/4.9.3/armv7-m/crtn.o
START GROUP
LOAD c:/program files (x86)/cypress/psoc creator/3.3/psoc creator/import/gnu/arm/4.9.3/bin/../lib/gcc/arm-none-eabi/4.9.3/armv7-m\libgcc.a
LOAD c:/program files (x86)/cypress/psoc creator/3.3/psoc creator/import/gnu/arm/4.9.3/bin/../lib/gcc/arm-none-eabi/4.9.3/../../../../arm-none-eabi/lib/armv7-m\libc.a
LOAD c:/program files (x86)/cypress/psoc creator/3.3/psoc creator/import/gnu/arm/4.9.3/bin/../lib/gcc/arm-none-eabi/4.9.3/../../../../arm-none-eabi/lib/armv7-m\libnosys.a
END GROUP
                0x00000000                CY_APPL_ORIGIN = 0x0
                0x00000100                CY_FLASH_ROW_SIZE = 0x100
                0x00000020                CY_ECC_ROW_SIZE = 0x20
                0x00000000                CY_EE_IN_BTLDR = 0x0
                0x00000000                CY_APPL_LOADABLE = 0x0
                0x00000800                CY_EE_SIZE = 0x800
                0x00000001                CY_APPL_NUM = 0x1
                0x00000001                CY_APPL_MAX = 0x1
                0x00000040                CY_METADATA_SIZE = 0x40
                0x1fff8570                PROVIDE (__cy_heap_start, _end)
                0x00000001                PROVIDE (__cy_region_num, ((__cy_regions_end - __cy_regions) / 0x10))
                0x20008000                PROVIDE (__cy_stack, (ORIGIN (ram) + 0x10000))
                0x20007800                PROVIDE (__cy_heap_end, (__cy_stack - 0x800))

.cybootloader   0x00000000        0x0
 *(.cybootloader)
                0x00000000                appl1_start = CY_APPL_ORIGIN?CY_APPL_ORIGIN:ALIGN (CY_FLASH_ROW_SIZE)
                0x0001ff00                appl2_start = (appl1_start + ALIGN ((((0x40000 - appl1_start) - (0x2 * CY_FLASH_ROW_SIZE)) / 0x2), CY_FLASH_ROW_SIZE))
                0x00000000                appl_start = (CY_APPL_NUM == 0x1)?appl1_start:appl2_start
                0x00000000                ecc_offset = ((appl_start / CY_FLASH_ROW_SIZE) * CY_ECC_ROW_SIZE)
                0x00000000                ee_offset = (CY_APPL_LOADABLE && ! (CY_EE_IN_BTLDR))?((CY_EE_SIZE / CY_APPL_MAX) * (CY_APPL_NUM - 0x1)):0x0
                0x00000800                ee_size = (CY_APPL_LOADABLE && ! (CY_EE_IN_BTLDR))?(CY_EE_SIZE / CY_APPL_MAX):CY_EE_SIZE
                0x00000000                PROVIDE (CY_ECC_OFFSET, ecc_offset)

.text           0x00000000     0x771a
 CREATE_OBJECT_SYMBOLS
                0x00000000                PROVIDE (__cy_interrupt_vector, RomVectors)
 *(.romvectors)
 .romvectors    0x00000000       0x10 .\CortexM3\ARM_GCC_493\Debug\Cm3Start.o
                0x00000000                RomVectors
                0x00000001                ASSERT ((. != __cy_interrupt_vector), No interrupt vector)
                0x00000001                ASSERT (CY_APPL_ORIGIN?(SIZEOF (.cybootloader) <= CY_APPL_ORIGIN):0x1, Wrong image location)
                0x00000010                PROVIDE (__cy_reset, Reset)
 *(.text.Reset)
 .text.Reset    0x00000010       0x18 .\CortexM3\ARM_GCC_493\Debug\Cm3Start.o
                0x00000010                Reset
                0x00000001                ASSERT ((. != __cy_reset), No reset code)
 *(.dma_init)
                0x00000001                ASSERT ((((appl_start + .) <= 0x10000) || 0x1), DMA Init must be within the first 64k of flash)
 *(.text .text.* .gnu.linkonce.t.*)
 .text          0x00000028       0x5c c:/program files (x86)/cypress/psoc creator/3.3/psoc creator/import/gnu/arm/4.9.3/bin/../lib/gcc/arm-none-eabi/4.9.3/armv7-m/crtbegin.o
 .text.pidInterruptHandler
                0x00000084       0x20 .\CortexM3\ARM_GCC_493\Debug\main.o
                0x00000084                pidInterruptHandler
 .text.Stepper1InterruptHandler
                0x000000a4        0xc .\CortexM3\ARM_GCC_493\Debug\main.o
                0x000000a4                Stepper1InterruptHandler
 .text.Stepper2InterruptHandler
                0x000000b0        0xc .\CortexM3\ARM_GCC_493\Debug\main.o
                0x000000b0                Stepper2InterruptHandler
 .text.initTimerPID
                0x000000bc       0x14 .\CortexM3\ARM_GCC_493\Debug\main.o
                0x000000bc                initTimerPID
 .text.initCAN  0x000000d0       0x14 .\CortexM3\ARM_GCC_493\Debug\main.o
                0x000000d0                initCAN
 .text.main     0x000000e4       0x5c .\CortexM3\ARM_GCC_493\Debug\main.o
                0x000000e4                main
 .text.initmc1_5Module
                0x00000140      0x10c .\CortexM3\ARM_GCC_493\Debug\main.o
                0x00000140                initmc1_5Module
 .text.treatMessage
                0x0000024c      0x548 .\CortexM3\ARM_GCC_493\Debug\main.o
                0x0000024c                treatMessage
 .text.sendTemperatureToCAN
                0x00000794       0x60 .\CortexM3\ARM_GCC_493\Debug\ComputerCommunication.o
                0x00000794                sendTemperatureToCAN
 .text.sendDataToCAN
                0x000007f4       0x60 .\CortexM3\ARM_GCC_493\Debug\ComputerCommunication.o
                0x000007f4                sendDataToCAN
 .text.sendDataToCAN2
                0x00000854       0x60 .\CortexM3\ARM_GCC_493\Debug\ComputerCommunication.o
                0x00000854                sendDataToCAN2
 .text.sendFloatToCAN
                0x000008b4       0x70 .\CortexM3\ARM_GCC_493\Debug\ComputerCommunication.o
                0x000008b4                sendFloatToCAN
 .text.init_eeprom
                0x00000924       0x14 .\CortexM3\ARM_GCC_493\Debug\memory.o
                0x00000924                init_eeprom
 .text.savePIDToEEPROM
                0x00000938       0x4c .\CortexM3\ARM_GCC_493\Debug\memory.o
                0x00000938                savePIDToEEPROM
 .text.loadPIDFromEEPROM
                0x00000984       0x58 .\CortexM3\ARM_GCC_493\Debug\memory.o
                0x00000984                loadPIDFromEEPROM
 .text.saveTemperatureLimitHighToEEPROM
                0x000009dc       0x34 .\CortexM3\ARM_GCC_493\Debug\memory.o
                0x000009dc                saveTemperatureLimitHighToEEPROM
 .text.loadTemperatureLimitHighFromEEPROM
                0x00000a10       0x2c .\CortexM3\ARM_GCC_493\Debug\memory.o
                0x00000a10                loadTemperatureLimitHighFromEEPROM
 .text.saveTemperatureLimitLowToEEPROM
                0x00000a3c       0x34 .\CortexM3\ARM_GCC_493\Debug\memory.o
                0x00000a3c                saveTemperatureLimitLowToEEPROM
 .text.saveTargetTemperatureToEEPROM
                0x00000a70       0x34 .\CortexM3\ARM_GCC_493\Debug\memory.o
                0x00000a70                saveTargetTemperatureToEEPROM
 .text.loadTargetTemperatureFromEEPROM
                0x00000aa4       0x2c .\CortexM3\ARM_GCC_493\Debug\memory.o
                0x00000aa4                loadTargetTemperatureFromEEPROM
 .text.saveStepperPositionToEEPROM
                0x00000ad0       0x2c .\CortexM3\ARM_GCC_493\Debug\memory.o
                0x00000ad0                saveStepperPositionToEEPROM
 .text.loadStepperPositionFromEEPROM
                0x00000afc       0x2c .\CortexM3\ARM_GCC_493\Debug\memory.o
                0x00000afc                loadStepperPositionFromEEPROM
 .text.saveUINT16
                0x00000b28       0x40 .\CortexM3\ARM_GCC_493\Debug\memory.o
                0x00000b28                saveUINT16
 .text.loadUINT16
                0x00000b68       0x40 .\CortexM3\ARM_GCC_493\Debug\memory.o
                0x00000b68                loadUINT16
 .text.saveFLOAT
                0x00000ba8       0x48 .\CortexM3\ARM_GCC_493\Debug\memory.o
                0x00000ba8                saveFLOAT
 .text.loadFLOAT
                0x00000bf0       0x5c .\CortexM3\ARM_GCC_493\Debug\memory.o
                0x00000bf0                loadFLOAT
 .text.saveINT  0x00000c4c       0x64 .\CortexM3\ARM_GCC_493\Debug\memory.o
                0x00000c4c                saveINT
 .text.loadINT  0x00000cb0       0x6c .\CortexM3\ARM_GCC_493\Debug\memory.o
                0x00000cb0                loadINT
 .text.getReceivedMessage
                0x00000d1c       0x6c .\CortexM3\ARM_GCC_493\Debug\CAN_Communication.o
                0x00000d1c                getReceivedMessage
 .text.sendMessage
                0x00000d88       0x3c .\CortexM3\ARM_GCC_493\Debug\CAN_Communication.o
                0x00000d88                sendMessage
 .text.getThermistorTemp
                0x00000dc4       0x84 .\CortexM3\ARM_GCC_493\Debug\Termistor.o
                0x00000dc4                getThermistorTemp
 .text.updatePeltierOutput
                0x00000e48      0x3a8 .\CortexM3\ARM_GCC_493\Debug\PIDControler.o
                0x00000e48                updatePeltierOutput
 .text.applyCommand
                0x000011f0       0x90 .\CortexM3\ARM_GCC_493\Debug\PIDControler.o
                0x000011f0                applyCommand
 .text.resetPIDSumError
                0x00001280       0x20 .\CortexM3\ARM_GCC_493\Debug\PIDControler.o
                0x00001280                resetPIDSumError
 .text.changeFanSpeed
                0x000012a0       0x90 .\CortexM3\ARM_GCC_493\Debug\FanControler.o
                0x000012a0                changeFanSpeed
 .text.changeFanState
                0x00001330       0x54 .\CortexM3\ARM_GCC_493\Debug\FanControler.o
                0x00001330                changeFanState
 .text.changePeltierPWMValue
                0x00001384      0x10c .\CortexM3\ARM_GCC_493\Debug\PeltierControler.o
                0x00001384                changePeltierPWMValue
 .text.changePeltierModuleState
                0x00001490       0x6c .\CortexM3\ARM_GCC_493\Debug\PeltierControler.o
                0x00001490                changePeltierModuleState
 .text.changePeltierModuleCurrentDirection
                0x000014fc       0x58 .\CortexM3\ARM_GCC_493\Debug\PeltierControler.o
                0x000014fc                changePeltierModuleCurrentDirection
 .text.Move     0x00001554       0x50 .\CortexM3\ARM_GCC_493\Debug\Stepper.o
                0x00001554                Move
 .text.Stop     0x000015a4       0x30 .\CortexM3\ARM_GCC_493\Debug\Stepper.o
                0x000015a4                Stop
 .text.Enable_Allegro
                0x000015d4       0x2c .\CortexM3\ARM_GCC_493\Debug\Stepper.o
                0x000015d4                Enable_Allegro
 .text.Disable_Allegro
                0x00001600       0x2c .\CortexM3\ARM_GCC_493\Debug\Stepper.o
                0x00001600                Disable_Allegro
 .text.Set_DIR  0x0000162c       0x38 .\CortexM3\ARM_GCC_493\Debug\Stepper.o
                0x0000162c                Set_DIR
 .text.Set_StepSize
                0x00001664       0x20 .\CortexM3\ARM_GCC_493\Debug\Stepper.o
                0x00001664                Set_StepSize
 .text.updateMagnetisation
                0x00001684      0x158 .\CortexM3\ARM_GCC_493\Debug\MagnetisationController.o
                0x00001684                updateMagnetisation
 .text.changeMagnState
                0x000017dc       0x88 .\CortexM3\ARM_GCC_493\Debug\MagnetisationController.o
                0x000017dc                changeMagnState
 .text.initializeMagn
                0x00001864        0xc .\CortexM3\ARM_GCC_493\Debug\MagnetisationController.o
                0x00001864                initializeMagn
 .text.IntDefaultHandler
                0x00001870        0x8 .\CortexM3\ARM_GCC_493\Debug\Cm3Start.o
                0x00001870                IntDefaultHandler
 .text.Start_c  0x00001878       0x98 .\CortexM3\ARM_GCC_493\Debug\Cm3Start.o
                0x00001878                Start_c
 .text.initialize_psoc
                0x00001910       0x8c .\CortexM3\ARM_GCC_493\Debug\Cm3Start.o
                0x00001910                initialize_psoc
 .text.CYMEMZERO
                0x0000199c       0x1c .\CortexM3\ARM_GCC_493\Debug\MC1_5_PSOC5.a(cyfitter_cfg.o)
 .text.CYCONFIGCPY
                0x000019b8       0x1c .\CortexM3\ARM_GCC_493\Debug\MC1_5_PSOC5.a(cyfitter_cfg.o)
 .text.cfg_write_bytes32
                0x000019d4       0x74 .\CortexM3\ARM_GCC_493\Debug\MC1_5_PSOC5.a(cyfitter_cfg.o)
 .text.ClockSetup
                0x00001a48      0x14c .\CortexM3\ARM_GCC_493\Debug\MC1_5_PSOC5.a(cyfitter_cfg.o)
 .text.AnalogSetDefault
                0x00001b94       0x60 .\CortexM3\ARM_GCC_493\Debug\MC1_5_PSOC5.a(cyfitter_cfg.o)
 .text.ADC_AMux_Set
                0x00001bf4       0x40 .\CortexM3\ARM_GCC_493\Debug\MC1_5_PSOC5.a(cyfitter_cfg.o)
                0x00001bf4                ADC_AMux_Set
 .text.ADC_AMux_Unset
                0x00001c34       0x44 .\CortexM3\ARM_GCC_493\Debug\MC1_5_PSOC5.a(cyfitter_cfg.o)
                0x00001c34                ADC_AMux_Unset
 .text.cyfitter_cfg
                0x00001c78      0x168 .\CortexM3\ARM_GCC_493\Debug\MC1_5_PSOC5.a(cyfitter_cfg.o)
                0x00001c78                cyfitter_cfg
 .text.Thermistor_1_GetResistance
                0x00001de0       0x6c .\CortexM3\ARM_GCC_493\Debug\MC1_5_PSOC5.a(Thermistor_1.o)
                0x00001de0                Thermistor_1_GetResistance
 *fill*         0x00001e4c        0x4 
 .text.Thermistor_1_GetTemperature
                0x00001e50      0x140 .\CortexM3\ARM_GCC_493\Debug\MC1_5_PSOC5.a(Thermistor_1.o)
                0x00001e50                Thermistor_1_GetTemperature
 .text.ADC_Init
                0x00001f90      0x158 .\CortexM3\ARM_GCC_493\Debug\MC1_5_PSOC5.a(ADC.o)
                0x00001f90                ADC_Init
 .text.ADC_Enable
                0x000020e8      0x158 .\CortexM3\ARM_GCC_493\Debug\MC1_5_PSOC5.a(ADC.o)
                0x000020e8                ADC_Enable
 .text.ADC_Start
                0x00002240       0x30 .\CortexM3\ARM_GCC_493\Debug\MC1_5_PSOC5.a(ADC.o)
                0x00002240                ADC_Start
 .text.ADC_StartConvert
                0x00002270       0x20 .\CortexM3\ARM_GCC_493\Debug\MC1_5_PSOC5.a(ADC.o)
                0x00002270                ADC_StartConvert
 .text.ADC_IsEndConversion
                0x00002290       0x50 .\CortexM3\ARM_GCC_493\Debug\MC1_5_PSOC5.a(ADC.o)
                0x00002290                ADC_IsEndConversion
 .text.ADC_GetResult32
                0x000022e0       0xa8 .\CortexM3\ARM_GCC_493\Debug\MC1_5_PSOC5.a(ADC.o)
                0x000022e0                ADC_GetResult32
 .text.ADC_CountsTo_mVolts
                0x00002388       0x40 .\CortexM3\ARM_GCC_493\Debug\MC1_5_PSOC5.a(ADC.o)
                0x00002388                ADC_CountsTo_mVolts
 .text.ADC_InitConfig
                0x000023c8      0x40c .\CortexM3\ARM_GCC_493\Debug\MC1_5_PSOC5.a(ADC.o)
 .text.ADC_GainCompensation
                0x000027d4      0x16c .\CortexM3\ARM_GCC_493\Debug\MC1_5_PSOC5.a(ADC.o)
 .text.ADC_SetDSMRef0Reg
                0x00002940       0x78 .\CortexM3\ARM_GCC_493\Debug\MC1_5_PSOC5.a(ADC.o)
 .text.ADC_ISR1
                0x000029b8        0xc .\CortexM3\ARM_GCC_493\Debug\MC1_5_PSOC5.a(ADC_INT.o)
                0x000029b8                ADC_ISR1
 .text.ADC_ISR2
                0x000029c4        0xc .\CortexM3\ARM_GCC_493\Debug\MC1_5_PSOC5.a(ADC_INT.o)
                0x000029c4                ADC_ISR2
 .text.ADC_ISR3
                0x000029d0        0xc .\CortexM3\ARM_GCC_493\Debug\MC1_5_PSOC5.a(ADC_INT.o)
                0x000029d0                ADC_ISR3
 .text.ADC_ISR4
                0x000029dc        0xc .\CortexM3\ARM_GCC_493\Debug\MC1_5_PSOC5.a(ADC_INT.o)
                0x000029dc                ADC_ISR4
 .text.ADC_theACLK_SetDividerRegister
                0x000029e8      0x160 .\CortexM3\ARM_GCC_493\Debug\MC1_5_PSOC5.a(ADC_theACLK.o)
                0x000029e8                ADC_theACLK_SetDividerRegister
 .text.ADC_theACLK_GetDividerRegister
                0x00002b48       0x18 .\CortexM3\ARM_GCC_493\Debug\MC1_5_PSOC5.a(ADC_theACLK.o)
                0x00002b48                ADC_theACLK_GetDividerRegister
 .text.ADC_theACLK_SetModeRegister
                0x00002b60       0x34 .\CortexM3\ARM_GCC_493\Debug\MC1_5_PSOC5.a(ADC_theACLK.o)
                0x00002b60                ADC_theACLK_SetModeRegister
 .text.ADC_theACLK_GetSourceRegister
                0x00002b94       0x20 .\CortexM3\ARM_GCC_493\Debug\MC1_5_PSOC5.a(ADC_theACLK.o)
                0x00002b94                ADC_theACLK_GetSourceRegister
 *fill*         0x00002bb4        0x4 
 .text          0x00002bb8       0x20 .\CortexM3\ARM_GCC_493\Debug\MC1_5_PSOC5.a(CyBootAsmGnu.o)
                0x00002bb8                CyDelayCycles
                0x00002bc8                CyEnterCriticalSection
                0x00002bd0                CyExitCriticalSection
 .text.CyHalt   0x00002bd8       0x18 .\CortexM3\ARM_GCC_493\Debug\MC1_5_PSOC5.a(CyLib.o)
                0x00002bd8                CyHalt
 .text.CyDelayUs
                0x00002bf0       0x24 .\CortexM3\ARM_GCC_493\Debug\MC1_5_PSOC5.a(CyLib.o)
                0x00002bf0                CyDelayUs
 .text.CyIntSetVector
                0x00002c14       0x50 .\CortexM3\ARM_GCC_493\Debug\MC1_5_PSOC5.a(CyLib.o)
                0x00002c14                CyIntSetVector
 .text.CyIntSetPriority
                0x00002c64       0x44 .\CortexM3\ARM_GCC_493\Debug\MC1_5_PSOC5.a(CyLib.o)
                0x00002c64                CyIntSetPriority
 .text.EEPROM_Enable
                0x00002ca8       0x10 .\CortexM3\ARM_GCC_493\Debug\MC1_5_PSOC5.a(EEPROM.o)
                0x00002ca8                EEPROM_Enable
 .text.EEPROM_Start
                0x00002cb8        0xc .\CortexM3\ARM_GCC_493\Debug\MC1_5_PSOC5.a(EEPROM.o)
                0x00002cb8                EEPROM_Start
 .text.EEPROM_WriteByte
                0x00002cc4      0x120 .\CortexM3\ARM_GCC_493\Debug\MC1_5_PSOC5.a(EEPROM.o)
                0x00002cc4                EEPROM_WriteByte
 .text.EEPROM_ReadByte
                0x00002de4       0x3c .\CortexM3\ARM_GCC_493\Debug\MC1_5_PSOC5.a(EEPROM.o)
                0x00002de4                EEPROM_ReadByte
 .text.EEPROM_UpdateTemperature
                0x00002e20       0x10 .\CortexM3\ARM_GCC_493\Debug\MC1_5_PSOC5.a(EEPROM.o)
                0x00002e20                EEPROM_UpdateTemperature
 .text.CAN_1_RxTxBuffersConfig
                0x00002e30       0x80 .\CortexM3\ARM_GCC_493\Debug\MC1_5_PSOC5.a(CAN_1.o)
                0x00002e30                CAN_1_RxTxBuffersConfig
 .text.CAN_1_Init
                0x00002eb0      0x128 .\CortexM3\ARM_GCC_493\Debug\MC1_5_PSOC5.a(CAN_1.o)
                0x00002eb0                CAN_1_Init
 .text.CAN_1_Enable
                0x00002fd8       0xa4 .\CortexM3\ARM_GCC_493\Debug\MC1_5_PSOC5.a(CAN_1.o)
                0x00002fd8                CAN_1_Enable
 .text.CAN_1_Start
                0x0000307c       0x3c .\CortexM3\ARM_GCC_493\Debug\MC1_5_PSOC5.a(CAN_1.o)
                0x0000307c                CAN_1_Start
 .text.CAN_1_Stop
                0x000030b8       0x94 .\CortexM3\ARM_GCC_493\Debug\MC1_5_PSOC5.a(CAN_1.o)
                0x000030b8                CAN_1_Stop
 .text.CAN_1_GlobalIntEnable
                0x0000314c       0x40 .\CortexM3\ARM_GCC_493\Debug\MC1_5_PSOC5.a(CAN_1.o)
                0x0000314c                CAN_1_GlobalIntEnable
 .text.CAN_1_GlobalIntDisable
                0x0000318c       0x40 .\CortexM3\ARM_GCC_493\Debug\MC1_5_PSOC5.a(CAN_1.o)
                0x0000318c                CAN_1_GlobalIntDisable
 .text.CAN_1_SetPreScaler
                0x000031cc       0x44 .\CortexM3\ARM_GCC_493\Debug\MC1_5_PSOC5.a(CAN_1.o)
                0x000031cc                CAN_1_SetPreScaler
 .text.CAN_1_SetArbiter
                0x00003210       0x6c .\CortexM3\ARM_GCC_493\Debug\MC1_5_PSOC5.a(CAN_1.o)
                0x00003210                CAN_1_SetArbiter
 .text.CAN_1_SetTsegSample
                0x0000327c       0xd4 .\CortexM3\ARM_GCC_493\Debug\MC1_5_PSOC5.a(CAN_1.o)
                0x0000327c                CAN_1_SetTsegSample
 .text.CAN_1_SetRestartType
                0x00003350       0x6c .\CortexM3\ARM_GCC_493\Debug\MC1_5_PSOC5.a(CAN_1.o)
                0x00003350                CAN_1_SetRestartType
 .text.CAN_1_SetEdgeMode
                0x000033bc       0x6c .\CortexM3\ARM_GCC_493\Debug\MC1_5_PSOC5.a(CAN_1.o)
                0x000033bc                CAN_1_SetEdgeMode
 .text.CAN_1_SetIrqMask
                0x00003428       0x38 .\CortexM3\ARM_GCC_493\Debug\MC1_5_PSOC5.a(CAN_1.o)
                0x00003428                CAN_1_SetIrqMask
 .text.CAN_1_RxBufConfig
                0x00003460       0xec .\CortexM3\ARM_GCC_493\Debug\MC1_5_PSOC5.a(CAN_1.o)
                0x00003460                CAN_1_RxBufConfig
 .text.CAN_1_TxBufConfig
                0x0000354c       0x88 .\CortexM3\ARM_GCC_493\Debug\MC1_5_PSOC5.a(CAN_1.o)
                0x0000354c                CAN_1_TxBufConfig
 .text.CAN_1_BusOffIsr
                0x000035d4       0x18 .\CortexM3\ARM_GCC_493\Debug\MC1_5_PSOC5.a(CAN_1_INT.o)
                0x000035d4                CAN_1_BusOffIsr
 .text.CAN_1_MsgRXIsr
                0x000035ec       0x84 .\CortexM3\ARM_GCC_493\Debug\MC1_5_PSOC5.a(CAN_1_INT.o)
                0x000035ec                CAN_1_MsgRXIsr
 .text.CAN_1_ISR
                0x00003670       0x30 .\CortexM3\ARM_GCC_493\Debug\MC1_5_PSOC5.a(CAN_1_INT.o)
                0x00003670                CAN_1_ISR
 .text.CAN_1_SendMsg
                0x000036a0      0x170 .\CortexM3\ARM_GCC_493\Debug\MC1_5_PSOC5.a(CAN_1_TX_RX_func.o)
                0x000036a0                CAN_1_SendMsg
 .text.CAN_1_ReceiveMsg
                0x00003810       0x48 .\CortexM3\ARM_GCC_493\Debug\MC1_5_PSOC5.a(CAN_1_TX_RX_func.o)
                0x00003810                CAN_1_ReceiveMsg
 .text.CAN_1_ReceiveMsg0
                0x00003858       0xf4 .\CortexM3\ARM_GCC_493\Debug\MC1_5_PSOC5.a(CAN_1_TX_RX_func.o)
                0x00003858                CAN_1_ReceiveMsg0
 .text.pwmFan_1_Start
                0x0000394c       0x20 .\CortexM3\ARM_GCC_493\Debug\MC1_5_PSOC5.a(pwmFan_1.o)
                0x0000394c                pwmFan_1_Start
 .text.pwmFan_1_Init
                0x0000396c       0x78 .\CortexM3\ARM_GCC_493\Debug\MC1_5_PSOC5.a(pwmFan_1.o)
                0x0000396c                pwmFan_1_Init
 .text.pwmFan_1_Enable
                0x000039e4       0x20 .\CortexM3\ARM_GCC_493\Debug\MC1_5_PSOC5.a(pwmFan_1.o)
                0x000039e4                pwmFan_1_Enable
 .text.pwmFan_1_WriteCounter
                0x00003a04       0x20 .\CortexM3\ARM_GCC_493\Debug\MC1_5_PSOC5.a(pwmFan_1.o)
                0x00003a04                pwmFan_1_WriteCounter
 .text.pwmFan_1_ClearFIFO
                0x00003a24       0x1c .\CortexM3\ARM_GCC_493\Debug\MC1_5_PSOC5.a(pwmFan_1.o)
                0x00003a24                pwmFan_1_ClearFIFO
 .text.pwmFan_1_WritePeriod
                0x00003a40       0x20 .\CortexM3\ARM_GCC_493\Debug\MC1_5_PSOC5.a(pwmFan_1.o)
                0x00003a40                pwmFan_1_WritePeriod
 .text.pwmFan_1_WriteCompare
                0x00003a60       0x20 .\CortexM3\ARM_GCC_493\Debug\MC1_5_PSOC5.a(pwmFan_1.o)
                0x00003a60                pwmFan_1_WriteCompare
 .text.pwmFan_1_SetInterruptMode
                0x00003a80       0x20 .\CortexM3\ARM_GCC_493\Debug\MC1_5_PSOC5.a(pwmFan_1.o)
                0x00003a80                pwmFan_1_SetInterruptMode
 .text.pwmFan_1_ReadStatusRegister
                0x00003aa0       0x18 .\CortexM3\ARM_GCC_493\Debug\MC1_5_PSOC5.a(pwmFan_1.o)
                0x00003aa0                pwmFan_1_ReadStatusRegister
 .text.pwmFan_1_ReadCapture
                0x00003ab8       0x18 .\CortexM3\ARM_GCC_493\Debug\MC1_5_PSOC5.a(pwmFan_1.o)
                0x00003ab8                pwmFan_1_ReadCapture
 .text.pwmFan_1_ReadPeriod
                0x00003ad0       0x18 .\CortexM3\ARM_GCC_493\Debug\MC1_5_PSOC5.a(pwmFan_1.o)
                0x00003ad0                pwmFan_1_ReadPeriod
 .text.pwmFan_2_Start
                0x00003ae8       0x20 .\CortexM3\ARM_GCC_493\Debug\MC1_5_PSOC5.a(pwmFan_2.o)
                0x00003ae8                pwmFan_2_Start
 .text.pwmFan_2_Init
                0x00003b08       0x78 .\CortexM3\ARM_GCC_493\Debug\MC1_5_PSOC5.a(pwmFan_2.o)
                0x00003b08                pwmFan_2_Init
 .text.pwmFan_2_Enable
                0x00003b80       0x20 .\CortexM3\ARM_GCC_493\Debug\MC1_5_PSOC5.a(pwmFan_2.o)
                0x00003b80                pwmFan_2_Enable
 .text.pwmFan_2_WriteCounter
                0x00003ba0       0x20 .\CortexM3\ARM_GCC_493\Debug\MC1_5_PSOC5.a(pwmFan_2.o)
                0x00003ba0                pwmFan_2_WriteCounter
 .text.pwmFan_2_ClearFIFO
                0x00003bc0       0x1c .\CortexM3\ARM_GCC_493\Debug\MC1_5_PSOC5.a(pwmFan_2.o)
                0x00003bc0                pwmFan_2_ClearFIFO
 .text.pwmFan_2_WritePeriod
                0x00003bdc       0x20 .\CortexM3\ARM_GCC_493\Debug\MC1_5_PSOC5.a(pwmFan_2.o)
                0x00003bdc                pwmFan_2_WritePeriod
 .text.pwmFan_2_WriteCompare
                0x00003bfc       0x20 .\CortexM3\ARM_GCC_493\Debug\MC1_5_PSOC5.a(pwmFan_2.o)
                0x00003bfc                pwmFan_2_WriteCompare
 .text.pwmFan_2_SetInterruptMode
                0x00003c1c       0x20 .\CortexM3\ARM_GCC_493\Debug\MC1_5_PSOC5.a(pwmFan_2.o)
                0x00003c1c                pwmFan_2_SetInterruptMode
 .text.pwmFan_2_ReadStatusRegister
                0x00003c3c       0x18 .\CortexM3\ARM_GCC_493\Debug\MC1_5_PSOC5.a(pwmFan_2.o)
                0x00003c3c                pwmFan_2_ReadStatusRegister
 .text.pwmFan_2_ReadCapture
                0x00003c54       0x18 .\CortexM3\ARM_GCC_493\Debug\MC1_5_PSOC5.a(pwmFan_2.o)
                0x00003c54                pwmFan_2_ReadCapture
 .text.pwmFan_2_ReadPeriod
                0x00003c6c       0x18 .\CortexM3\ARM_GCC_493\Debug\MC1_5_PSOC5.a(pwmFan_2.o)
                0x00003c6c                pwmFan_2_ReadPeriod
 .text.fanPeltier2_Enable_Write
                0x00003c84       0x34 .\CortexM3\ARM_GCC_493\Debug\MC1_5_PSOC5.a(fanPeltier2_Enable.o)
                0x00003c84                fanPeltier2_Enable_Write
 .text.fanPeltier1_Enable_Write
                0x00003cb8       0x38 .\CortexM3\ARM_GCC_493\Debug\MC1_5_PSOC5.a(fanPeltier1_Enable.o)
                0x00003cb8                fanPeltier1_Enable_Write
 .text.Peltier_Enable_Write
                0x00003cf0       0x20 .\CortexM3\ARM_GCC_493\Debug\MC1_5_PSOC5.a(Peltier_Enable.o)
                0x00003cf0                Peltier_Enable_Write
 .text.Peltier_Enable_Read
                0x00003d10       0x18 .\CortexM3\ARM_GCC_493\Debug\MC1_5_PSOC5.a(Peltier_Enable.o)
                0x00003d10                Peltier_Enable_Read
 .text.Peltier1_PWM_Ctrl_Start
                0x00003d28       0x20 .\CortexM3\ARM_GCC_493\Debug\MC1_5_PSOC5.a(Peltier1_PWM_Ctrl.o)
                0x00003d28                Peltier1_PWM_Ctrl_Start
 .text.Peltier1_PWM_Ctrl_Init
                0x00003d48       0x90 .\CortexM3\ARM_GCC_493\Debug\MC1_5_PSOC5.a(Peltier1_PWM_Ctrl.o)
                0x00003d48                Peltier1_PWM_Ctrl_Init
 .text.Peltier1_PWM_Ctrl_Enable
                0x00003dd8       0x20 .\CortexM3\ARM_GCC_493\Debug\MC1_5_PSOC5.a(Peltier1_PWM_Ctrl.o)
                0x00003dd8                Peltier1_PWM_Ctrl_Enable
 .text.Peltier1_PWM_Ctrl_WriteCounter
                0x00003df8       0x20 .\CortexM3\ARM_GCC_493\Debug\MC1_5_PSOC5.a(Peltier1_PWM_Ctrl.o)
                0x00003df8                Peltier1_PWM_Ctrl_WriteCounter
 .text.Peltier1_PWM_Ctrl_ClearFIFO
                0x00003e18       0x1c .\CortexM3\ARM_GCC_493\Debug\MC1_5_PSOC5.a(Peltier1_PWM_Ctrl.o)
                0x00003e18                Peltier1_PWM_Ctrl_ClearFIFO
 .text.Peltier1_PWM_Ctrl_WritePeriod
                0x00003e34       0x20 .\CortexM3\ARM_GCC_493\Debug\MC1_5_PSOC5.a(Peltier1_PWM_Ctrl.o)
                0x00003e34                Peltier1_PWM_Ctrl_WritePeriod
 .text.Peltier1_PWM_Ctrl_WriteCompare
                0x00003e54       0x20 .\CortexM3\ARM_GCC_493\Debug\MC1_5_PSOC5.a(Peltier1_PWM_Ctrl.o)
                0x00003e54                Peltier1_PWM_Ctrl_WriteCompare
 .text.Peltier1_PWM_Ctrl_SetInterruptMode
                0x00003e74       0x20 .\CortexM3\ARM_GCC_493\Debug\MC1_5_PSOC5.a(Peltier1_PWM_Ctrl.o)
                0x00003e74                Peltier1_PWM_Ctrl_SetInterruptMode
 .text.Peltier1_PWM_Ctrl_ReadStatusRegister
                0x00003e94       0x18 .\CortexM3\ARM_GCC_493\Debug\MC1_5_PSOC5.a(Peltier1_PWM_Ctrl.o)
                0x00003e94                Peltier1_PWM_Ctrl_ReadStatusRegister
 .text.Peltier1_PWM_Ctrl_ReadCapture
                0x00003eac       0x18 .\CortexM3\ARM_GCC_493\Debug\MC1_5_PSOC5.a(Peltier1_PWM_Ctrl.o)
                0x00003eac                Peltier1_PWM_Ctrl_ReadCapture
 .text.Peltier1_PWM_Ctrl_ReadPeriod
                0x00003ec4       0x18 .\CortexM3\ARM_GCC_493\Debug\MC1_5_PSOC5.a(Peltier1_PWM_Ctrl.o)
                0x00003ec4                Peltier1_PWM_Ctrl_ReadPeriod
 .text.Peltier2_PWM_Ctrl_Start
                0x00003edc       0x20 .\CortexM3\ARM_GCC_493\Debug\MC1_5_PSOC5.a(Peltier2_PWM_Ctrl.o)
                0x00003edc                Peltier2_PWM_Ctrl_Start
 .text.Peltier2_PWM_Ctrl_Init
                0x00003efc       0x90 .\CortexM3\ARM_GCC_493\Debug\MC1_5_PSOC5.a(Peltier2_PWM_Ctrl.o)
                0x00003efc                Peltier2_PWM_Ctrl_Init
 .text.Peltier2_PWM_Ctrl_Enable
                0x00003f8c       0x20 .\CortexM3\ARM_GCC_493\Debug\MC1_5_PSOC5.a(Peltier2_PWM_Ctrl.o)
                0x00003f8c                Peltier2_PWM_Ctrl_Enable
 .text.Peltier2_PWM_Ctrl_WriteCounter
                0x00003fac       0x20 .\CortexM3\ARM_GCC_493\Debug\MC1_5_PSOC5.a(Peltier2_PWM_Ctrl.o)
                0x00003fac                Peltier2_PWM_Ctrl_WriteCounter
 .text.Peltier2_PWM_Ctrl_ClearFIFO
                0x00003fcc       0x1c .\CortexM3\ARM_GCC_493\Debug\MC1_5_PSOC5.a(Peltier2_PWM_Ctrl.o)
                0x00003fcc                Peltier2_PWM_Ctrl_ClearFIFO
 .text.Peltier2_PWM_Ctrl_WritePeriod
                0x00003fe8       0x20 .\CortexM3\ARM_GCC_493\Debug\MC1_5_PSOC5.a(Peltier2_PWM_Ctrl.o)
                0x00003fe8                Peltier2_PWM_Ctrl_WritePeriod
 .text.Peltier2_PWM_Ctrl_WriteCompare
                0x00004008       0x20 .\CortexM3\ARM_GCC_493\Debug\MC1_5_PSOC5.a(Peltier2_PWM_Ctrl.o)
                0x00004008                Peltier2_PWM_Ctrl_WriteCompare
 .text.Peltier2_PWM_Ctrl_SetInterruptMode
                0x00004028       0x20 .\CortexM3\ARM_GCC_493\Debug\MC1_5_PSOC5.a(Peltier2_PWM_Ctrl.o)
                0x00004028                Peltier2_PWM_Ctrl_SetInterruptMode
 .text.Peltier2_PWM_Ctrl_ReadStatusRegister
                0x00004048       0x18 .\CortexM3\ARM_GCC_493\Debug\MC1_5_PSOC5.a(Peltier2_PWM_Ctrl.o)
                0x00004048                Peltier2_PWM_Ctrl_ReadStatusRegister
 .text.Peltier2_PWM_Ctrl_ReadCapture
                0x00004060       0x18 .\CortexM3\ARM_GCC_493\Debug\MC1_5_PSOC5.a(Peltier2_PWM_Ctrl.o)
                0x00004060                Peltier2_PWM_Ctrl_ReadCapture
 .text.Peltier2_PWM_Ctrl_ReadPeriod
                0x00004078       0x18 .\CortexM3\ARM_GCC_493\Debug\MC1_5_PSOC5.a(Peltier2_PWM_Ctrl.o)
                0x00004078                Peltier2_PWM_Ctrl_ReadPeriod
 .text.Peltier1_Ctrl_Write
                0x00004090       0x20 .\CortexM3\ARM_GCC_493\Debug\MC1_5_PSOC5.a(Peltier1_Ctrl.o)
                0x00004090                Peltier1_Ctrl_Write
 .text.Peltier2_Ctrl_Write
                0x000040b0       0x20 .\CortexM3\ARM_GCC_493\Debug\MC1_5_PSOC5.a(Peltier2_Ctrl.o)
                0x000040b0                Peltier2_Ctrl_Write
 .text.CAN_Standby_Write
                0x000040d0       0x3c .\CortexM3\ARM_GCC_493\Debug\MC1_5_PSOC5.a(CAN_Standby.o)
                0x000040d0                CAN_Standby_Write
 .text.ADC_Ext_CP_Clk_SetDividerRegister
                0x0000410c      0x160 .\CortexM3\ARM_GCC_493\Debug\MC1_5_PSOC5.a(ADC_Ext_CP_Clk.o)
                0x0000410c                ADC_Ext_CP_Clk_SetDividerRegister
 .text.ADC_Ext_CP_Clk_GetDividerRegister
                0x0000426c       0x18 .\CortexM3\ARM_GCC_493\Debug\MC1_5_PSOC5.a(ADC_Ext_CP_Clk.o)
                0x0000426c                ADC_Ext_CP_Clk_GetDividerRegister
 .text.ADC_Ext_CP_Clk_SetModeRegister
                0x00004284       0x34 .\CortexM3\ARM_GCC_493\Debug\MC1_5_PSOC5.a(ADC_Ext_CP_Clk.o)
                0x00004284                ADC_Ext_CP_Clk_SetModeRegister
 .text.ADC_Ext_CP_Clk_GetSourceRegister
                0x000042b8       0x20 .\CortexM3\ARM_GCC_493\Debug\MC1_5_PSOC5.a(ADC_Ext_CP_Clk.o)
                0x000042b8                ADC_Ext_CP_Clk_GetSourceRegister
 .text.ADC_AMux_Start
                0x000042d8       0x30 .\CortexM3\ARM_GCC_493\Debug\MC1_5_PSOC5.a(ADC_AMux.o)
                0x000042d8                ADC_AMux_Start
 .text.ADC_AMux_Select
                0x00004308       0x28 .\CortexM3\ARM_GCC_493\Debug\MC1_5_PSOC5.a(ADC_AMux.o)
                0x00004308                ADC_AMux_Select
 .text.TimerPID_Init
                0x00004330       0x4c .\CortexM3\ARM_GCC_493\Debug\MC1_5_PSOC5.a(TimerPID.o)
                0x00004330                TimerPID_Init
 .text.TimerPID_Enable
                0x0000437c       0x20 .\CortexM3\ARM_GCC_493\Debug\MC1_5_PSOC5.a(TimerPID.o)
                0x0000437c                TimerPID_Enable
 .text.TimerPID_Start
                0x0000439c       0x20 .\CortexM3\ARM_GCC_493\Debug\MC1_5_PSOC5.a(TimerPID.o)
                0x0000439c                TimerPID_Start
 .text.TimerPID_SetInterruptMode
                0x000043bc       0x20 .\CortexM3\ARM_GCC_493\Debug\MC1_5_PSOC5.a(TimerPID.o)
                0x000043bc                TimerPID_SetInterruptMode
 .text.TimerPID_ReadStatusRegister
                0x000043dc       0x18 .\CortexM3\ARM_GCC_493\Debug\MC1_5_PSOC5.a(TimerPID.o)
                0x000043dc                TimerPID_ReadStatusRegister
 .text.TimerPID_WritePeriod
                0x000043f4       0x1c .\CortexM3\ARM_GCC_493\Debug\MC1_5_PSOC5.a(TimerPID.o)
                0x000043f4                TimerPID_WritePeriod
 .text.TimerPID_ReadCapture
                0x00004410       0x1c .\CortexM3\ARM_GCC_493\Debug\MC1_5_PSOC5.a(TimerPID.o)
                0x00004410                TimerPID_ReadCapture
 .text.TimerPID_WriteCounter
                0x0000442c       0x1c .\CortexM3\ARM_GCC_493\Debug\MC1_5_PSOC5.a(TimerPID.o)
                0x0000442c                TimerPID_WriteCounter
 .text.TimerPID_ClearFIFO
                0x00004448       0x1c .\CortexM3\ARM_GCC_493\Debug\MC1_5_PSOC5.a(TimerPID.o)
                0x00004448                TimerPID_ClearFIFO
 .text.isr_pid_StartEx
                0x00004464       0x24 .\CortexM3\ARM_GCC_493\Debug\MC1_5_PSOC5.a(isr_pid.o)
                0x00004464                isr_pid_StartEx
 .text.isr_pid_SetVector
                0x00004488       0x24 .\CortexM3\ARM_GCC_493\Debug\MC1_5_PSOC5.a(isr_pid.o)
                0x00004488                isr_pid_SetVector
 .text.isr_pid_SetPriority
                0x000044ac       0x24 .\CortexM3\ARM_GCC_493\Debug\MC1_5_PSOC5.a(isr_pid.o)
                0x000044ac                isr_pid_SetPriority
 .text.isr_pid_Enable
                0x000044d0       0x18 .\CortexM3\ARM_GCC_493\Debug\MC1_5_PSOC5.a(isr_pid.o)
                0x000044d0                isr_pid_Enable
 .text.isr_pid_Disable
                0x000044e8       0x18 .\CortexM3\ARM_GCC_493\Debug\MC1_5_PSOC5.a(isr_pid.o)
                0x000044e8                isr_pid_Disable
 .text.pwmStepper_1_Start
                0x00004500       0x20 .\CortexM3\ARM_GCC_493\Debug\MC1_5_PSOC5.a(pwmStepper_1.o)
                0x00004500                pwmStepper_1_Start
 .text.pwmStepper_1_Init
                0x00004520       0x78 .\CortexM3\ARM_GCC_493\Debug\MC1_5_PSOC5.a(pwmStepper_1.o)
                0x00004520                pwmStepper_1_Init
 .text.pwmStepper_1_Enable
                0x00004598       0x20 .\CortexM3\ARM_GCC_493\Debug\MC1_5_PSOC5.a(pwmStepper_1.o)
                0x00004598                pwmStepper_1_Enable
 .text.pwmStepper_1_Stop
                0x000045b8       0x20 .\CortexM3\ARM_GCC_493\Debug\MC1_5_PSOC5.a(pwmStepper_1.o)
                0x000045b8                pwmStepper_1_Stop
 .text.pwmStepper_1_WriteCounter
                0x000045d8       0x20 .\CortexM3\ARM_GCC_493\Debug\MC1_5_PSOC5.a(pwmStepper_1.o)
                0x000045d8                pwmStepper_1_WriteCounter
 .text.pwmStepper_1_ClearFIFO
                0x000045f8       0x1c .\CortexM3\ARM_GCC_493\Debug\MC1_5_PSOC5.a(pwmStepper_1.o)
                0x000045f8                pwmStepper_1_ClearFIFO
 .text.pwmStepper_1_WritePeriod
                0x00004614       0x20 .\CortexM3\ARM_GCC_493\Debug\MC1_5_PSOC5.a(pwmStepper_1.o)
                0x00004614                pwmStepper_1_WritePeriod
 .text.pwmStepper_1_WriteCompare
                0x00004634       0x20 .\CortexM3\ARM_GCC_493\Debug\MC1_5_PSOC5.a(pwmStepper_1.o)
                0x00004634                pwmStepper_1_WriteCompare
 .text.pwmStepper_1_SetInterruptMode
                0x00004654       0x20 .\CortexM3\ARM_GCC_493\Debug\MC1_5_PSOC5.a(pwmStepper_1.o)
                0x00004654                pwmStepper_1_SetInterruptMode
 .text.pwmStepper_1_ReadStatusRegister
                0x00004674       0x18 .\CortexM3\ARM_GCC_493\Debug\MC1_5_PSOC5.a(pwmStepper_1.o)
                0x00004674                pwmStepper_1_ReadStatusRegister
 .text.pwmStepper_1_ReadCapture
                0x0000468c       0x18 .\CortexM3\ARM_GCC_493\Debug\MC1_5_PSOC5.a(pwmStepper_1.o)
                0x0000468c                pwmStepper_1_ReadCapture
 .text.pwmStepper_2_Start
                0x000046a4       0x20 .\CortexM3\ARM_GCC_493\Debug\MC1_5_PSOC5.a(pwmStepper_2.o)
                0x000046a4                pwmStepper_2_Start
 .text.pwmStepper_2_Init
                0x000046c4       0x8c .\CortexM3\ARM_GCC_493\Debug\MC1_5_PSOC5.a(pwmStepper_2.o)
                0x000046c4                pwmStepper_2_Init
 .text.pwmStepper_2_Enable
                0x00004750       0x20 .\CortexM3\ARM_GCC_493\Debug\MC1_5_PSOC5.a(pwmStepper_2.o)
                0x00004750                pwmStepper_2_Enable
 .text.pwmStepper_2_Stop
                0x00004770       0x20 .\CortexM3\ARM_GCC_493\Debug\MC1_5_PSOC5.a(pwmStepper_2.o)
                0x00004770                pwmStepper_2_Stop
 .text.pwmStepper_2_WriteCounter
                0x00004790       0x20 .\CortexM3\ARM_GCC_493\Debug\MC1_5_PSOC5.a(pwmStepper_2.o)
                0x00004790                pwmStepper_2_WriteCounter
 .text.pwmStepper_2_ClearFIFO
                0x000047b0       0x1c .\CortexM3\ARM_GCC_493\Debug\MC1_5_PSOC5.a(pwmStepper_2.o)
                0x000047b0                pwmStepper_2_ClearFIFO
 .text.pwmStepper_2_WritePeriod
                0x000047cc       0x20 .\CortexM3\ARM_GCC_493\Debug\MC1_5_PSOC5.a(pwmStepper_2.o)
                0x000047cc                pwmStepper_2_WritePeriod
 .text.pwmStepper_2_WriteCompare
                0x000047ec       0x20 .\CortexM3\ARM_GCC_493\Debug\MC1_5_PSOC5.a(pwmStepper_2.o)
                0x000047ec                pwmStepper_2_WriteCompare
 .text.pwmStepper_2_SetInterruptMode
                0x0000480c       0x20 .\CortexM3\ARM_GCC_493\Debug\MC1_5_PSOC5.a(pwmStepper_2.o)
                0x0000480c                pwmStepper_2_SetInterruptMode
 .text.pwmStepper_2_ReadStatusRegister
                0x0000482c       0x18 .\CortexM3\ARM_GCC_493\Debug\MC1_5_PSOC5.a(pwmStepper_2.o)
                0x0000482c                pwmStepper_2_ReadStatusRegister
 .text.pwmStepper_2_ReadCapture
                0x00004844       0x18 .\CortexM3\ARM_GCC_493\Debug\MC1_5_PSOC5.a(pwmStepper_2.o)
                0x00004844                pwmStepper_2_ReadCapture
 .text.Stepper2_Enable_Write
                0x0000485c       0x3c .\CortexM3\ARM_GCC_493\Debug\MC1_5_PSOC5.a(Stepper2_Enable.o)
                0x0000485c                Stepper2_Enable_Write
 .text.Stepper1_Enable_Write
                0x00004898       0x3c .\CortexM3\ARM_GCC_493\Debug\MC1_5_PSOC5.a(Stepper1_Enable.o)
                0x00004898                Stepper1_Enable_Write
 .text.Stepper2_Step_SizeB2_Write
                0x000048d4       0x38 .\CortexM3\ARM_GCC_493\Debug\MC1_5_PSOC5.a(Stepper2_Step_SizeB2.o)
                0x000048d4                Stepper2_Step_SizeB2_Write
 .text.Stepper2_Step_SizeA2_Write
                0x0000490c       0x3c .\CortexM3\ARM_GCC_493\Debug\MC1_5_PSOC5.a(Stepper2_Step_SizeA2.o)
                0x0000490c                Stepper2_Step_SizeA2_Write
 .text.Stepper1_Dir_Write
                0x00004948       0x38 .\CortexM3\ARM_GCC_493\Debug\MC1_5_PSOC5.a(Stepper1_Dir.o)
                0x00004948                Stepper1_Dir_Write
 .text.Stepper1_Step_SizeA1_Write
                0x00004980       0x3c .\CortexM3\ARM_GCC_493\Debug\MC1_5_PSOC5.a(Stepper1_Step_SizeA1.o)
                0x00004980                Stepper1_Step_SizeA1_Write
 .text.Stepper1_Step_SizeB1_Write
                0x000049bc       0x38 .\CortexM3\ARM_GCC_493\Debug\MC1_5_PSOC5.a(Stepper1_Step_SizeB1.o)
                0x000049bc                Stepper1_Step_SizeB1_Write
 .text.isr_Stepper2_StartEx
                0x000049f4       0x24 .\CortexM3\ARM_GCC_493\Debug\MC1_5_PSOC5.a(isr_Stepper2.o)
                0x000049f4                isr_Stepper2_StartEx
 .text.isr_Stepper2_SetVector
                0x00004a18       0x24 .\CortexM3\ARM_GCC_493\Debug\MC1_5_PSOC5.a(isr_Stepper2.o)
                0x00004a18                isr_Stepper2_SetVector
 .text.isr_Stepper2_SetPriority
                0x00004a3c       0x24 .\CortexM3\ARM_GCC_493\Debug\MC1_5_PSOC5.a(isr_Stepper2.o)
                0x00004a3c                isr_Stepper2_SetPriority
 .text.isr_Stepper2_Enable
                0x00004a60       0x18 .\CortexM3\ARM_GCC_493\Debug\MC1_5_PSOC5.a(isr_Stepper2.o)
                0x00004a60                isr_Stepper2_Enable
 .text.isr_Stepper2_Disable
                0x00004a78       0x18 .\CortexM3\ARM_GCC_493\Debug\MC1_5_PSOC5.a(isr_Stepper2.o)
                0x00004a78                isr_Stepper2_Disable
 .text.isr_Stepper1_StartEx
                0x00004a90       0x24 .\CortexM3\ARM_GCC_493\Debug\MC1_5_PSOC5.a(isr_Stepper1.o)
                0x00004a90                isr_Stepper1_StartEx
 .text.isr_Stepper1_SetVector
                0x00004ab4       0x24 .\CortexM3\ARM_GCC_493\Debug\MC1_5_PSOC5.a(isr_Stepper1.o)
                0x00004ab4                isr_Stepper1_SetVector
 .text.isr_Stepper1_SetPriority
                0x00004ad8       0x24 .\CortexM3\ARM_GCC_493\Debug\MC1_5_PSOC5.a(isr_Stepper1.o)
                0x00004ad8                isr_Stepper1_SetPriority
 .text.isr_Stepper1_Enable
                0x00004afc       0x18 .\CortexM3\ARM_GCC_493\Debug\MC1_5_PSOC5.a(isr_Stepper1.o)
                0x00004afc                isr_Stepper1_Enable
 .text.isr_Stepper1_Disable
                0x00004b14       0x18 .\CortexM3\ARM_GCC_493\Debug\MC1_5_PSOC5.a(isr_Stepper1.o)
                0x00004b14                isr_Stepper1_Disable
 .text.Stepper2_Dir_Write
                0x00004b2c       0x3c .\CortexM3\ARM_GCC_493\Debug\MC1_5_PSOC5.a(Stepper2_Dir.o)
                0x00004b2c                Stepper2_Dir_Write
 .text.CySetTempInt
                0x00004b68       0x7c .\CortexM3\ARM_GCC_493\Debug\MC1_5_PSOC5.a(CyFlash.o)
 .text.CyFlashGetSpcAlgorithm
                0x00004be4       0x70 .\CortexM3\ARM_GCC_493\Debug\MC1_5_PSOC5.a(CyFlash.o)
 .text.CySetTemp
                0x00004c54       0x24 .\CortexM3\ARM_GCC_493\Debug\MC1_5_PSOC5.a(CyFlash.o)
                0x00004c54                CySetTemp
 .text.CyEEPROM_Start
                0x00004c78       0x8c .\CortexM3\ARM_GCC_493\Debug\MC1_5_PSOC5.a(CyFlash.o)
                0x00004c78                CyEEPROM_Start
 .text.CyEEPROM_ReadReserve
                0x00004d04       0x30 .\CortexM3\ARM_GCC_493\Debug\MC1_5_PSOC5.a(CyFlash.o)
                0x00004d04                CyEEPROM_ReadReserve
 .text.CyEEPROM_ReadRelease
                0x00004d34       0x20 .\CortexM3\ARM_GCC_493\Debug\MC1_5_PSOC5.a(CyFlash.o)
                0x00004d34                CyEEPROM_ReadRelease
 .text.CySpcStart
                0x00004d54       0x44 .\CortexM3\ARM_GCC_493\Debug\MC1_5_PSOC5.a(CySpc.o)
                0x00004d54                CySpcStart
 .text.CySpcReadData
                0x00004d98       0x58 .\CortexM3\ARM_GCC_493\Debug\MC1_5_PSOC5.a(CySpc.o)
                0x00004d98                CySpcReadData
 .text.CySpcLoadMultiByte
                0x00004df0       0xd4 .\CortexM3\ARM_GCC_493\Debug\MC1_5_PSOC5.a(CySpc.o)
                0x00004df0                CySpcLoadMultiByte
 .text.CySpcWriteRow
                0x00004ec4       0x98 .\CortexM3\ARM_GCC_493\Debug\MC1_5_PSOC5.a(CySpc.o)
                0x00004ec4                CySpcWriteRow
 .text.CySpcGetTemp
                0x00004f5c       0x64 .\CortexM3\ARM_GCC_493\Debug\MC1_5_PSOC5.a(CySpc.o)
                0x00004f5c                CySpcGetTemp
 .text.CySpcLock
                0x00004fc0       0x68 .\CortexM3\ARM_GCC_493\Debug\MC1_5_PSOC5.a(CySpc.o)
                0x00004fc0                CySpcLock
 .text.CySpcUnlock
                0x00005028       0x50 .\CortexM3\ARM_GCC_493\Debug\MC1_5_PSOC5.a(CySpc.o)
                0x00005028                CySpcUnlock
 .text.CySpcGetAlgorithm
                0x00005078       0x48 .\CortexM3\ARM_GCC_493\Debug\MC1_5_PSOC5.a(CySpc.o)
                0x00005078                CySpcGetAlgorithm
 .text.CySetReg24
                0x000050c0       0x38 .\CortexM3\ARM_GCC_493\Debug\MC1_5_PSOC5.a(cyutils.o)
                0x000050c0                CySetReg24
 .text.log      0x000050f8      0x100 c:/program files (x86)/cypress/psoc creator/3.3/psoc creator/import/gnu/arm/4.9.3/bin/../lib/gcc/arm-none-eabi/4.9.3/../../../../arm-none-eabi/lib/armv7-m\libm.a(lib_a-w_log.o)
                0x000050f8                log
 .text.pow      0x000051f8      0x2f0 c:/program files (x86)/cypress/psoc creator/3.3/psoc creator/import/gnu/arm/4.9.3/bin/../lib/gcc/arm-none-eabi/4.9.3/../../../../arm-none-eabi/lib/armv7-m\libm.a(lib_a-w_pow.o)
                0x000051f8                pow
 .text.__ieee754_log
                0x000054e8      0x3d0 c:/program files (x86)/cypress/psoc creator/3.3/psoc creator/import/gnu/arm/4.9.3/bin/../lib/gcc/arm-none-eabi/4.9.3/../../../../arm-none-eabi/lib/armv7-m\libm.a(lib_a-e_log.o)
                0x000054e8                __ieee754_log
 .text.__ieee754_pow
                0x000058b8      0xaa0 c:/program files (x86)/cypress/psoc creator/3.3/psoc creator/import/gnu/arm/4.9.3/bin/../lib/gcc/arm-none-eabi/4.9.3/../../../../arm-none-eabi/lib/armv7-m\libm.a(lib_a-e_pow.o)
                0x000058b8                __ieee754_pow
 .text.__ieee754_sqrt
                0x00006358      0x18c c:/program files (x86)/cypress/psoc creator/3.3/psoc creator/import/gnu/arm/4.9.3/bin/../lib/gcc/arm-none-eabi/4.9.3/../../../../arm-none-eabi/lib/armv7-m\libm.a(lib_a-e_sqrt.o)
                0x00006358                __ieee754_sqrt
 .text.fabs     0x000064e4        0x8 c:/program files (x86)/cypress/psoc creator/3.3/psoc creator/import/gnu/arm/4.9.3/bin/../lib/gcc/arm-none-eabi/4.9.3/../../../../arm-none-eabi/lib/armv7-m\libm.a(lib_a-s_fabs.o)
                0x000064e4                fabs
 .text.finite   0x000064ec        0xc c:/program files (x86)/cypress/psoc creator/3.3/psoc creator/import/gnu/arm/4.9.3/bin/../lib/gcc/arm-none-eabi/4.9.3/../../../../arm-none-eabi/lib/armv7-m\libm.a(lib_a-s_finite.o)
                0x000064ec                finite
 .text.__fpclassifyd
                0x000064f8       0x58 c:/program files (x86)/cypress/psoc creator/3.3/psoc creator/import/gnu/arm/4.9.3/bin/../lib/gcc/arm-none-eabi/4.9.3/../../../../arm-none-eabi/lib/armv7-m\libm.a(lib_a-s_fpclassify.o)
                0x000064f8                __fpclassifyd
 .text.matherr  0x00006550        0x4 c:/program files (x86)/cypress/psoc creator/3.3/psoc creator/import/gnu/arm/4.9.3/bin/../lib/gcc/arm-none-eabi/4.9.3/../../../../arm-none-eabi/lib/armv7-m\libm.a(lib_a-s_matherr.o)
                0x00006550                matherr
 .text.nan      0x00006554        0xc c:/program files (x86)/cypress/psoc creator/3.3/psoc creator/import/gnu/arm/4.9.3/bin/../lib/gcc/arm-none-eabi/4.9.3/../../../../arm-none-eabi/lib/armv7-m\libm.a(lib_a-s_nan.o)
                0x00006554                nan
 .text.rint     0x00006560      0x11c c:/program files (x86)/cypress/psoc creator/3.3/psoc creator/import/gnu/arm/4.9.3/bin/../lib/gcc/arm-none-eabi/4.9.3/../../../../arm-none-eabi/lib/armv7-m\libm.a(lib_a-s_rint.o)
                0x00006560                rint
 *fill*         0x0000667c        0x4 
 .text.scalbn   0x00006680       0xf0 c:/program files (x86)/cypress/psoc creator/3.3/psoc creator/import/gnu/arm/4.9.3/bin/../lib/gcc/arm-none-eabi/4.9.3/../../../../arm-none-eabi/lib/armv7-m\libm.a(lib_a-s_scalbn.o)
                0x00006680                scalbn
 .text.copysign
                0x00006770       0x10 c:/program files (x86)/cypress/psoc creator/3.3/psoc creator/import/gnu/arm/4.9.3/bin/../lib/gcc/arm-none-eabi/4.9.3/../../../../arm-none-eabi/lib/armv7-m\libm.a(lib_a-s_copysign.o)
                0x00006770                copysign
 .text          0x00006780      0x370 c:/program files (x86)/cypress/psoc creator/3.3/psoc creator/import/gnu/arm/4.9.3/bin/../lib/gcc/arm-none-eabi/4.9.3/armv7-m\libgcc.a(_arm_addsubdf3.o)
                0x00006780                __aeabi_drsub
                0x00006788                __aeabi_dsub
                0x00006788                __subdf3
                0x0000678c                __aeabi_dadd
                0x0000678c                __adddf3
                0x00006a04                __floatunsidf
                0x00006a04                __aeabi_ui2d
                0x00006a24                __floatsidf
                0x00006a24                __aeabi_i2d
                0x00006a48                __aeabi_f2d
                0x00006a48                __extendsfdf2
                0x00006a84                __floatundidf
                0x00006a84                __aeabi_ul2d
                0x00006a94                __floatdidf
                0x00006a94                __aeabi_l2d
 .text          0x00006af0      0x424 c:/program files (x86)/cypress/psoc creator/3.3/psoc creator/import/gnu/arm/4.9.3/bin/../lib/gcc/arm-none-eabi/4.9.3/armv7-m\libgcc.a(_arm_muldivdf3.o)
                0x00006af0                __aeabi_dmul
                0x00006af0                __muldf3
                0x00006d44                __divdf3
                0x00006d44                __aeabi_ddiv
 .text          0x00006f14      0x110 c:/program files (x86)/cypress/psoc creator/3.3/psoc creator/import/gnu/arm/4.9.3/bin/../lib/gcc/arm-none-eabi/4.9.3/armv7-m\libgcc.a(_arm_cmpdf2.o)
                0x00006f14                __gtdf2
                0x00006f14                __gedf2
                0x00006f1c                __ltdf2
                0x00006f1c                __ledf2
                0x00006f24                __nedf2
                0x00006f24                __eqdf2
                0x00006f24                __cmpdf2
                0x00006fa0                __aeabi_cdrcmple
                0x00006fb0                __aeabi_cdcmpeq
                0x00006fb0                __aeabi_cdcmple
                0x00006fc0                __aeabi_dcmpeq
                0x00006fd4                __aeabi_dcmplt
                0x00006fe8                __aeabi_dcmple
                0x00006ffc                __aeabi_dcmpge
                0x00007010                __aeabi_dcmpgt
 .text          0x00007024       0x50 c:/program files (x86)/cypress/psoc creator/3.3/psoc creator/import/gnu/arm/4.9.3/bin/../lib/gcc/arm-none-eabi/4.9.3/armv7-m\libgcc.a(_arm_fixdfsi.o)
                0x00007024                __aeabi_d2iz
                0x00007024                __fixdfsi
 .text          0x00007074       0x40 c:/program files (x86)/cypress/psoc creator/3.3/psoc creator/import/gnu/arm/4.9.3/bin/../lib/gcc/arm-none-eabi/4.9.3/armv7-m\libgcc.a(_arm_fixunsdfsi.o)
                0x00007074                __aeabi_d2uiz
                0x00007074                __fixunsdfsi
 .text          0x000070b4       0xa0 c:/program files (x86)/cypress/psoc creator/3.3/psoc creator/import/gnu/arm/4.9.3/bin/../lib/gcc/arm-none-eabi/4.9.3/armv7-m\libgcc.a(_arm_truncdfsf2.o)
                0x000070b4                __truncdfsf2
                0x000070b4                __aeabi_d2f
 .text          0x00007154      0x21c c:/program files (x86)/cypress/psoc creator/3.3/psoc creator/import/gnu/arm/4.9.3/bin/../lib/gcc/arm-none-eabi/4.9.3/armv7-m\libgcc.a(_arm_addsubsf3.o)
                0x00007154                __aeabi_frsub
                0x0000715c                __subsf3
                0x0000715c                __aeabi_fsub
                0x00007160                __aeabi_fadd
                0x00007160                __addsf3
                0x000072c0                __aeabi_ui2f
                0x000072c0                __floatunsisf
                0x000072c8                __aeabi_i2f
                0x000072c8                __floatsisf
                0x000072e4                __aeabi_ul2f
                0x000072e4                __floatundisf
                0x000072f4                __aeabi_l2f
                0x000072f4                __floatdisf
 .text          0x00007370      0x2a0 c:/program files (x86)/cypress/psoc creator/3.3/psoc creator/import/gnu/arm/4.9.3/bin/../lib/gcc/arm-none-eabi/4.9.3/armv7-m\libgcc.a(_arm_muldivsf3.o)
                0x00007370                __mulsf3
                0x00007370                __aeabi_fmul
                0x000074d8                __aeabi_fdiv
                0x000074d8                __divsf3
 .text          0x00007610       0x4c c:/program files (x86)/cypress/psoc creator/3.3/psoc creator/import/gnu/arm/4.9.3/bin/../lib/gcc/arm-none-eabi/4.9.3/armv7-m\libgcc.a(_arm_fixsfsi.o)
                0x00007610                __aeabi_f2iz
                0x00007610                __fixsfsi
 .text          0x0000765c       0x40 c:/program files (x86)/cypress/psoc creator/3.3/psoc creator/import/gnu/arm/4.9.3/bin/../lib/gcc/arm-none-eabi/4.9.3/armv7-m\libgcc.a(_arm_fixunssfsi.o)
                0x0000765c                __fixunssfsi
                0x0000765c                __aeabi_f2uiz
 .text.__errno  0x0000769c        0xc c:/program files (x86)/cypress/psoc creator/3.3/psoc creator/import/gnu/arm/4.9.3/bin/../lib/gcc/arm-none-eabi/4.9.3/../../../../arm-none-eabi/lib/armv7-m\libg_nano.a(lib_a-errno.o)
                0x0000769c                __errno
 .text.__libc_init_array
                0x000076a8       0x4c c:/program files (x86)/cypress/psoc creator/3.3/psoc creator/import/gnu/arm/4.9.3/bin/../lib/gcc/arm-none-eabi/4.9.3/../../../../arm-none-eabi/lib/armv7-m\libg_nano.a(lib_a-init.o)
                0x000076a8                __libc_init_array
 .text.memcpy   0x000076f4       0x16 c:/program files (x86)/cypress/psoc creator/3.3/psoc creator/import/gnu/arm/4.9.3/bin/../lib/gcc/arm-none-eabi/4.9.3/../../../../arm-none-eabi/lib/armv7-m\libg_nano.a(lib_a-memcpy.o)
                0x000076f4                memcpy
 .text.memset   0x0000770a       0x10 c:/program files (x86)/cypress/psoc creator/3.3/psoc creator/import/gnu/arm/4.9.3/bin/../lib/gcc/arm-none-eabi/4.9.3/../../../../arm-none-eabi/lib/armv7-m\libg_nano.a(lib_a-memset.o)
                0x0000770a                memset
 *(.plt)
 *(.gnu.warning)
 *(.glue_7t)
 .glue_7t       0x00000000        0x0 linker stubs
 *(.glue_7)
 .glue_7        0x00000000        0x0 linker stubs
 *(.vfp11_veneer)
 .vfp11_veneer  0x00000000        0x0 linker stubs
 *(.bootloader)
 *(.ARM.extab* .gnu.linkonce.armextab.*)
 *(.gcc_except_table)

.v4_bx          0x0000771c        0x0
 .v4_bx         0x00000000        0x0 linker stubs

.iplt           0x0000771c        0x0
 .iplt          0x00000000        0x0 c:/program files (x86)/cypress/psoc creator/3.3/psoc creator/import/gnu/arm/4.9.3/bin/../lib/gcc/arm-none-eabi/4.9.3/armv7-m/crtbegin.o

.eh_frame_hdr
 *(.eh_frame_hdr)

.eh_frame       0x0000771c        0x4
 *(.eh_frame)
 .eh_frame      0x0000771c        0x0 c:/program files (x86)/cypress/psoc creator/3.3/psoc creator/import/gnu/arm/4.9.3/bin/../lib/gcc/arm-none-eabi/4.9.3/armv7-m/crtbegin.o
 .eh_frame      0x0000771c        0x4 c:/program files (x86)/cypress/psoc creator/3.3/psoc creator/import/gnu/arm/4.9.3/bin/../lib/gcc/arm-none-eabi/4.9.3/armv7-m/crtend.o
                0x00007720                PROVIDE (__exidx_start, .)

.ARM.exidx
 *(.ARM.exidx* .gnu.linkonce.armexidx.*)
                0x00007720                __exidx_end = .

.rodata         0x00007720      0x220
 *(.rodata .rodata.* .gnu.linkonce.r.*)
 .rodata        0x00007720       0x38 .\CortexM3\ARM_GCC_493\Debug\MC1_5_PSOC5.a(cyfitter_cfg.o)
                0x00007720                ADC_AMux__addrTable
                0x00007728                ADC_AMux__maskTable
 .rodata        0x00007758      0x160 .\CortexM3\ARM_GCC_493\Debug\MC1_5_PSOC5.a(CAN_1.o)
 .rodata.str1.4
                0x000078b8        0x5 c:/program files (x86)/cypress/psoc creator/3.3/psoc creator/import/gnu/arm/4.9.3/bin/../lib/gcc/arm-none-eabi/4.9.3/../../../../arm-none-eabi/lib/armv7-m\libm.a(lib_a-w_log.o)
                                  0x8 (size before relaxing)
 *fill*         0x000078bd        0x3 
 .rodata.str1.4
                0x000078c0        0x4 c:/program files (x86)/cypress/psoc creator/3.3/psoc creator/import/gnu/arm/4.9.3/bin/../lib/gcc/arm-none-eabi/4.9.3/../../../../arm-none-eabi/lib/armv7-m\libm.a(lib_a-w_pow.o)
 *fill*         0x000078c4        0x4 
 .rodata.dp_h   0x000078c8       0x10 c:/program files (x86)/cypress/psoc creator/3.3/psoc creator/import/gnu/arm/4.9.3/bin/../lib/gcc/arm-none-eabi/4.9.3/../../../../arm-none-eabi/lib/armv7-m\libm.a(lib_a-e_pow.o)
 .rodata.dp_l   0x000078d8       0x10 c:/program files (x86)/cypress/psoc creator/3.3/psoc creator/import/gnu/arm/4.9.3/bin/../lib/gcc/arm-none-eabi/4.9.3/../../../../arm-none-eabi/lib/armv7-m\libm.a(lib_a-e_pow.o)
 .rodata.bp     0x000078e8       0x10 c:/program files (x86)/cypress/psoc creator/3.3/psoc creator/import/gnu/arm/4.9.3/bin/../lib/gcc/arm-none-eabi/4.9.3/../../../../arm-none-eabi/lib/armv7-m\libm.a(lib_a-e_pow.o)
 .rodata.str1.4
                0x00000000        0x4 c:/program files (x86)/cypress/psoc creator/3.3/psoc creator/import/gnu/arm/4.9.3/bin/../lib/gcc/arm-none-eabi/4.9.3/../../../../arm-none-eabi/lib/armv7-m\libm.a(lib_a-e_pow.o)
 .rodata.TWO52  0x000078f8       0x10 c:/program files (x86)/cypress/psoc creator/3.3/psoc creator/import/gnu/arm/4.9.3/bin/../lib/gcc/arm-none-eabi/4.9.3/../../../../arm-none-eabi/lib/armv7-m\libm.a(lib_a-s_rint.o)
 .rodata.str1.1
                0x00007908        0x2 c:/program files (x86)/cypress/psoc creator/3.3/psoc creator/import/gnu/arm/4.9.3/bin/../lib/gcc/arm-none-eabi/4.9.3/../../../../arm-none-eabi/lib/armv7-m\libg_nano.a(lib_a-impure.o)
                0x0000790c                . = ALIGN (0x4)
 *fill*         0x0000790a        0x2 
 *(.init)
 .init          0x0000790c        0x4 c:/program files (x86)/cypress/psoc creator/3.3/psoc creator/import/gnu/arm/4.9.3/bin/../lib/gcc/arm-none-eabi/4.9.3/armv7-m/crti.o
                0x0000790c                _init
 .init          0x00007910        0x8 c:/program files (x86)/cypress/psoc creator/3.3/psoc creator/import/gnu/arm/4.9.3/bin/../lib/gcc/arm-none-eabi/4.9.3/armv7-m/crtn.o
                0x00007918                . = ALIGN (0x4)
                0x00007918                __preinit_array_start = .
 *(.preinit_array)
                0x00007918                __preinit_array_end = .
                0x00007918                . = ALIGN (0x4)
                0x00007918                __init_array_start = .
 *(SORT(.init_array.*))
 *(.init_array)
 .init_array    0x00007918        0x4 c:/program files (x86)/cypress/psoc creator/3.3/psoc creator/import/gnu/arm/4.9.3/bin/../lib/gcc/arm-none-eabi/4.9.3/armv7-m/crtbegin.o
 .init_array    0x0000791c        0x4 .\CortexM3\ARM_GCC_493\Debug\Cm3Start.o
                0x00007920                __init_array_end = .
                0x00007920                . = ALIGN (0x4)
 *(.fini)
 .fini          0x00007920        0x4 c:/program files (x86)/cypress/psoc creator/3.3/psoc creator/import/gnu/arm/4.9.3/bin/../lib/gcc/arm-none-eabi/4.9.3/armv7-m/crti.o
                0x00007920                _fini
 .fini          0x00007924        0x8 c:/program files (x86)/cypress/psoc creator/3.3/psoc creator/import/gnu/arm/4.9.3/bin/../lib/gcc/arm-none-eabi/4.9.3/armv7-m/crtn.o
                0x0000792c                . = ALIGN (0x4)
                0x0000792c                __fini_array_start = .
 *(.fini_array)
 .fini_array    0x0000792c        0x4 c:/program files (x86)/cypress/psoc creator/3.3/psoc creator/import/gnu/arm/4.9.3/bin/../lib/gcc/arm-none-eabi/4.9.3/armv7-m/crtbegin.o
 *(SORT(.fini_array.*))
                0x00007930                __fini_array_end = .
                0x00007930                . = ALIGN (0x4)
 *crtbegin.o(.ctors)
 *(EXCLUDE_FILE(*crtend.o) .ctors)
 *(SORT(.ctors.*))
 *crtend.o(.ctors)
                0x00007930                . = ALIGN (0x4)
 *crtbegin.o(.dtors)
 *(EXCLUDE_FILE(*crtend.o) .dtors)
 *(SORT(.dtors.*))
 *crtend.o(.dtors)
                0x00007930                . = ALIGN (0x4)
                0x00007930                __cy_regions = .
                0x00007930        0x4 LONG 0x7940 __cy_region_init_ram
                0x00007934        0x4 LONG 0x1fff8108 __cy_region_start_data
                0x00007938        0x4 LONG 0x80 __cy_region_init_size_ram
                0x0000793c        0x4 LONG 0x3e8 __cy_region_zero_size_ram
                0x00007940                __cy_regions_end = .
                0x00007940                . = ALIGN (0x8)
                0x00007940                _etext = .

.ramvectors     0x1fff8000      0x100
                0x1fff8000                __cy_region_start_ram = .
 *(.ramvectors)
 .ramvectors    0x1fff8000      0x100 .\CortexM3\ARM_GCC_493\Debug\Cm3Start.o
                0x1fff8000                CyRamVectors

.noinit         0x1fff8100        0x5
 *(.noinit)
 .noinit        0x1fff8100        0x4 .\CortexM3\ARM_GCC_493\Debug\Cm3Start.o
 .noinit        0x1fff8104        0x1 .\CortexM3\ARM_GCC_493\Debug\MC1_5_PSOC5.a(CyLib.o)
                0x1fff8104                CyResetStatus

.data           0x1fff8108       0x80 load address 0x00007940
                0x1fff8108                __cy_region_start_data = .
 *(.jcr)
 .jcr           0x1fff8108        0x0 c:/program files (x86)/cypress/psoc creator/3.3/psoc creator/import/gnu/arm/4.9.3/bin/../lib/gcc/arm-none-eabi/4.9.3/armv7-m/crtbegin.o
 .jcr           0x1fff8108        0x4 c:/program files (x86)/cypress/psoc creator/3.3/psoc creator/import/gnu/arm/4.9.3/bin/../lib/gcc/arm-none-eabi/4.9.3/armv7-m/crtend.o
 *(.got.plt)
 *(.got)
 *(.shdata)
 *(.data .data.* .gnu.linkonce.d.*)
 .data          0x1fff810c        0x1 .\CortexM3\ARM_GCC_493\Debug\MC1_5_PSOC5.a(ADC.o)
                0x1fff810c                ADC_Config
 *fill*         0x1fff810d        0x3 
 .data          0x1fff8110       0x10 .\CortexM3\ARM_GCC_493\Debug\MC1_5_PSOC5.a(CyLib.o)
                0x1fff8110                cydelay_freq_hz
                0x1fff8114                cydelay_freq_khz
                0x1fff8118                cydelay_freq_mhz
                0x1fff811c                cydelay_32k_ms
 .data          0x1fff8120        0x1 .\CortexM3\ARM_GCC_493\Debug\MC1_5_PSOC5.a(ADC_AMux.o)
 .data.__fdlib_version
                0x1fff8121        0x1 c:/program files (x86)/cypress/psoc creator/3.3/psoc creator/import/gnu/arm/4.9.3/bin/../lib/gcc/arm-none-eabi/4.9.3/../../../../arm-none-eabi/lib/armv7-m\libm.a(lib_a-s_lib_ver.o)
                0x1fff8121                __fdlib_version
 *fill*         0x1fff8122        0x2 
 .data.impure_data
                0x1fff8124       0x60 c:/program files (x86)/cypress/psoc creator/3.3/psoc creator/import/gnu/arm/4.9.3/bin/../lib/gcc/arm-none-eabi/4.9.3/../../../../arm-none-eabi/lib/armv7-m\libg_nano.a(lib_a-impure.o)
 .data._impure_ptr
                0x1fff8184        0x4 c:/program files (x86)/cypress/psoc creator/3.3/psoc creator/import/gnu/arm/4.9.3/bin/../lib/gcc/arm-none-eabi/4.9.3/../../../../arm-none-eabi/lib/armv7-m\libg_nano.a(lib_a-impure.o)
                0x1fff8184                _impure_ptr
                0x1fff8188                . = ALIGN (0x8)
 *(.ram)
                0x1fff8188                _edata = .

.igot.plt       0x1fff8188        0x0 load address 0x000079c0
 .igot.plt      0x00000000        0x0 c:/program files (x86)/cypress/psoc creator/3.3/psoc creator/import/gnu/arm/4.9.3/bin/../lib/gcc/arm-none-eabi/4.9.3/armv7-m/crtbegin.o

.bss            0x1fff8188      0x3e8 load address 0x000079c0
                0x1fff8188                PROVIDE (__bss_start__, .)
 *(.shbss)
 *(.bss .bss.* .gnu.linkonce.b.*)
 .bss           0x1fff8188       0x1c c:/program files (x86)/cypress/psoc creator/3.3/psoc creator/import/gnu/arm/4.9.3/bin/../lib/gcc/arm-none-eabi/4.9.3/armv7-m/crtbegin.o
 .bss           0x1fff81a4       0x10 .\CortexM3\ARM_GCC_493\Debug\main.o
                0x1fff81a4                messageToBeTreatedCount
                0x1fff81a8                msgToBeTreatedIndex
                0x1fff81ac                msgToBeStoredIndex
                0x1fff81b0                peltier_update_flag
 *fill*         0x1fff81b4        0x4 
 .bss           0x1fff81b8       0x10 .\CortexM3\ARM_GCC_493\Debug\PIDControler.o
                0x1fff81b8                integral
                0x1fff81c0                last_error
 .bss           0x1fff81c8       0x14 .\CortexM3\ARM_GCC_493\Debug\MC1_5_PSOC5.a(ADC.o)
                0x1fff81c8                ADC_convDone
                0x1fff81c9                ADC_stopConversion
                0x1fff81ca                ADC_initVar
                0x1fff81cb                ADC_started
 .bss           0x1fff81dc        0x1 .\CortexM3\ARM_GCC_493\Debug\MC1_5_PSOC5.a(CAN_1.o)
                0x1fff81dc                CAN_1_initVar
 .bss           0x1fff81dd        0x1 .\CortexM3\ARM_GCC_493\Debug\MC1_5_PSOC5.a(pwmFan_1.o)
                0x1fff81dd                pwmFan_1_initVar
 .bss           0x1fff81de        0x1 .\CortexM3\ARM_GCC_493\Debug\MC1_5_PSOC5.a(pwmFan_2.o)
                0x1fff81de                pwmFan_2_initVar
 .bss           0x1fff81df        0x1 .\CortexM3\ARM_GCC_493\Debug\MC1_5_PSOC5.a(Peltier1_PWM_Ctrl.o)
                0x1fff81df                Peltier1_PWM_Ctrl_initVar
 .bss           0x1fff81e0        0x1 .\CortexM3\ARM_GCC_493\Debug\MC1_5_PSOC5.a(Peltier2_PWM_Ctrl.o)
                0x1fff81e0                Peltier2_PWM_Ctrl_initVar
 .bss           0x1fff81e1        0x1 .\CortexM3\ARM_GCC_493\Debug\MC1_5_PSOC5.a(TimerPID.o)
                0x1fff81e1                TimerPID_initVar
 .bss           0x1fff81e2        0x1 .\CortexM3\ARM_GCC_493\Debug\MC1_5_PSOC5.a(pwmStepper_1.o)
                0x1fff81e2                pwmStepper_1_initVar
 .bss           0x1fff81e3        0x1 .\CortexM3\ARM_GCC_493\Debug\MC1_5_PSOC5.a(pwmStepper_2.o)
                0x1fff81e3                pwmStepper_2_initVar
 .bss           0x1fff81e4        0x8 .\CortexM3\ARM_GCC_493\Debug\MC1_5_PSOC5.a(CySpc.o)
                0x1fff81e4                SpcLockState
 *(COMMON)
 COMMON         0x1fff81ec      0x378 .\CortexM3\ARM_GCC_493\Debug\main.o
                0x1fff81ec                receivedMsgs
                0x1fff850c                mc1_5Module
 COMMON         0x1fff8564        0x8 .\CortexM3\ARM_GCC_493\Debug\MC1_5_PSOC5.a(ADC.o)
                0x1fff8564                ADC_Offset
                0x1fff8568                ADC_CountsPerVolt
 COMMON         0x1fff856c        0x2 .\CortexM3\ARM_GCC_493\Debug\MC1_5_PSOC5.a(CyFlash.o)
                0x1fff856c                dieTemperature
                0x1fff8570                . = ALIGN (0x8)
 *fill*         0x1fff856e        0x2 
 *(.ram.b)
                0x1fff8570                _end = .
                0x1fff8570                __end = .
                0x1fff8570                PROVIDE (end, .)
                0x1fff8570                PROVIDE (__bss_end__, .)
                0x00007940                __cy_region_init_ram = LOADADDR (.data)
                0x00000080                __cy_region_init_size_ram = (_edata - ADDR (.data))
                0x000003e8                __cy_region_zero_size_ram = (_end - _edata)

.heap           0x1fff8570       0x80 load address 0x000079c0
                0x1fff8570                . = _end
                0x1fff85f0                . = (. + 0x80)
 *fill*         0x1fff8570       0x80 
                0x1fff85f0                __cy_heap_limit = .

.stack          0x20007800      0x800
                0x20007800                __cy_stack_limit = .
                0x20008000                . = (. + 0x800)
 *fill*         0x20007800      0x800 
                0x00000001                ASSERT ((__cy_stack_limit >= __cy_heap_limit), region RAM overflowed with stack)

.cyloadermeta
 *(.cyloadermeta)

.cyloadablemeta
 *(.cyloadablemeta)

.cyconfigecc    0x80000000      0x6f0
 *(.cyconfigecc)
 .cyconfigecc   0x80000000      0x6f0 .\CortexM3\ARM_GCC_493\Debug\cymetadata.o
                0x80000000                cy_meta_configecc

.cycustnvl      0x90000000        0x4
 *(.cycustnvl)
 .cycustnvl     0x90000000        0x4 .\CortexM3\ARM_GCC_493\Debug\cymetadata.o
                0x90000000                cy_meta_custnvl

.cywolatch      0x90100000        0x4
 *(.cywolatch)
 .cywolatch     0x90100000        0x4 .\CortexM3\ARM_GCC_493\Debug\cymetadata.o
                0x90100000                cy_meta_wonvl

.cyeeprom       0x90200000        0x0
 *(.cyeeprom)
                0x00000001                ASSERT ((. <= ((0x90200000 + ee_offset) + ee_size)), .cyeeprom data will not fit in EEPROM)

.cyflashprotect
                0x90400000      0x100
 *(.cyflashprotect)
 .cyflashprotect
                0x90400000      0x100 .\CortexM3\ARM_GCC_493\Debug\cymetadata.o
                0x90400000                cy_meta_flashprotect

.cymeta         0x90500000        0xc
 *(.cymeta)
 .cymeta        0x90500000        0xc .\CortexM3\ARM_GCC_493\Debug\cymetadata.o
                0x90500000                cy_metadata

.rel.dyn        0x000079c0        0x0 load address 0x9050000c
 .rel.iplt      0x00000000        0x0 c:/program files (x86)/cypress/psoc creator/3.3/psoc creator/import/gnu/arm/4.9.3/bin/../lib/gcc/arm-none-eabi/4.9.3/armv7-m/crtbegin.o

.stab
 *(.stab)

.stabstr
 *(.stabstr)

.debug
 *(.debug)

.line
 *(.line)

.debug_srcinfo
 *(.debug_srcinfo)

.debug_sfnames
 *(.debug_sfnames)

.debug_aranges  0x00000000     0x1460
 *(.debug_aranges)
 .debug_aranges
                0x00000000       0x58 .\CortexM3\ARM_GCC_493\Debug\main.o
 .debug_aranges
                0x00000058       0x28 .\CortexM3\ARM_GCC_493\Debug\removeOffsetNoise.o
 .debug_aranges
                0x00000080       0x38 .\CortexM3\ARM_GCC_493\Debug\ComputerCommunication.o
 .debug_aranges
                0x000000b8       0xa0 .\CortexM3\ARM_GCC_493\Debug\memory.o
 .debug_aranges
                0x00000158       0x30 .\CortexM3\ARM_GCC_493\Debug\CAN_Communication.o
 .debug_aranges
                0x00000188       0x28 .\CortexM3\ARM_GCC_493\Debug\Termistor.o
 .debug_aranges
                0x000001b0       0x30 .\CortexM3\ARM_GCC_493\Debug\PIDControler.o
 .debug_aranges
                0x000001e0       0x28 .\CortexM3\ARM_GCC_493\Debug\FanControler.o
 .debug_aranges
                0x00000208       0x30 .\CortexM3\ARM_GCC_493\Debug\PeltierControler.o
 .debug_aranges
                0x00000238       0x48 .\CortexM3\ARM_GCC_493\Debug\Stepper.o
 .debug_aranges
                0x00000280       0x30 .\CortexM3\ARM_GCC_493\Debug\MagnetisationController.o
 .debug_aranges
                0x000002b0       0x18 .\CortexM3\ARM_GCC_493\Debug\cymetadata.o
 .debug_aranges
                0x000002c8       0x48 .\CortexM3\ARM_GCC_493\Debug\Cm3Start.o
 .debug_aranges
                0x00000310       0x68 .\CortexM3\ARM_GCC_493\Debug\MC1_5_PSOC5.a(cyfitter_cfg.o)
 .debug_aranges
                0x00000378       0x28 .\CortexM3\ARM_GCC_493\Debug\MC1_5_PSOC5.a(Thermistor_1.o)
 .debug_aranges
                0x000003a0       0xe8 .\CortexM3\ARM_GCC_493\Debug\MC1_5_PSOC5.a(ADC.o)
 .debug_aranges
                0x00000488       0x38 .\CortexM3\ARM_GCC_493\Debug\MC1_5_PSOC5.a(ADC_INT.o)
 .debug_aranges
                0x000004c0       0x80 .\CortexM3\ARM_GCC_493\Debug\MC1_5_PSOC5.a(ADC_theACLK.o)
 .debug_aranges
                0x00000540       0x20 .\CortexM3\ARM_GCC_493\Debug\MC1_5_PSOC5.a(CyBootAsmGnu.o)
 .debug_aranges
                0x00000560      0x290 .\CortexM3\ARM_GCC_493\Debug\MC1_5_PSOC5.a(CyLib.o)
 .debug_aranges
                0x000007f0       0x90 .\CortexM3\ARM_GCC_493\Debug\MC1_5_PSOC5.a(cyPm.o)
 .debug_aranges
                0x00000880       0x78 .\CortexM3\ARM_GCC_493\Debug\MC1_5_PSOC5.a(EEPROM.o)
 .debug_aranges
                0x000008f8       0xc8 .\CortexM3\ARM_GCC_493\Debug\MC1_5_PSOC5.a(CAN_1.o)
 .debug_aranges
                0x000009c0       0x30 .\CortexM3\ARM_GCC_493\Debug\MC1_5_PSOC5.a(CAN_1_INT.o)
 .debug_aranges
                0x000009f0       0x38 .\CortexM3\ARM_GCC_493\Debug\MC1_5_PSOC5.a(CAN_1_TX_RX_func.o)
 .debug_aranges
                0x00000a28       0x98 .\CortexM3\ARM_GCC_493\Debug\MC1_5_PSOC5.a(pwmFan_1.o)
 .debug_aranges
                0x00000ac0       0x98 .\CortexM3\ARM_GCC_493\Debug\MC1_5_PSOC5.a(pwmFan_2.o)
 .debug_aranges
                0x00000b58       0x38 .\CortexM3\ARM_GCC_493\Debug\MC1_5_PSOC5.a(fanPeltier2_Enable.o)
 .debug_aranges
                0x00000b90       0x38 .\CortexM3\ARM_GCC_493\Debug\MC1_5_PSOC5.a(fanPeltier1_Enable.o)
 .debug_aranges
                0x00000bc8       0x28 .\CortexM3\ARM_GCC_493\Debug\MC1_5_PSOC5.a(Peltier_Enable.o)
 .debug_aranges
                0x00000bf0       0x98 .\CortexM3\ARM_GCC_493\Debug\MC1_5_PSOC5.a(Peltier1_PWM_Ctrl.o)
 .debug_aranges
                0x00000c88       0x98 .\CortexM3\ARM_GCC_493\Debug\MC1_5_PSOC5.a(Peltier2_PWM_Ctrl.o)
 .debug_aranges
                0x00000d20       0x28 .\CortexM3\ARM_GCC_493\Debug\MC1_5_PSOC5.a(Peltier1_Ctrl.o)
 .debug_aranges
                0x00000d48       0x28 .\CortexM3\ARM_GCC_493\Debug\MC1_5_PSOC5.a(Peltier2_Ctrl.o)
 .debug_aranges
                0x00000d70       0x38 .\CortexM3\ARM_GCC_493\Debug\MC1_5_PSOC5.a(CAN_Standby.o)
 .debug_aranges
                0x00000da8       0x70 .\CortexM3\ARM_GCC_493\Debug\MC1_5_PSOC5.a(ADC_Ext_CP_Clk.o)
 .debug_aranges
                0x00000e18       0x30 .\CortexM3\ARM_GCC_493\Debug\MC1_5_PSOC5.a(ADC_AMux.o)
 .debug_aranges
                0x00000e48       0x90 .\CortexM3\ARM_GCC_493\Debug\MC1_5_PSOC5.a(TimerPID.o)
 .debug_aranges
                0x00000ed8       0x80 .\CortexM3\ARM_GCC_493\Debug\MC1_5_PSOC5.a(isr_pid.o)
 .debug_aranges
                0x00000f58       0x98 .\CortexM3\ARM_GCC_493\Debug\MC1_5_PSOC5.a(pwmStepper_1.o)
 .debug_aranges
                0x00000ff0       0x98 .\CortexM3\ARM_GCC_493\Debug\MC1_5_PSOC5.a(pwmStepper_2.o)
 .debug_aranges
                0x00001088       0x38 .\CortexM3\ARM_GCC_493\Debug\MC1_5_PSOC5.a(Stepper2_Enable.o)
 .debug_aranges
                0x000010c0       0x38 .\CortexM3\ARM_GCC_493\Debug\MC1_5_PSOC5.a(Stepper1_Enable.o)
 .debug_aranges
                0x000010f8       0x38 .\CortexM3\ARM_GCC_493\Debug\MC1_5_PSOC5.a(Stepper2_Step_SizeB2.o)
 .debug_aranges
                0x00001130       0x38 .\CortexM3\ARM_GCC_493\Debug\MC1_5_PSOC5.a(Stepper2_Step_SizeA2.o)
 .debug_aranges
                0x00001168       0x38 .\CortexM3\ARM_GCC_493\Debug\MC1_5_PSOC5.a(Stepper1_Dir.o)
 .debug_aranges
                0x000011a0       0x38 .\CortexM3\ARM_GCC_493\Debug\MC1_5_PSOC5.a(Stepper1_Step_SizeA1.o)
 .debug_aranges
                0x000011d8       0x38 .\CortexM3\ARM_GCC_493\Debug\MC1_5_PSOC5.a(Stepper1_Step_SizeB1.o)
 .debug_aranges
                0x00001210       0x80 .\CortexM3\ARM_GCC_493\Debug\MC1_5_PSOC5.a(isr_Stepper2.o)
 .debug_aranges
                0x00001290       0x80 .\CortexM3\ARM_GCC_493\Debug\MC1_5_PSOC5.a(isr_Stepper1.o)
 .debug_aranges
                0x00001310       0x38 .\CortexM3\ARM_GCC_493\Debug\MC1_5_PSOC5.a(Stepper2_Dir.o)
 .debug_aranges
                0x00001348       0x80 .\CortexM3\ARM_GCC_493\Debug\MC1_5_PSOC5.a(CyFlash.o)
 .debug_aranges
                0x000013c8       0x78 .\CortexM3\ARM_GCC_493\Debug\MC1_5_PSOC5.a(CySpc.o)
 .debug_aranges
                0x00001440       0x20 .\CortexM3\ARM_GCC_493\Debug\MC1_5_PSOC5.a(cyutils.o)

.debug_pubnames
 *(.debug_pubnames)

.debug_info     0x00000000     0x8eb9
 *(.debug_info .gnu.linkonce.wi.*)
 .debug_info    0x00000000      0x494 .\CortexM3\ARM_GCC_493\Debug\main.o
 .debug_info    0x00000494      0x166 .\CortexM3\ARM_GCC_493\Debug\removeOffsetNoise.o
 .debug_info    0x000005fa      0x322 .\CortexM3\ARM_GCC_493\Debug\ComputerCommunication.o
 .debug_info    0x0000091c      0x48c .\CortexM3\ARM_GCC_493\Debug\memory.o
 .debug_info    0x00000da8      0x279 .\CortexM3\ARM_GCC_493\Debug\CAN_Communication.o
 .debug_info    0x00001021      0x39a .\CortexM3\ARM_GCC_493\Debug\Termistor.o
 .debug_info    0x000013bb      0x3c7 .\CortexM3\ARM_GCC_493\Debug\PIDControler.o
 .debug_info    0x00001782      0x32e .\CortexM3\ARM_GCC_493\Debug\FanControler.o
 .debug_info    0x00001ab0      0x3bc .\CortexM3\ARM_GCC_493\Debug\PeltierControler.o
 .debug_info    0x00001e6c      0x1c2 .\CortexM3\ARM_GCC_493\Debug\Stepper.o
 .debug_info    0x0000202e      0x327 .\CortexM3\ARM_GCC_493\Debug\MagnetisationController.o
 .debug_info    0x00002355      0x13e .\CortexM3\ARM_GCC_493\Debug\cymetadata.o
 .debug_info    0x00002493      0x323 .\CortexM3\ARM_GCC_493\Debug\Cm3Start.o
 .debug_info    0x000027b6      0x410 .\CortexM3\ARM_GCC_493\Debug\MC1_5_PSOC5.a(cyfitter_cfg.o)
 .debug_info    0x00002bc6      0x171 .\CortexM3\ARM_GCC_493\Debug\MC1_5_PSOC5.a(Thermistor_1.o)
 .debug_info    0x00002d37      0x71e .\CortexM3\ARM_GCC_493\Debug\MC1_5_PSOC5.a(ADC.o)
 .debug_info    0x00003455       0xcc .\CortexM3\ARM_GCC_493\Debug\MC1_5_PSOC5.a(ADC_INT.o)
 .debug_info    0x00003521      0x297 .\CortexM3\ARM_GCC_493\Debug\MC1_5_PSOC5.a(ADC_theACLK.o)
 .debug_info    0x000037b8       0x7e .\CortexM3\ARM_GCC_493\Debug\MC1_5_PSOC5.a(CyBootAsmGnu.o)
 .debug_info    0x00003836      0xd85 .\CortexM3\ARM_GCC_493\Debug\MC1_5_PSOC5.a(CyLib.o)
 .debug_info    0x000045bb      0x536 .\CortexM3\ARM_GCC_493\Debug\MC1_5_PSOC5.a(cyPm.o)
 .debug_info    0x00004af1      0x350 .\CortexM3\ARM_GCC_493\Debug\MC1_5_PSOC5.a(EEPROM.o)
 .debug_info    0x00004e41      0x77e .\CortexM3\ARM_GCC_493\Debug\MC1_5_PSOC5.a(CAN_1.o)
 .debug_info    0x000055bf      0x1eb .\CortexM3\ARM_GCC_493\Debug\MC1_5_PSOC5.a(CAN_1_INT.o)
 .debug_info    0x000057aa      0x3e3 .\CortexM3\ARM_GCC_493\Debug\MC1_5_PSOC5.a(CAN_1_TX_RX_func.o)
 .debug_info    0x00005b8d      0x282 .\CortexM3\ARM_GCC_493\Debug\MC1_5_PSOC5.a(pwmFan_1.o)
 .debug_info    0x00005e0f      0x282 .\CortexM3\ARM_GCC_493\Debug\MC1_5_PSOC5.a(pwmFan_2.o)
 .debug_info    0x00006091      0x11d .\CortexM3\ARM_GCC_493\Debug\MC1_5_PSOC5.a(fanPeltier2_Enable.o)
 .debug_info    0x000061ae      0x11d .\CortexM3\ARM_GCC_493\Debug\MC1_5_PSOC5.a(fanPeltier1_Enable.o)
 .debug_info    0x000062cb       0xd6 .\CortexM3\ARM_GCC_493\Debug\MC1_5_PSOC5.a(Peltier_Enable.o)
 .debug_info    0x000063a1      0x29e .\CortexM3\ARM_GCC_493\Debug\MC1_5_PSOC5.a(Peltier1_PWM_Ctrl.o)
 .debug_info    0x0000663f      0x29e .\CortexM3\ARM_GCC_493\Debug\MC1_5_PSOC5.a(Peltier2_PWM_Ctrl.o)
 .debug_info    0x000068dd       0xd6 .\CortexM3\ARM_GCC_493\Debug\MC1_5_PSOC5.a(Peltier1_Ctrl.o)
 .debug_info    0x000069b3       0xd6 .\CortexM3\ARM_GCC_493\Debug\MC1_5_PSOC5.a(Peltier2_Ctrl.o)
 .debug_info    0x00006a89      0x11d .\CortexM3\ARM_GCC_493\Debug\MC1_5_PSOC5.a(CAN_Standby.o)
 .debug_info    0x00006ba6      0x25b .\CortexM3\ARM_GCC_493\Debug\MC1_5_PSOC5.a(ADC_Ext_CP_Clk.o)
 .debug_info    0x00006e01      0x109 .\CortexM3\ARM_GCC_493\Debug\MC1_5_PSOC5.a(ADC_AMux.o)
 .debug_info    0x00006f0a      0x252 .\CortexM3\ARM_GCC_493\Debug\MC1_5_PSOC5.a(TimerPID.o)
 .debug_info    0x0000715c      0x238 .\CortexM3\ARM_GCC_493\Debug\MC1_5_PSOC5.a(isr_pid.o)
 .debug_info    0x00007394      0x282 .\CortexM3\ARM_GCC_493\Debug\MC1_5_PSOC5.a(pwmStepper_1.o)
 .debug_info    0x00007616      0x29e .\CortexM3\ARM_GCC_493\Debug\MC1_5_PSOC5.a(pwmStepper_2.o)
 .debug_info    0x000078b4      0x11d .\CortexM3\ARM_GCC_493\Debug\MC1_5_PSOC5.a(Stepper2_Enable.o)
 .debug_info    0x000079d1      0x11d .\CortexM3\ARM_GCC_493\Debug\MC1_5_PSOC5.a(Stepper1_Enable.o)
 .debug_info    0x00007aee      0x11d .\CortexM3\ARM_GCC_493\Debug\MC1_5_PSOC5.a(Stepper2_Step_SizeB2.o)
 .debug_info    0x00007c0b      0x11d .\CortexM3\ARM_GCC_493\Debug\MC1_5_PSOC5.a(Stepper2_Step_SizeA2.o)
 .debug_info    0x00007d28      0x11d .\CortexM3\ARM_GCC_493\Debug\MC1_5_PSOC5.a(Stepper1_Dir.o)
 .debug_info    0x00007e45      0x11d .\CortexM3\ARM_GCC_493\Debug\MC1_5_PSOC5.a(Stepper1_Step_SizeA1.o)
 .debug_info    0x00007f62      0x11d .\CortexM3\ARM_GCC_493\Debug\MC1_5_PSOC5.a(Stepper1_Step_SizeB1.o)
 .debug_info    0x0000807f      0x238 .\CortexM3\ARM_GCC_493\Debug\MC1_5_PSOC5.a(isr_Stepper2.o)
 .debug_info    0x000082b7      0x238 .\CortexM3\ARM_GCC_493\Debug\MC1_5_PSOC5.a(isr_Stepper1.o)
 .debug_info    0x000084ef      0x11d .\CortexM3\ARM_GCC_493\Debug\MC1_5_PSOC5.a(Stepper2_Dir.o)
 .debug_info    0x0000860c      0x36a .\CortexM3\ARM_GCC_493\Debug\MC1_5_PSOC5.a(CyFlash.o)
 .debug_info    0x00008976      0x456 .\CortexM3\ARM_GCC_493\Debug\MC1_5_PSOC5.a(CySpc.o)
 .debug_info    0x00008dcc       0xed .\CortexM3\ARM_GCC_493\Debug\MC1_5_PSOC5.a(cyutils.o)

.debug_abbrev   0x00000000     0x350c
 *(.debug_abbrev)
 .debug_abbrev  0x00000000      0x18a .\CortexM3\ARM_GCC_493\Debug\main.o
 .debug_abbrev  0x0000018a       0xcd .\CortexM3\ARM_GCC_493\Debug\removeOffsetNoise.o
 .debug_abbrev  0x00000257       0xdc .\CortexM3\ARM_GCC_493\Debug\ComputerCommunication.o
 .debug_abbrev  0x00000333       0xf2 .\CortexM3\ARM_GCC_493\Debug\memory.o
 .debug_abbrev  0x00000425       0xfc .\CortexM3\ARM_GCC_493\Debug\CAN_Communication.o
 .debug_abbrev  0x00000521      0x13d .\CortexM3\ARM_GCC_493\Debug\Termistor.o
 .debug_abbrev  0x0000065e      0x139 .\CortexM3\ARM_GCC_493\Debug\PIDControler.o
 .debug_abbrev  0x00000797      0x107 .\CortexM3\ARM_GCC_493\Debug\FanControler.o
 .debug_abbrev  0x0000089e       0xed .\CortexM3\ARM_GCC_493\Debug\PeltierControler.o
 .debug_abbrev  0x0000098b       0xa4 .\CortexM3\ARM_GCC_493\Debug\Stepper.o
 .debug_abbrev  0x00000a2f       0xf6 .\CortexM3\ARM_GCC_493\Debug\MagnetisationController.o
 .debug_abbrev  0x00000b25       0x77 .\CortexM3\ARM_GCC_493\Debug\cymetadata.o
 .debug_abbrev  0x00000b9c      0x1c5 .\CortexM3\ARM_GCC_493\Debug\Cm3Start.o
 .debug_abbrev  0x00000d61      0x1b0 .\CortexM3\ARM_GCC_493\Debug\MC1_5_PSOC5.a(cyfitter_cfg.o)
 .debug_abbrev  0x00000f11       0x8b .\CortexM3\ARM_GCC_493\Debug\MC1_5_PSOC5.a(Thermistor_1.o)
 .debug_abbrev  0x00000f9c      0x19d .\CortexM3\ARM_GCC_493\Debug\MC1_5_PSOC5.a(ADC.o)
 .debug_abbrev  0x00001139       0x42 .\CortexM3\ARM_GCC_493\Debug\MC1_5_PSOC5.a(ADC_INT.o)
 .debug_abbrev  0x0000117b      0x12a .\CortexM3\ARM_GCC_493\Debug\MC1_5_PSOC5.a(ADC_theACLK.o)
 .debug_abbrev  0x000012a5       0x14 .\CortexM3\ARM_GCC_493\Debug\MC1_5_PSOC5.a(CyBootAsmGnu.o)
 .debug_abbrev  0x000012b9      0x217 .\CortexM3\ARM_GCC_493\Debug\MC1_5_PSOC5.a(CyLib.o)
 .debug_abbrev  0x000014d0      0x16e .\CortexM3\ARM_GCC_493\Debug\MC1_5_PSOC5.a(cyPm.o)
 .debug_abbrev  0x0000163e      0x124 .\CortexM3\ARM_GCC_493\Debug\MC1_5_PSOC5.a(EEPROM.o)
 .debug_abbrev  0x00001762      0x153 .\CortexM3\ARM_GCC_493\Debug\MC1_5_PSOC5.a(CAN_1.o)
 .debug_abbrev  0x000018b5       0xba .\CortexM3\ARM_GCC_493\Debug\MC1_5_PSOC5.a(CAN_1_INT.o)
 .debug_abbrev  0x0000196f      0x155 .\CortexM3\ARM_GCC_493\Debug\MC1_5_PSOC5.a(CAN_1_TX_RX_func.o)
 .debug_abbrev  0x00001ac4      0x13b .\CortexM3\ARM_GCC_493\Debug\MC1_5_PSOC5.a(pwmFan_1.o)
 .debug_abbrev  0x00001bff      0x13b .\CortexM3\ARM_GCC_493\Debug\MC1_5_PSOC5.a(pwmFan_2.o)
 .debug_abbrev  0x00001d3a       0x9d .\CortexM3\ARM_GCC_493\Debug\MC1_5_PSOC5.a(fanPeltier2_Enable.o)
 .debug_abbrev  0x00001dd7       0x9d .\CortexM3\ARM_GCC_493\Debug\MC1_5_PSOC5.a(fanPeltier1_Enable.o)
 .debug_abbrev  0x00001e74       0x8e .\CortexM3\ARM_GCC_493\Debug\MC1_5_PSOC5.a(Peltier_Enable.o)
 .debug_abbrev  0x00001f02      0x13b .\CortexM3\ARM_GCC_493\Debug\MC1_5_PSOC5.a(Peltier1_PWM_Ctrl.o)
 .debug_abbrev  0x0000203d      0x13b .\CortexM3\ARM_GCC_493\Debug\MC1_5_PSOC5.a(Peltier2_PWM_Ctrl.o)
 .debug_abbrev  0x00002178       0x8e .\CortexM3\ARM_GCC_493\Debug\MC1_5_PSOC5.a(Peltier1_Ctrl.o)
 .debug_abbrev  0x00002206       0x8e .\CortexM3\ARM_GCC_493\Debug\MC1_5_PSOC5.a(Peltier2_Ctrl.o)
 .debug_abbrev  0x00002294       0x9d .\CortexM3\ARM_GCC_493\Debug\MC1_5_PSOC5.a(CAN_Standby.o)
 .debug_abbrev  0x00002331      0x12a .\CortexM3\ARM_GCC_493\Debug\MC1_5_PSOC5.a(ADC_Ext_CP_Clk.o)
 .debug_abbrev  0x0000245b       0x6f .\CortexM3\ARM_GCC_493\Debug\MC1_5_PSOC5.a(ADC_AMux.o)
 .debug_abbrev  0x000024ca      0x142 .\CortexM3\ARM_GCC_493\Debug\MC1_5_PSOC5.a(TimerPID.o)
 .debug_abbrev  0x0000260c      0x17f .\CortexM3\ARM_GCC_493\Debug\MC1_5_PSOC5.a(isr_pid.o)
 .debug_abbrev  0x0000278b      0x13b .\CortexM3\ARM_GCC_493\Debug\MC1_5_PSOC5.a(pwmStepper_1.o)
 .debug_abbrev  0x000028c6      0x13b .\CortexM3\ARM_GCC_493\Debug\MC1_5_PSOC5.a(pwmStepper_2.o)
 .debug_abbrev  0x00002a01       0x9d .\CortexM3\ARM_GCC_493\Debug\MC1_5_PSOC5.a(Stepper2_Enable.o)
 .debug_abbrev  0x00002a9e       0x9d .\CortexM3\ARM_GCC_493\Debug\MC1_5_PSOC5.a(Stepper1_Enable.o)
 .debug_abbrev  0x00002b3b       0x9d .\CortexM3\ARM_GCC_493\Debug\MC1_5_PSOC5.a(Stepper2_Step_SizeB2.o)
 .debug_abbrev  0x00002bd8       0x9d .\CortexM3\ARM_GCC_493\Debug\MC1_5_PSOC5.a(Stepper2_Step_SizeA2.o)
 .debug_abbrev  0x00002c75       0x9d .\CortexM3\ARM_GCC_493\Debug\MC1_5_PSOC5.a(Stepper1_Dir.o)
 .debug_abbrev  0x00002d12       0x9d .\CortexM3\ARM_GCC_493\Debug\MC1_5_PSOC5.a(Stepper1_Step_SizeA1.o)
 .debug_abbrev  0x00002daf       0x9d .\CortexM3\ARM_GCC_493\Debug\MC1_5_PSOC5.a(Stepper1_Step_SizeB1.o)
 .debug_abbrev  0x00002e4c      0x17f .\CortexM3\ARM_GCC_493\Debug\MC1_5_PSOC5.a(isr_Stepper2.o)
 .debug_abbrev  0x00002fcb      0x17f .\CortexM3\ARM_GCC_493\Debug\MC1_5_PSOC5.a(isr_Stepper1.o)
 .debug_abbrev  0x0000314a       0x9d .\CortexM3\ARM_GCC_493\Debug\MC1_5_PSOC5.a(Stepper2_Dir.o)
 .debug_abbrev  0x000031e7      0x12d .\CortexM3\ARM_GCC_493\Debug\MC1_5_PSOC5.a(CyFlash.o)
 .debug_abbrev  0x00003314      0x179 .\CortexM3\ARM_GCC_493\Debug\MC1_5_PSOC5.a(CySpc.o)
 .debug_abbrev  0x0000348d       0x7f .\CortexM3\ARM_GCC_493\Debug\MC1_5_PSOC5.a(cyutils.o)

.debug_line     0x00000000     0x53d3
 *(.debug_line)
 .debug_line    0x00000000      0x2c4 .\CortexM3\ARM_GCC_493\Debug\main.o
 .debug_line    0x000002c4      0x195 .\CortexM3\ARM_GCC_493\Debug\removeOffsetNoise.o
 .debug_line    0x00000459      0x1dc .\CortexM3\ARM_GCC_493\Debug\ComputerCommunication.o
 .debug_line    0x00000635      0x2d2 .\CortexM3\ARM_GCC_493\Debug\memory.o
 .debug_line    0x00000907      0x1c8 .\CortexM3\ARM_GCC_493\Debug\CAN_Communication.o
 .debug_line    0x00000acf      0x1a7 .\CortexM3\ARM_GCC_493\Debug\Termistor.o
 .debug_line    0x00000c76      0x1dc .\CortexM3\ARM_GCC_493\Debug\PIDControler.o
 .debug_line    0x00000e52      0x19c .\CortexM3\ARM_GCC_493\Debug\FanControler.o
 .debug_line    0x00000fee      0x1cb .\CortexM3\ARM_GCC_493\Debug\PeltierControler.o
 .debug_line    0x000011b9      0x209 .\CortexM3\ARM_GCC_493\Debug\Stepper.o
 .debug_line    0x000013c2      0x1ec .\CortexM3\ARM_GCC_493\Debug\MagnetisationController.o
 .debug_line    0x000015ae       0x53 .\CortexM3\ARM_GCC_493\Debug\cymetadata.o
 .debug_line    0x00001601      0x1d5 .\CortexM3\ARM_GCC_493\Debug\Cm3Start.o
 .debug_line    0x000017d6      0x20b .\CortexM3\ARM_GCC_493\Debug\MC1_5_PSOC5.a(cyfitter_cfg.o)
 .debug_line    0x000019e1       0x8e .\CortexM3\ARM_GCC_493\Debug\MC1_5_PSOC5.a(Thermistor_1.o)
 .debug_line    0x00001a6f      0x3c7 .\CortexM3\ARM_GCC_493\Debug\MC1_5_PSOC5.a(ADC.o)
 .debug_line    0x00001e36       0x8e .\CortexM3\ARM_GCC_493\Debug\MC1_5_PSOC5.a(ADC_INT.o)
 .debug_line    0x00001ec4      0x1e3 .\CortexM3\ARM_GCC_493\Debug\MC1_5_PSOC5.a(ADC_theACLK.o)
 .debug_line    0x000020a7       0x68 .\CortexM3\ARM_GCC_493\Debug\MC1_5_PSOC5.a(CyBootAsmGnu.o)
 .debug_line    0x0000210f      0x841 .\CortexM3\ARM_GCC_493\Debug\MC1_5_PSOC5.a(CyLib.o)
 .debug_line    0x00002950      0x36f .\CortexM3\ARM_GCC_493\Debug\MC1_5_PSOC5.a(cyPm.o)
 .debug_line    0x00002cbf      0x228 .\CortexM3\ARM_GCC_493\Debug\MC1_5_PSOC5.a(EEPROM.o)
 .debug_line    0x00002ee7      0x34a .\CortexM3\ARM_GCC_493\Debug\MC1_5_PSOC5.a(CAN_1.o)
 .debug_line    0x00003231       0xc0 .\CortexM3\ARM_GCC_493\Debug\MC1_5_PSOC5.a(CAN_1_INT.o)
 .debug_line    0x000032f1      0x283 .\CortexM3\ARM_GCC_493\Debug\MC1_5_PSOC5.a(CAN_1_TX_RX_func.o)
 .debug_line    0x00003574      0x18b .\CortexM3\ARM_GCC_493\Debug\MC1_5_PSOC5.a(pwmFan_1.o)
 .debug_line    0x000036ff      0x18b .\CortexM3\ARM_GCC_493\Debug\MC1_5_PSOC5.a(pwmFan_2.o)
 .debug_line    0x0000388a       0xa3 .\CortexM3\ARM_GCC_493\Debug\MC1_5_PSOC5.a(fanPeltier2_Enable.o)
 .debug_line    0x0000392d       0xa3 .\CortexM3\ARM_GCC_493\Debug\MC1_5_PSOC5.a(fanPeltier1_Enable.o)
 .debug_line    0x000039d0       0x79 .\CortexM3\ARM_GCC_493\Debug\MC1_5_PSOC5.a(Peltier_Enable.o)
 .debug_line    0x00003a49      0x197 .\CortexM3\ARM_GCC_493\Debug\MC1_5_PSOC5.a(Peltier1_PWM_Ctrl.o)
 .debug_line    0x00003be0      0x197 .\CortexM3\ARM_GCC_493\Debug\MC1_5_PSOC5.a(Peltier2_PWM_Ctrl.o)
 .debug_line    0x00003d77       0x78 .\CortexM3\ARM_GCC_493\Debug\MC1_5_PSOC5.a(Peltier1_Ctrl.o)
 .debug_line    0x00003def       0x78 .\CortexM3\ARM_GCC_493\Debug\MC1_5_PSOC5.a(Peltier2_Ctrl.o)
 .debug_line    0x00003e67       0x9c .\CortexM3\ARM_GCC_493\Debug\MC1_5_PSOC5.a(CAN_Standby.o)
 .debug_line    0x00003f03      0x1c2 .\CortexM3\ARM_GCC_493\Debug\MC1_5_PSOC5.a(ADC_Ext_CP_Clk.o)
 .debug_line    0x000040c5       0x9f .\CortexM3\ARM_GCC_493\Debug\MC1_5_PSOC5.a(ADC_AMux.o)
 .debug_line    0x00004164      0x173 .\CortexM3\ARM_GCC_493\Debug\MC1_5_PSOC5.a(TimerPID.o)
 .debug_line    0x000042d7      0x16b .\CortexM3\ARM_GCC_493\Debug\MC1_5_PSOC5.a(isr_pid.o)
 .debug_line    0x00004442      0x18f .\CortexM3\ARM_GCC_493\Debug\MC1_5_PSOC5.a(pwmStepper_1.o)
 .debug_line    0x000045d1      0x192 .\CortexM3\ARM_GCC_493\Debug\MC1_5_PSOC5.a(pwmStepper_2.o)
 .debug_line    0x00004763       0xa0 .\CortexM3\ARM_GCC_493\Debug\MC1_5_PSOC5.a(Stepper2_Enable.o)
 .debug_line    0x00004803       0xa0 .\CortexM3\ARM_GCC_493\Debug\MC1_5_PSOC5.a(Stepper1_Enable.o)
 .debug_line    0x000048a3       0xa5 .\CortexM3\ARM_GCC_493\Debug\MC1_5_PSOC5.a(Stepper2_Step_SizeB2.o)
 .debug_line    0x00004948       0xa5 .\CortexM3\ARM_GCC_493\Debug\MC1_5_PSOC5.a(Stepper2_Step_SizeA2.o)
 .debug_line    0x000049ed       0x9d .\CortexM3\ARM_GCC_493\Debug\MC1_5_PSOC5.a(Stepper1_Dir.o)
 .debug_line    0x00004a8a       0xa5 .\CortexM3\ARM_GCC_493\Debug\MC1_5_PSOC5.a(Stepper1_Step_SizeA1.o)
 .debug_line    0x00004b2f       0xa5 .\CortexM3\ARM_GCC_493\Debug\MC1_5_PSOC5.a(Stepper1_Step_SizeB1.o)
 .debug_line    0x00004bd4      0x170 .\CortexM3\ARM_GCC_493\Debug\MC1_5_PSOC5.a(isr_Stepper2.o)
 .debug_line    0x00004d44      0x170 .\CortexM3\ARM_GCC_493\Debug\MC1_5_PSOC5.a(isr_Stepper1.o)
 .debug_line    0x00004eb4       0x9d .\CortexM3\ARM_GCC_493\Debug\MC1_5_PSOC5.a(Stepper2_Dir.o)
 .debug_line    0x00004f51      0x207 .\CortexM3\ARM_GCC_493\Debug\MC1_5_PSOC5.a(CyFlash.o)