Archive member included because of file (symbol)

.\CortexM3\ARM_GCC_493\Debug\TAC_PSOC5.a(cyfitter_cfg.o)
                              .\CortexM3\ARM_GCC_493\Debug\Cm3Start.o (cyfitter_cfg)
.\CortexM3\ARM_GCC_493\Debug\TAC_PSOC5.a(Thermistor_1.o)
                              .\CortexM3\ARM_GCC_493\Debug\Termistor.o (Thermistor_1_GetResistance)
.\CortexM3\ARM_GCC_493\Debug\TAC_PSOC5.a(ADC.o)
                              .\CortexM3\ARM_GCC_493\Debug\main.o (ADC_Start)
.\CortexM3\ARM_GCC_493\Debug\TAC_PSOC5.a(ADC_INT.o)
                              .\CortexM3\ARM_GCC_493\Debug\TAC_PSOC5.a(ADC.o) (ADC_ISR1)
.\CortexM3\ARM_GCC_493\Debug\TAC_PSOC5.a(ADC_theACLK.o)
                              .\CortexM3\ARM_GCC_493\Debug\TAC_PSOC5.a(ADC.o) (ADC_theACLK_SetDividerRegister)
.\CortexM3\ARM_GCC_493\Debug\TAC_PSOC5.a(CyBootAsmGnu.o)
                              .\CortexM3\ARM_GCC_493\Debug\TAC_PSOC5.a(cyfitter_cfg.o) (CyDelayCycles)
.\CortexM3\ARM_GCC_493\Debug\TAC_PSOC5.a(CyLib.o)
                              .\CortexM3\ARM_GCC_493\Debug\Cm3Start.o (CyResetStatus)
.\CortexM3\ARM_GCC_493\Debug\TAC_PSOC5.a(cyPm.o)
                              .\CortexM3\ARM_GCC_493\Debug\TAC_PSOC5.a(CyLib.o) (CyPmReadStatus)
.\CortexM3\ARM_GCC_493\Debug\TAC_PSOC5.a(EEPROM.o)
                              .\CortexM3\ARM_GCC_493\Debug\memory.o (EEPROM_Start)
.\CortexM3\ARM_GCC_493\Debug\TAC_PSOC5.a(CAN_1.o)
                              .\CortexM3\ARM_GCC_493\Debug\main.o (CAN_1_GlobalIntEnable)
.\CortexM3\ARM_GCC_493\Debug\TAC_PSOC5.a(CAN_1_INT.o)
                              .\CortexM3\ARM_GCC_493\Debug\TAC_PSOC5.a(CAN_1.o) (CAN_1_ISR)
.\CortexM3\ARM_GCC_493\Debug\TAC_PSOC5.a(CAN_1_TX_RX_func.o)
                              .\CortexM3\ARM_GCC_493\Debug\CAN_Communication.o (CAN_1_SendMsg)
.\CortexM3\ARM_GCC_493\Debug\TAC_PSOC5.a(pwmAgitator_1.o)
                              .\CortexM3\ARM_GCC_493\Debug\main.o (pwmAgitator_1_Start)
.\CortexM3\ARM_GCC_493\Debug\TAC_PSOC5.a(pwmFan_1.o)
                              .\CortexM3\ARM_GCC_493\Debug\main.o (pwmFan_1_Start)
.\CortexM3\ARM_GCC_493\Debug\TAC_PSOC5.a(pwmAgitator_2.o)
                              .\CortexM3\ARM_GCC_493\Debug\main.o (pwmAgitator_2_Start)
.\CortexM3\ARM_GCC_493\Debug\TAC_PSOC5.a(pwmFan_2.o)
                              .\CortexM3\ARM_GCC_493\Debug\main.o (pwmFan_2_Start)
.\CortexM3\ARM_GCC_493\Debug\TAC_PSOC5.a(outputAgitator2_Enable.o)
                              .\CortexM3\ARM_GCC_493\Debug\AgitatorControler.o (outputAgitator2_Enable_Write)
.\CortexM3\ARM_GCC_493\Debug\TAC_PSOC5.a(outputAgitator1_Enable.o)
                              .\CortexM3\ARM_GCC_493\Debug\AgitatorControler.o (outputAgitator1_Enable_Write)
.\CortexM3\ARM_GCC_493\Debug\TAC_PSOC5.a(fanPeltier2_Enable.o)
                              .\CortexM3\ARM_GCC_493\Debug\FanControler.o (fanPeltier2_Enable_Write)
.\CortexM3\ARM_GCC_493\Debug\TAC_PSOC5.a(fanPeltier1_Enable.o)
                              .\CortexM3\ARM_GCC_493\Debug\FanControler.o (fanPeltier1_Enable_Write)
.\CortexM3\ARM_GCC_493\Debug\TAC_PSOC5.a(Peltier_Enable.o)
                              .\CortexM3\ARM_GCC_493\Debug\PeltierControler.o (Peltier_Enable_Write)
.\CortexM3\ARM_GCC_493\Debug\TAC_PSOC5.a(Peltier1_PWM_Ctrl.o)
                              .\CortexM3\ARM_GCC_493\Debug\main.o (Peltier1_PWM_Ctrl_Start)
.\CortexM3\ARM_GCC_493\Debug\TAC_PSOC5.a(Peltier2_PWM_Ctrl.o)
                              .\CortexM3\ARM_GCC_493\Debug\main.o (Peltier2_PWM_Ctrl_Start)
.\CortexM3\ARM_GCC_493\Debug\TAC_PSOC5.a(Peltier1_Ctrl.o)
                              .\CortexM3\ARM_GCC_493\Debug\PeltierControler.o (Peltier1_Ctrl_Write)
.\CortexM3\ARM_GCC_493\Debug\TAC_PSOC5.a(Peltier2_Ctrl.o)
                              .\CortexM3\ARM_GCC_493\Debug\PeltierControler.o (Peltier2_Ctrl_Write)
.\CortexM3\ARM_GCC_493\Debug\TAC_PSOC5.a(CAN_Standby.o)
                              .\CortexM3\ARM_GCC_493\Debug\main.o (CAN_Standby_Write)
.\CortexM3\ARM_GCC_493\Debug\TAC_PSOC5.a(ClockTurbido.o)
                              .\CortexM3\ARM_GCC_493\Debug\turbido.o (ClockTurbido_Start)
.\CortexM3\ARM_GCC_493\Debug\TAC_PSOC5.a(TurbidoISR.o)
                              .\CortexM3\ARM_GCC_493\Debug\main.o (TurbidoISR_StartEx)
.\CortexM3\ARM_GCC_493\Debug\TAC_PSOC5.a(ADC_TURBIDO.o)
                              .\CortexM3\ARM_GCC_493\Debug\turbido.o (ADC_TURBIDO_Start)
.\CortexM3\ARM_GCC_493\Debug\TAC_PSOC5.a(ADC_TURBIDO_INT.o)
                              .\CortexM3\ARM_GCC_493\Debug\TAC_PSOC5.a(ADC_TURBIDO.o) (ADC_TURBIDO_ISR)
.\CortexM3\ARM_GCC_493\Debug\TAC_PSOC5.a(ADC_TURBIDO_theACLK.o)
                              .\CortexM3\ARM_GCC_493\Debug\TAC_PSOC5.a(ADC_TURBIDO.o) (ADC_TURBIDO_theACLK_SetModeRegister)
.\CortexM3\ARM_GCC_493\Debug\TAC_PSOC5.a(ADC_Ext_CP_Clk.o)
                              .\CortexM3\ARM_GCC_493\Debug\TAC_PSOC5.a(ADC.o) (ADC_Ext_CP_Clk_SetDividerRegister)
.\CortexM3\ARM_GCC_493\Debug\TAC_PSOC5.a(ADC_AMux.o)
[...]
Memory Configuration

Name             Origin             Length             Attributes
rom              0x00000000         0x00040000         xr
ram              0x1fff8000         0x00010000         xrw
*default*        0x00000000         0xffffffff

Linker script and memory map

LOAD c:/program files (x86)/cypress/psoc creator/3.3/psoc creator/import/gnu/arm/4.9.3/bin/../lib/gcc/arm-none-eabi/4.9.3/armv7-m/crti.o
LOAD c:/program files (x86)/cypress/psoc creator/3.3/psoc creator/import/gnu/arm/4.9.3/bin/../lib/gcc/arm-none-eabi/4.9.3/armv7-m/crtbegin.o
LOAD c:/program files (x86)/cypress/psoc creator/3.3/psoc creator/import/gnu/arm/4.9.3/bin/../lib/gcc/arm-none-eabi/4.9.3/../../../../arm-none-eabi/lib/armv7-m/crt0.o
START GROUP
LOAD .\CortexM3\ARM_GCC_493\Debug\main.o
LOAD .\CortexM3\ARM_GCC_493\Debug\removeOffsetNoise.o
LOAD .\CortexM3\ARM_GCC_493\Debug\ComputerCommunication.o
LOAD .\CortexM3\ARM_GCC_493\Debug\memory.o
LOAD .\CortexM3\ARM_GCC_493\Debug\CAN_Communication.o
LOAD .\CortexM3\ARM_GCC_493\Debug\turbido.o
LOAD .\CortexM3\ARM_GCC_493\Debug\Termistor.o
LOAD .\CortexM3\ARM_GCC_493\Debug\PIDControler.o
LOAD .\CortexM3\ARM_GCC_493\Debug\FanControler.o
LOAD .\CortexM3\ARM_GCC_493\Debug\PeltierControler.o
LOAD .\CortexM3\ARM_GCC_493\Debug\AgitatorControler.o
LOAD .\CortexM3\ARM_GCC_493\Debug\cymetadata.o
LOAD .\CortexM3\ARM_GCC_493\Debug\Cm3Start.o
LOAD .\CortexM3\ARM_GCC_493\Debug\TAC_PSOC5.a
LOAD C:\Program Files (x86)\Cypress\PSoC Creator\3.3\PSoC Creator\psoc\content\cycomponentlibrary\CyComponentLibrary.cylib\CortexM3\ARM_GCC_493\Debug\CyComponentLibrary.a
LOAD c:/program files (x86)/cypress/psoc creator/3.3/psoc creator/import/gnu/arm/4.9.3/bin/../lib/gcc/arm-none-eabi/4.9.3/../../../../arm-none-eabi/lib/armv7-m\libm.a
END GROUP
START GROUP
LOAD c:/program files (x86)/cypress/psoc creator/3.3/psoc creator/import/gnu/arm/4.9.3/bin/../lib/gcc/arm-none-eabi/4.9.3/armv7-m\libgcc.a
LOAD c:/program files (x86)/cypress/psoc creator/3.3/psoc creator/import/gnu/arm/4.9.3/bin/../lib/gcc/arm-none-eabi/4.9.3/../../../../arm-none-eabi/lib/armv7-m\libg_nano.a
LOAD c:/program files (x86)/cypress/psoc creator/3.3/psoc creator/import/gnu/arm/4.9.3/bin/../lib/gcc/arm-none-eabi/4.9.3/../../../../arm-none-eabi/lib/armv7-m\libc_nano.a
END GROUP
START GROUP
LOAD c:/program files (x86)/cypress/psoc creator/3.3/psoc creator/import/gnu/arm/4.9.3/bin/../lib/gcc/arm-none-eabi/4.9.3/armv7-m\libgcc.a
LOAD c:/program files (x86)/cypress/psoc creator/3.3/psoc creator/import/gnu/arm/4.9.3/bin/../lib/gcc/arm-none-eabi/4.9.3/../../../../arm-none-eabi/lib/armv7-m\libc_nano.a
END GROUP
LOAD c:/program files (x86)/cypress/psoc creator/3.3/psoc creator/import/gnu/arm/4.9.3/bin/../lib/gcc/arm-none-eabi/4.9.3/armv7-m/crtend.o
LOAD c:/program files (x86)/cypress/psoc creator/3.3/psoc creator/import/gnu/arm/4.9.3/bin/../lib/gcc/arm-none-eabi/4.9.3/armv7-m/crtn.o
START GROUP
LOAD c:/program files (x86)/cypress/psoc creator/3.3/psoc creator/import/gnu/arm/4.9.3/bin/../lib/gcc/arm-none-eabi/4.9.3/armv7-m\libgcc.a
LOAD c:/program files (x86)/cypress/psoc creator/3.3/psoc creator/import/gnu/arm/4.9.3/bin/../lib/gcc/arm-none-eabi/4.9.3/../../../../arm-none-eabi/lib/armv7-m\libc.a
LOAD c:/program files (x86)/cypress/psoc creator/3.3/psoc creator/import/gnu/arm/4.9.3/bin/../lib/gcc/arm-none-eabi/4.9.3/../../../../arm-none-eabi/lib/armv7-m\libnosys.a
END GROUP
                0x00000000                CY_APPL_ORIGIN = 0x0
                0x00000100                CY_FLASH_ROW_SIZE = 0x100
                0x00000020                CY_ECC_ROW_SIZE = 0x20
                0x00000000                CY_EE_IN_BTLDR = 0x0
                0x00000000                CY_APPL_LOADABLE = 0x0
                0x00000800                CY_EE_SIZE = 0x800
                0x00000001                CY_APPL_NUM = 0x1
                0x00000001                CY_APPL_MAX = 0x1
                0x00000040                CY_METADATA_SIZE = 0x40
                0x1fff9560                PROVIDE (__cy_heap_start, _end)
                0x00000001                PROVIDE (__cy_region_num, ((__cy_regions_end - __cy_regions) / 0x10))
                0x20008000                PROVIDE (__cy_stack, (ORIGIN (ram) + 0x10000))
                0x20007800                PROVIDE (__cy_heap_end, (__cy_stack - 0x800))

.cybootloader   0x00000000        0x0
 *(.cybootloader)
                0x00000000                appl1_start = CY_APPL_ORIGIN?CY_APPL_ORIGIN:ALIGN (CY_FLASH_ROW_SIZE)
                0x0001ff00                appl2_start = (appl1_start + ALIGN ((((0x40000 - appl1_start) - (0x2 * CY_FLASH_ROW_SIZE)) / 0x2), CY_FLASH_ROW_SIZE))
                0x00000000                appl_start = (CY_APPL_NUM == 0x1)?appl1_start:appl2_start
                0x00000000                ecc_offset = ((appl_start / CY_FLASH_ROW_SIZE) * CY_ECC_ROW_SIZE)
                0x00000000                ee_offset = (CY_APPL_LOADABLE && ! (CY_EE_IN_BTLDR))?((CY_EE_SIZE / CY_APPL_MAX) * (CY_APPL_NUM - 0x1)):0x0
                0x00000800                ee_size = (CY_APPL_LOADABLE && ! (CY_EE_IN_BTLDR))?(CY_EE_SIZE / CY_APPL_MAX):CY_EE_SIZE
                0x00000000                PROVIDE (CY_ECC_OFFSET, ecc_offset)

.text           0x00000000     0x7b8e
 CREATE_OBJECT_SYMBOLS
                0x00000000                PROVIDE (__cy_interrupt_vector, RomVectors)
 *(.romvectors)
 .romvectors    0x00000000       0x10 .\CortexM3\ARM_GCC_493\Debug\Cm3Start.o
                0x00000000                RomVectors
                0x00000001                ASSERT ((. != __cy_interrupt_vector), No interrupt vector)
                0x00000001                ASSERT (CY_APPL_ORIGIN?(SIZEOF (.cybootloader) <= CY_APPL_ORIGIN):0x1, Wrong image location)
                0x00000010                PROVIDE (__cy_reset, Reset)
 *(.text.Reset)
 .text.Reset    0x00000010       0x18 .\CortexM3\ARM_GCC_493\Debug\Cm3Start.o
                0x00000010                Reset
                0x00000001                ASSERT ((. != __cy_reset), No reset code)
 *(.dma_init)
                0x00000001                ASSERT ((((appl_start + .) <= 0x10000) || 0x1), DMA Init must be within the first 64k of flash)
 *(.text .text.* .gnu.linkonce.t.*)
 .text          0x00000028       0x5c c:/program files (x86)/cypress/psoc creator/3.3/psoc creator/import/gnu/arm/4.9.3/bin/../lib/gcc/arm-none-eabi/4.9.3/armv7-m/crtbegin.o
 .text.InterruptHandler
                0x00000084       0x28 .\CortexM3\ARM_GCC_493\Debug\main.o
                0x00000084                InterruptHandler
 .text.pidInterruptHandler
                0x000000ac       0x20 .\CortexM3\ARM_GCC_493\Debug\main.o
                0x000000ac                pidInterruptHandler
 .text.initTimerPID
                0x000000cc       0x14 .\CortexM3\ARM_GCC_493\Debug\main.o
                0x000000cc                initTimerPID
 .text.initCAN  0x000000e0       0x14 .\CortexM3\ARM_GCC_493\Debug\main.o
                0x000000e0                initCAN
 .text.main     0x000000f4       0xac .\CortexM3\ARM_GCC_493\Debug\main.o
                0x000000f4                main
 .text.initTACModule
                0x000001a0       0xbc .\CortexM3\ARM_GCC_493\Debug\main.o
                0x000001a0                initTACModule
 .text.treatMessage
                0x0000025c      0x5d0 .\CortexM3\ARM_GCC_493\Debug\main.o
                0x0000025c                treatMessage
 .text.sendTemperatureToCAN
                0x0000082c       0x60 .\CortexM3\ARM_GCC_493\Debug\ComputerCommunication.o
                0x0000082c                sendTemperatureToCAN
 .text.sendDataToCAN
                0x0000088c       0x60 .\CortexM3\ARM_GCC_493\Debug\ComputerCommunication.o
                0x0000088c                sendDataToCAN
 .text.sendDataToCAN2
                0x000008ec       0x60 .\CortexM3\ARM_GCC_493\Debug\ComputerCommunication.o
                0x000008ec                sendDataToCAN2
 .text.sendFloatToCAN
                0x0000094c       0x70 .\CortexM3\ARM_GCC_493\Debug\ComputerCommunication.o
                0x0000094c                sendFloatToCAN
 .text.init_eeprom
                0x000009bc       0x14 .\CortexM3\ARM_GCC_493\Debug\memory.o
                0x000009bc                init_eeprom
 .text.savePIDToEEPROM
                0x000009d0       0x4c .\CortexM3\ARM_GCC_493\Debug\memory.o
                0x000009d0                savePIDToEEPROM
 .text.loadPIDFromEEPROM
                0x00000a1c       0x58 .\CortexM3\ARM_GCC_493\Debug\memory.o
                0x00000a1c                loadPIDFromEEPROM
 .text.saveTemperatureLimitHighToEEPROM
                0x00000a74       0x34 .\CortexM3\ARM_GCC_493\Debug\memory.o
                0x00000a74                saveTemperatureLimitHighToEEPROM
 .text.loadTemperatureLimitHighFromEEPROM
                0x00000aa8       0x2c .\CortexM3\ARM_GCC_493\Debug\memory.o
                0x00000aa8                loadTemperatureLimitHighFromEEPROM
 .text.saveTemperatureLimitLowToEEPROM
                0x00000ad4       0x34 .\CortexM3\ARM_GCC_493\Debug\memory.o
                0x00000ad4                saveTemperatureLimitLowToEEPROM
 .text.saveTargetTemperatureToEEPROM
                0x00000b08       0x34 .\CortexM3\ARM_GCC_493\Debug\memory.o
                0x00000b08                saveTargetTemperatureToEEPROM
 .text.loadTargetTemperatureFromEEPROM
                0x00000b3c       0x2c .\CortexM3\ARM_GCC_493\Debug\memory.o
                0x00000b3c                loadTargetTemperatureFromEEPROM
 .text.saveUINT16
                0x00000b68       0x40 .\CortexM3\ARM_GCC_493\Debug\memory.o
                0x00000b68                saveUINT16
 .text.loadUINT16
                0x00000ba8       0x40 .\CortexM3\ARM_GCC_493\Debug\memory.o
                0x00000ba8                loadUINT16
 .text.saveFLOAT
                0x00000be8       0x48 .\CortexM3\ARM_GCC_493\Debug\memory.o
                0x00000be8                saveFLOAT
 .text.loadFLOAT
                0x00000c30       0x5c .\CortexM3\ARM_GCC_493\Debug\memory.o
                0x00000c30                loadFLOAT
 .text.getReceivedMessage
                0x00000c8c       0x64 .\CortexM3\ARM_GCC_493\Debug\CAN_Communication.o
                0x00000c8c                getReceivedMessage
 .text.sendMessage
                0x00000cf0       0x3c .\CortexM3\ARM_GCC_493\Debug\CAN_Communication.o
                0x00000cf0                sendMessage
 .text.meanTurbido
                0x00000d2c      0x144 .\CortexM3\ARM_GCC_493\Debug\turbido.o
                0x00000d2c                meanTurbido
 .text.getBufferIndex
                0x00000e70       0x44 .\CortexM3\ARM_GCC_493\Debug\turbido.o
                0x00000e70                getBufferIndex
 .text.updateTurbidoOutput
                0x00000eb4       0xe4 .\CortexM3\ARM_GCC_493\Debug\turbido.o
                0x00000eb4                updateTurbidoOutput
 .text.initTurbido
                0x00000f98       0x14 .\CortexM3\ARM_GCC_493\Debug\turbido.o
                0x00000f98                initTurbido
 .text.getThermistorTemp
                0x00000fac       0x88 .\CortexM3\ARM_GCC_493\Debug\Termistor.o
                0x00000fac                getThermistorTemp
 *fill*         0x00001034        0x4 
 .text.updatePeltierOutput
                0x00001038      0x3b0 .\CortexM3\ARM_GCC_493\Debug\PIDControler.o
                0x00001038                updatePeltierOutput
 .text.applyCommand
                0x000013e8       0x90 .\CortexM3\ARM_GCC_493\Debug\PIDControler.o
                0x000013e8                applyCommand
 .text.resetPIDSumError
                0x00001478       0x20 .\CortexM3\ARM_GCC_493\Debug\PIDControler.o
                0x00001478                resetPIDSumError
 .text.changeFanSpeed
                0x00001498       0x90 .\CortexM3\ARM_GCC_493\Debug\FanControler.o
                0x00001498                changeFanSpeed
 .text.changeFanState
                0x00001528       0x54 .\CortexM3\ARM_GCC_493\Debug\FanControler.o
                0x00001528                changeFanState
 .text.changePeltierPWMValue
                0x0000157c      0x114 .\CortexM3\ARM_GCC_493\Debug\PeltierControler.o
                0x0000157c                changePeltierPWMValue
 .text.changePeltierModuleState
                0x00001690       0x70 .\CortexM3\ARM_GCC_493\Debug\PeltierControler.o
                0x00001690                changePeltierModuleState
 .text.changePeltierModuleCurrentDirection
                0x00001700       0x5c .\CortexM3\ARM_GCC_493\Debug\PeltierControler.o
                0x00001700                changePeltierModuleCurrentDirection
 .text.changeAgitatorSpeed
                0x0000175c       0x9c .\CortexM3\ARM_GCC_493\Debug\AgitatorControler.o
                0x0000175c                changeAgitatorSpeed
 .text.changeAgitatorState
                0x000017f8       0x54 .\CortexM3\ARM_GCC_493\Debug\AgitatorControler.o
                0x000017f8                changeAgitatorState
 .text.IntDefaultHandler
                0x0000184c        0x8 .\CortexM3\ARM_GCC_493\Debug\Cm3Start.o
                0x0000184c                IntDefaultHandler
 .text.Start_c  0x00001854       0x98 .\CortexM3\ARM_GCC_493\Debug\Cm3Start.o
                0x00001854                Start_c
 .text.initialize_psoc
                0x000018ec       0x8c .\CortexM3\ARM_GCC_493\Debug\Cm3Start.o
                0x000018ec                initialize_psoc
 .text.CYMEMZERO
                0x00001978       0x1c .\CortexM3\ARM_GCC_493\Debug\TAC_PSOC5.a(cyfitter_cfg.o)
 .text.CYCONFIGCPY
                0x00001994       0x1c .\CortexM3\ARM_GCC_493\Debug\TAC_PSOC5.a(cyfitter_cfg.o)
 .text.cfg_write_bytes32
                0x000019b0       0x74 .\CortexM3\ARM_GCC_493\Debug\TAC_PSOC5.a(cyfitter_cfg.o)
 .text.ClockSetup
                0x00001a24      0x164 .\CortexM3\ARM_GCC_493\Debug\TAC_PSOC5.a(cyfitter_cfg.o)
 .text.AnalogSetDefault
                0x00001b88       0xd4 .\CortexM3\ARM_GCC_493\Debug\TAC_PSOC5.a(cyfitter_cfg.o)
 .text.ADC_AMux_Set
                0x00001c5c       0x40 .\CortexM3\ARM_GCC_493\Debug\TAC_PSOC5.a(cyfitter_cfg.o)
                0x00001c5c                ADC_AMux_Set
 .text.ADC_AMux_Unset
                0x00001c9c       0x44 .\CortexM3\ARM_GCC_493\Debug\TAC_PSOC5.a(cyfitter_cfg.o)
                0x00001c9c                ADC_AMux_Unset
 .text.cyfitter_cfg
                0x00001ce0      0x1c4 .\CortexM3\ARM_GCC_493\Debug\TAC_PSOC5.a(cyfitter_cfg.o)
                0x00001ce0                cyfitter_cfg
 .text.Thermistor_1_GetResistance
                0x00001ea4       0x6c .\CortexM3\ARM_GCC_493\Debug\TAC_PSOC5.a(Thermistor_1.o)
                0x00001ea4                Thermistor_1_GetResistance
 .text.Thermistor_1_GetTemperature
                0x00001f10      0x140 .\CortexM3\ARM_GCC_493\Debug\TAC_PSOC5.a(Thermistor_1.o)
                0x00001f10                Thermistor_1_GetTemperature
 .text.ADC_Init
                0x00002050      0x158 .\CortexM3\ARM_GCC_493\Debug\TAC_PSOC5.a(ADC.o)
                0x00002050                ADC_Init
 .text.ADC_Enable
                0x000021a8      0x158 .\CortexM3\ARM_GCC_493\Debug\TAC_PSOC5.a(ADC.o)
                0x000021a8                ADC_Enable
 .text.ADC_Start
                0x00002300       0x30 .\CortexM3\ARM_GCC_493\Debug\TAC_PSOC5.a(ADC.o)
                0x00002300                ADC_Start
 .text.ADC_StartConvert
                0x00002330       0x20 .\CortexM3\ARM_GCC_493\Debug\TAC_PSOC5.a(ADC.o)
                0x00002330                ADC_StartConvert
 .text.ADC_IsEndConversion
                0x00002350       0x50 .\CortexM3\ARM_GCC_493\Debug\TAC_PSOC5.a(ADC.o)
                0x00002350                ADC_IsEndConversion
 .text.ADC_GetResult32
                0x000023a0       0xa8 .\CortexM3\ARM_GCC_493\Debug\TAC_PSOC5.a(ADC.o)
                0x000023a0                ADC_GetResult32
 .text.ADC_CountsTo_mVolts
                0x00002448       0x40 .\CortexM3\ARM_GCC_493\Debug\TAC_PSOC5.a(ADC.o)
                0x00002448                ADC_CountsTo_mVolts
 .text.ADC_InitConfig
                0x00002488      0x40c .\CortexM3\ARM_GCC_493\Debug\TAC_PSOC5.a(ADC.o)
 .text.ADC_GainCompensation
                0x00002894      0x16c .\CortexM3\ARM_GCC_493\Debug\TAC_PSOC5.a(ADC.o)
 .text.ADC_SetDSMRef0Reg
                0x00002a00       0x78 .\CortexM3\ARM_GCC_493\Debug\TAC_PSOC5.a(ADC.o)
 .text.ADC_ISR1
                0x00002a78        0xc .\CortexM3\ARM_GCC_493\Debug\TAC_PSOC5.a(ADC_INT.o)
                0x00002a78                ADC_ISR1
 .text.ADC_ISR2
                0x00002a84        0xc .\CortexM3\ARM_GCC_493\Debug\TAC_PSOC5.a(ADC_INT.o)
                0x00002a84                ADC_ISR2
 .text.ADC_ISR3
                0x00002a90        0xc .\CortexM3\ARM_GCC_493\Debug\TAC_PSOC5.a(ADC_INT.o)
                0x00002a90                ADC_ISR3
 .text.ADC_ISR4
                0x00002a9c        0xc .\CortexM3\ARM_GCC_493\Debug\TAC_PSOC5.a(ADC_INT.o)
                0x00002a9c                ADC_ISR4
 .text.ADC_theACLK_SetDividerRegister
                0x00002aa8      0x160 .\CortexM3\ARM_GCC_493\Debug\TAC_PSOC5.a(ADC_theACLK.o)
                0x00002aa8                ADC_theACLK_SetDividerRegister
 .text.ADC_theACLK_GetDividerRegister
                0x00002c08       0x18 .\CortexM3\ARM_GCC_493\Debug\TAC_PSOC5.a(ADC_theACLK.o)
                0x00002c08                ADC_theACLK_GetDividerRegister
 .text.ADC_theACLK_SetModeRegister
                0x00002c20       0x34 .\CortexM3\ARM_GCC_493\Debug\TAC_PSOC5.a(ADC_theACLK.o)
                0x00002c20                ADC_theACLK_SetModeRegister
 .text.ADC_theACLK_GetSourceRegister
                0x00002c54       0x20 .\CortexM3\ARM_GCC_493\Debug\TAC_PSOC5.a(ADC_theACLK.o)
                0x00002c54                ADC_theACLK_GetSourceRegister
 *fill*         0x00002c74        0x4 
 .text          0x00002c78       0x20 .\CortexM3\ARM_GCC_493\Debug\TAC_PSOC5.a(CyBootAsmGnu.o)
                0x00002c78                CyDelayCycles
                0x00002c88                CyEnterCriticalSection
                0x00002c90                CyExitCriticalSection
 .text.CyHalt   0x00002c98       0x18 .\CortexM3\ARM_GCC_493\Debug\TAC_PSOC5.a(CyLib.o)
                0x00002c98                CyHalt
 .text.CyDelayUs
                0x00002cb0       0x24 .\CortexM3\ARM_GCC_493\Debug\TAC_PSOC5.a(CyLib.o)
                0x00002cb0                CyDelayUs
 .text.CyIntSetVector
                0x00002cd4       0x50 .\CortexM3\ARM_GCC_493\Debug\TAC_PSOC5.a(CyLib.o)
                0x00002cd4                CyIntSetVector
 .text.CyIntSetPriority
                0x00002d24       0x44 .\CortexM3\ARM_GCC_493\Debug\TAC_PSOC5.a(CyLib.o)
                0x00002d24                CyIntSetPriority
 .text.EEPROM_Enable
                0x00002d68       0x10 .\CortexM3\ARM_GCC_493\Debug\TAC_PSOC5.a(EEPROM.o)
                0x00002d68                EEPROM_Enable
 .text.EEPROM_Start
                0x00002d78        0xc .\CortexM3\ARM_GCC_493\Debug\TAC_PSOC5.a(EEPROM.o)
                0x00002d78                EEPROM_Start
 .text.EEPROM_WriteByte
                0x00002d84      0x120 .\CortexM3\ARM_GCC_493\Debug\TAC_PSOC5.a(EEPROM.o)
                0x00002d84                EEPROM_WriteByte
 .text.EEPROM_ReadByte
                0x00002ea4       0x3c .\CortexM3\ARM_GCC_493\Debug\TAC_PSOC5.a(EEPROM.o)
                0x00002ea4                EEPROM_ReadByte
 .text.EEPROM_UpdateTemperature
                0x00002ee0       0x10 .\CortexM3\ARM_GCC_493\Debug\TAC_PSOC5.a(EEPROM.o)
                0x00002ee0                EEPROM_UpdateTemperature
 .text.CAN_1_RxTxBuffersConfig
                0x00002ef0       0x80 .\CortexM3\ARM_GCC_493\Debug\TAC_PSOC5.a(CAN_1.o)
                0x00002ef0                CAN_1_RxTxBuffersConfig
 .text.CAN_1_Init
                0x00002f70      0x128 .\CortexM3\ARM_GCC_493\Debug\TAC_PSOC5.a(CAN_1.o)
                0x00002f70                CAN_1_Init
 .text.CAN_1_Enable
                0x00003098       0xa4 .\CortexM3\ARM_GCC_493\Debug\TAC_PSOC5.a(CAN_1.o)
                0x00003098                CAN_1_Enable
 .text.CAN_1_Start
                0x0000313c       0x3c .\CortexM3\ARM_GCC_493\Debug\TAC_PSOC5.a(CAN_1.o)
                0x0000313c                CAN_1_Start
 .text.CAN_1_Stop
                0x00003178       0x94 .\CortexM3\ARM_GCC_493\Debug\TAC_PSOC5.a(CAN_1.o)
                0x00003178                CAN_1_Stop
 .text.CAN_1_GlobalIntEnable
                0x0000320c       0x40 .\CortexM3\ARM_GCC_493\Debug\TAC_PSOC5.a(CAN_1.o)
                0x0000320c                CAN_1_GlobalIntEnable
 .text.CAN_1_GlobalIntDisable
                0x0000324c       0x40 .\CortexM3\ARM_GCC_493\Debug\TAC_PSOC5.a(CAN_1.o)
                0x0000324c                CAN_1_GlobalIntDisable
 .text.CAN_1_SetPreScaler
                0x0000328c       0x44 .\CortexM3\ARM_GCC_493\Debug\TAC_PSOC5.a(CAN_1.o)
                0x0000328c                CAN_1_SetPreScaler
 .text.CAN_1_SetArbiter
                0x000032d0       0x6c .\CortexM3\ARM_GCC_493\Debug\TAC_PSOC5.a(CAN_1.o)
                0x000032d0                CAN_1_SetArbiter
 .text.CAN_1_SetTsegSample
                0x0000333c       0xd4 .\CortexM3\ARM_GCC_493\Debug\TAC_PSOC5.a(CAN_1.o)
                0x0000333c                CAN_1_SetTsegSample
 .text.CAN_1_SetRestartType
                0x00003410       0x6c .\CortexM3\ARM_GCC_493\Debug\TAC_PSOC5.a(CAN_1.o)
                0x00003410                CAN_1_SetRestartType
 .text.CAN_1_SetEdgeMode
                0x0000347c       0x6c .\CortexM3\ARM_GCC_493\Debug\TAC_PSOC5.a(CAN_1.o)
                0x0000347c                CAN_1_SetEdgeMode
 .text.CAN_1_SetIrqMask
                0x000034e8       0x38 .\CortexM3\ARM_GCC_493\Debug\TAC_PSOC5.a(CAN_1.o)
                0x000034e8                CAN_1_SetIrqMask
 .text.CAN_1_RxBufConfig
                0x00003520       0xec .\CortexM3\ARM_GCC_493\Debug\TAC_PSOC5.a(CAN_1.o)
                0x00003520                CAN_1_RxBufConfig
 .text.CAN_1_TxBufConfig
                0x0000360c       0x88 .\CortexM3\ARM_GCC_493\Debug\TAC_PSOC5.a(CAN_1.o)
                0x0000360c                CAN_1_TxBufConfig
 .text.CAN_1_BusOffIsr
                0x00003694       0x18 .\CortexM3\ARM_GCC_493\Debug\TAC_PSOC5.a(CAN_1_INT.o)
                0x00003694                CAN_1_BusOffIsr
 .text.CAN_1_MsgRXIsr
                0x000036ac       0x84 .\CortexM3\ARM_GCC_493\Debug\TAC_PSOC5.a(CAN_1_INT.o)
                0x000036ac                CAN_1_MsgRXIsr
 .text.CAN_1_ISR
                0x00003730       0x30 .\CortexM3\ARM_GCC_493\Debug\TAC_PSOC5.a(CAN_1_INT.o)
                0x00003730                CAN_1_ISR
 .text.CAN_1_SendMsg
                0x00003760      0x170 .\CortexM3\ARM_GCC_493\Debug\TAC_PSOC5.a(CAN_1_TX_RX_func.o)
                0x00003760                CAN_1_SendMsg
 .text.CAN_1_ReceiveMsg
                0x000038d0       0x48 .\CortexM3\ARM_GCC_493\Debug\TAC_PSOC5.a(CAN_1_TX_RX_func.o)
                0x000038d0                CAN_1_ReceiveMsg
 .text.CAN_1_ReceiveMsg0
                0x00003918       0xf4 .\CortexM3\ARM_GCC_493\Debug\TAC_PSOC5.a(CAN_1_TX_RX_func.o)
                0x00003918                CAN_1_ReceiveMsg0
 .text.pwmAgitator_1_Start
                0x00003a0c       0x20 .\CortexM3\ARM_GCC_493\Debug\TAC_PSOC5.a(pwmAgitator_1.o)
                0x00003a0c                pwmAgitator_1_Start
 .text.pwmAgitator_1_Init
                0x00003a2c       0x90 .\CortexM3\ARM_GCC_493\Debug\TAC_PSOC5.a(pwmAgitator_1.o)
                0x00003a2c                pwmAgitator_1_Init
 .text.pwmAgitator_1_Enable
                0x00003abc       0x20 .\CortexM3\ARM_GCC_493\Debug\TAC_PSOC5.a(pwmAgitator_1.o)
                0x00003abc                pwmAgitator_1_Enable
 .text.pwmAgitator_1_WriteCounter
                0x00003adc       0x20 .\CortexM3\ARM_GCC_493\Debug\TAC_PSOC5.a(pwmAgitator_1.o)
                0x00003adc                pwmAgitator_1_WriteCounter
 .text.pwmAgitator_1_ClearFIFO
                0x00003afc       0x1c .\CortexM3\ARM_GCC_493\Debug\TAC_PSOC5.a(pwmAgitator_1.o)
                0x00003afc                pwmAgitator_1_ClearFIFO
 .text.pwmAgitator_1_WritePeriod
                0x00003b18       0x20 .\CortexM3\ARM_GCC_493\Debug\TAC_PSOC5.a(pwmAgitator_1.o)
                0x00003b18                pwmAgitator_1_WritePeriod
 .text.pwmAgitator_1_WriteCompare
                0x00003b38       0x20 .\CortexM3\ARM_GCC_493\Debug\TAC_PSOC5.a(pwmAgitator_1.o)
                0x00003b38                pwmAgitator_1_WriteCompare
 .text.pwmAgitator_1_SetInterruptMode
                0x00003b58       0x20 .\CortexM3\ARM_GCC_493\Debug\TAC_PSOC5.a(pwmAgitator_1.o)
                0x00003b58                pwmAgitator_1_SetInterruptMode
 .text.pwmAgitator_1_ReadStatusRegister
                0x00003b78       0x18 .\CortexM3\ARM_GCC_493\Debug\TAC_PSOC5.a(pwmAgitator_1.o)
                0x00003b78                pwmAgitator_1_ReadStatusRegister
 .text.pwmAgitator_1_ReadCapture
                0x00003b90       0x18 .\CortexM3\ARM_GCC_493\Debug\TAC_PSOC5.a(pwmAgitator_1.o)
                0x00003b90                pwmAgitator_1_ReadCapture
 .text.pwmAgitator_1_ReadPeriod
                0x00003ba8       0x18 .\CortexM3\ARM_GCC_493\Debug\TAC_PSOC5.a(pwmAgitator_1.o)
                0x00003ba8                pwmAgitator_1_ReadPeriod
 .text.pwmFan_1_Start
                0x00003bc0       0x20 .\CortexM3\ARM_GCC_493\Debug\TAC_PSOC5.a(pwmFan_1.o)
                0x00003bc0                pwmFan_1_Start
 .text.pwmFan_1_Init
                0x00003be0       0x78 .\CortexM3\ARM_GCC_493\Debug\TAC_PSOC5.a(pwmFan_1.o)
                0x00003be0                pwmFan_1_Init
 .text.pwmFan_1_Enable
                0x00003c58       0x20 .\CortexM3\ARM_GCC_493\Debug\TAC_PSOC5.a(pwmFan_1.o)
                0x00003c58                pwmFan_1_Enable
 .text.pwmFan_1_WriteCounter
                0x00003c78       0x20 .\CortexM3\ARM_GCC_493\Debug\TAC_PSOC5.a(pwmFan_1.o)
                0x00003c78                pwmFan_1_WriteCounter
 .text.pwmFan_1_ClearFIFO
                0x00003c98       0x1c .\CortexM3\ARM_GCC_493\Debug\TAC_PSOC5.a(pwmFan_1.o)
                0x00003c98                pwmFan_1_ClearFIFO
 .text.pwmFan_1_WritePeriod
                0x00003cb4       0x20 .\CortexM3\ARM_GCC_493\Debug\TAC_PSOC5.a(pwmFan_1.o)
                0x00003cb4                pwmFan_1_WritePeriod
 .text.pwmFan_1_WriteCompare
                0x00003cd4       0x20 .\CortexM3\ARM_GCC_493\Debug\TAC_PSOC5.a(pwmFan_1.o)
                0x00003cd4                pwmFan_1_WriteCompare
 .text.pwmFan_1_SetInterruptMode
                0x00003cf4       0x20 .\CortexM3\ARM_GCC_493\Debug\TAC_PSOC5.a(pwmFan_1.o)
                0x00003cf4                pwmFan_1_SetInterruptMode
 .text.pwmFan_1_ReadStatusRegister
                0x00003d14       0x18 .\CortexM3\ARM_GCC_493\Debug\TAC_PSOC5.a(pwmFan_1.o)
                0x00003d14                pwmFan_1_ReadStatusRegister
 .text.pwmFan_1_ReadCapture
                0x00003d2c       0x18 .\CortexM3\ARM_GCC_493\Debug\TAC_PSOC5.a(pwmFan_1.o)
                0x00003d2c                pwmFan_1_ReadCapture
 .text.pwmFan_1_ReadPeriod
                0x00003d44       0x18 .\CortexM3\ARM_GCC_493\Debug\TAC_PSOC5.a(pwmFan_1.o)
                0x00003d44                pwmFan_1_ReadPeriod
 .text.pwmAgitator_2_Start
                0x00003d5c       0x20 .\CortexM3\ARM_GCC_493\Debug\TAC_PSOC5.a(pwmAgitator_2.o)
                0x00003d5c                pwmAgitator_2_Start
 .text.pwmAgitator_2_Init
                0x00003d7c       0x90 .\CortexM3\ARM_GCC_493\Debug\TAC_PSOC5.a(pwmAgitator_2.o)
                0x00003d7c                pwmAgitator_2_Init
 .text.pwmAgitator_2_Enable
                0x00003e0c       0x20 .\CortexM3\ARM_GCC_493\Debug\TAC_PSOC5.a(pwmAgitator_2.o)
                0x00003e0c                pwmAgitator_2_Enable
 .text.pwmAgitator_2_WriteCounter
                0x00003e2c       0x20 .\CortexM3\ARM_GCC_493\Debug\TAC_PSOC5.a(pwmAgitator_2.o)
                0x00003e2c                pwmAgitator_2_WriteCounter
 .text.pwmAgitator_2_ClearFIFO
                0x00003e4c       0x1c .\CortexM3\ARM_GCC_493\Debug\TAC_PSOC5.a(pwmAgitator_2.o)
                0x00003e4c                pwmAgitator_2_ClearFIFO
 .text.pwmAgitator_2_WritePeriod
                0x00003e68       0x20 .\CortexM3\ARM_GCC_493\Debug\TAC_PSOC5.a(pwmAgitator_2.o)
                0x00003e68                pwmAgitator_2_WritePeriod
 .text.pwmAgitator_2_WriteCompare
                0x00003e88       0x20 .\CortexM3\ARM_GCC_493\Debug\TAC_PSOC5.a(pwmAgitator_2.o)
                0x00003e88                pwmAgitator_2_WriteCompare
 .text.pwmAgitator_2_SetInterruptMode
                0x00003ea8       0x20 .\CortexM3\ARM_GCC_493\Debug\TAC_PSOC5.a(pwmAgitator_2.o)
                0x00003ea8                pwmAgitator_2_SetInterruptMode
 .text.pwmAgitator_2_ReadStatusRegister
                0x00003ec8       0x18 .\CortexM3\ARM_GCC_493\Debug\TAC_PSOC5.a(pwmAgitator_2.o)
                0x00003ec8                pwmAgitator_2_ReadStatusRegister
 .text.pwmAgitator_2_ReadCapture
                0x00003ee0       0x18 .\CortexM3\ARM_GCC_493\Debug\TAC_PSOC5.a(pwmAgitator_2.o)
                0x00003ee0                pwmAgitator_2_ReadCapture
 .text.pwmAgitator_2_ReadPeriod
                0x00003ef8       0x18 .\CortexM3\ARM_GCC_493\Debug\TAC_PSOC5.a(pwmAgitator_2.o)
                0x00003ef8                pwmAgitator_2_ReadPeriod
 .text.pwmFan_2_Start
                0x00003f10       0x20 .\CortexM3\ARM_GCC_493\Debug\TAC_PSOC5.a(pwmFan_2.o)
                0x00003f10                pwmFan_2_Start
 .text.pwmFan_2_Init
                0x00003f30       0x78 .\CortexM3\ARM_GCC_493\Debug\TAC_PSOC5.a(pwmFan_2.o)
                0x00003f30                pwmFan_2_Init
 .text.pwmFan_2_Enable
                0x00003fa8       0x20 .\CortexM3\ARM_GCC_493\Debug\TAC_PSOC5.a(pwmFan_2.o)
                0x00003fa8                pwmFan_2_Enable
 .text.pwmFan_2_WriteCounter
                0x00003fc8       0x20 .\CortexM3\ARM_GCC_493\Debug\TAC_PSOC5.a(pwmFan_2.o)
                0x00003fc8                pwmFan_2_WriteCounter
 .text.pwmFan_2_ClearFIFO
                0x00003fe8       0x1c .\CortexM3\ARM_GCC_493\Debug\TAC_PSOC5.a(pwmFan_2.o)
                0x00003fe8                pwmFan_2_ClearFIFO
 .text.pwmFan_2_WritePeriod
                0x00004004       0x20 .\CortexM3\ARM_GCC_493\Debug\TAC_PSOC5.a(pwmFan_2.o)
                0x00004004                pwmFan_2_WritePeriod
 .text.pwmFan_2_WriteCompare
                0x00004024       0x20 .\CortexM3\ARM_GCC_493\Debug\TAC_PSOC5.a(pwmFan_2.o)
                0x00004024                pwmFan_2_WriteCompare
 .text.pwmFan_2_SetInterruptMode
                0x00004044       0x20 .\CortexM3\ARM_GCC_493\Debug\TAC_PSOC5.a(pwmFan_2.o)
                0x00004044                pwmFan_2_SetInterruptMode
 .text.pwmFan_2_ReadStatusRegister
                0x00004064       0x18 .\CortexM3\ARM_GCC_493\Debug\TAC_PSOC5.a(pwmFan_2.o)
                0x00004064                pwmFan_2_ReadStatusRegister
 .text.pwmFan_2_ReadCapture
                0x0000407c       0x18 .\CortexM3\ARM_GCC_493\Debug\TAC_PSOC5.a(pwmFan_2.o)
                0x0000407c                pwmFan_2_ReadCapture
 .text.pwmFan_2_ReadPeriod
                0x00004094       0x18 .\CortexM3\ARM_GCC_493\Debug\TAC_PSOC5.a(pwmFan_2.o)
                0x00004094                pwmFan_2_ReadPeriod
 .text.outputAgitator2_Enable_Write
                0x000040ac       0x3c .\CortexM3\ARM_GCC_493\Debug\TAC_PSOC5.a(outputAgitator2_Enable.o)
                0x000040ac                outputAgitator2_Enable_Write
 .text.outputAgitator1_Enable_Write
                0x000040e8       0x3c .\CortexM3\ARM_GCC_493\Debug\TAC_PSOC5.a(outputAgitator1_Enable.o)
                0x000040e8                outputAgitator1_Enable_Write
 .text.fanPeltier2_Enable_Write
                0x00004124       0x34 .\CortexM3\ARM_GCC_493\Debug\TAC_PSOC5.a(fanPeltier2_Enable.o)
                0x00004124                fanPeltier2_Enable_Write
 .text.fanPeltier1_Enable_Write
                0x00004158       0x38 .\CortexM3\ARM_GCC_493\Debug\TAC_PSOC5.a(fanPeltier1_Enable.o)
                0x00004158                fanPeltier1_Enable_Write
 .text.Peltier_Enable_Write
                0x00004190       0x20 .\CortexM3\ARM_GCC_493\Debug\TAC_PSOC5.a(Peltier_Enable.o)
                0x00004190                Peltier_Enable_Write
 .text.Peltier_Enable_Read
                0x000041b0       0x18 .\CortexM3\ARM_GCC_493\Debug\TAC_PSOC5.a(Peltier_Enable.o)
                0x000041b0                Peltier_Enable_Read
 .text.Peltier1_PWM_Ctrl_Start
                0x000041c8       0x20 .\CortexM3\ARM_GCC_493\Debug\TAC_PSOC5.a(Peltier1_PWM_Ctrl.o)
                0x000041c8                Peltier1_PWM_Ctrl_Start
 .text.Peltier1_PWM_Ctrl_Init
                0x000041e8       0x90 .\CortexM3\ARM_GCC_493\Debug\TAC_PSOC5.a(Peltier1_PWM_Ctrl.o)
                0x000041e8                Peltier1_PWM_Ctrl_Init
 .text.Peltier1_PWM_Ctrl_Enable
                0x00004278       0x20 .\CortexM3\ARM_GCC_493\Debug\TAC_PSOC5.a(Peltier1_PWM_Ctrl.o)
                0x00004278                Peltier1_PWM_Ctrl_Enable
 .text.Peltier1_PWM_Ctrl_WriteCounter
                0x00004298       0x20 .\CortexM3\ARM_GCC_493\Debug\TAC_PSOC5.a(Peltier1_PWM_Ctrl.o)
                0x00004298                Peltier1_PWM_Ctrl_WriteCounter
 .text.Peltier1_PWM_Ctrl_ClearFIFO
                0x000042b8       0x1c .\CortexM3\ARM_GCC_493\Debug\TAC_PSOC5.a(Peltier1_PWM_Ctrl.o)
                0x000042b8                Peltier1_PWM_Ctrl_ClearFIFO
 .text.Peltier1_PWM_Ctrl_WritePeriod
                0x000042d4       0x20 .\CortexM3\ARM_GCC_493\Debug\TAC_PSOC5.a(Peltier1_PWM_Ctrl.o)
                0x000042d4                Peltier1_PWM_Ctrl_WritePeriod
 .text.Peltier1_PWM_Ctrl_WriteCompare
                0x000042f4       0x20 .\CortexM3\ARM_GCC_493\Debug\TAC_PSOC5.a(Peltier1_PWM_Ctrl.o)
                0x000042f4                Peltier1_PWM_Ctrl_WriteCompare
 .text.Peltier1_PWM_Ctrl_SetInterruptMode
                0x00004314       0x20 .\CortexM3\ARM_GCC_493\Debug\TAC_PSOC5.a(Peltier1_PWM_Ctrl.o)
                0x00004314                Peltier1_PWM_Ctrl_SetInterruptMode
 .text.Peltier1_PWM_Ctrl_ReadStatusRegister
                0x00004334       0x18 .\CortexM3\ARM_GCC_493\Debug\TAC_PSOC5.a(Peltier1_PWM_Ctrl.o)
                0x00004334                Peltier1_PWM_Ctrl_ReadStatusRegister
 .text.Peltier1_PWM_Ctrl_ReadCapture
                0x0000434c       0x18 .\CortexM3\ARM_GCC_493\Debug\TAC_PSOC5.a(Peltier1_PWM_Ctrl.o)
                0x0000434c                Peltier1_PWM_Ctrl_ReadCapture
 .text.Peltier1_PWM_Ctrl_ReadPeriod
                0x00004364       0x18 .\CortexM3\ARM_GCC_493\Debug\TAC_PSOC5.a(Peltier1_PWM_Ctrl.o)
                0x00004364                Peltier1_PWM_Ctrl_ReadPeriod
 .text.Peltier2_PWM_Ctrl_Start
                0x0000437c       0x20 .\CortexM3\ARM_GCC_493\Debug\TAC_PSOC5.a(Peltier2_PWM_Ctrl.o)
                0x0000437c                Peltier2_PWM_Ctrl_Start
 .text.Peltier2_PWM_Ctrl_Init
                0x0000439c       0x90 .\CortexM3\ARM_GCC_493\Debug\TAC_PSOC5.a(Peltier2_PWM_Ctrl.o)
                0x0000439c                Peltier2_PWM_Ctrl_Init
 .text.Peltier2_PWM_Ctrl_Enable
                0x0000442c       0x20 .\CortexM3\ARM_GCC_493\Debug\TAC_PSOC5.a(Peltier2_PWM_Ctrl.o)
                0x0000442c                Peltier2_PWM_Ctrl_Enable
 .text.Peltier2_PWM_Ctrl_WriteCounter
                0x0000444c       0x20 .\CortexM3\ARM_GCC_493\Debug\TAC_PSOC5.a(Peltier2_PWM_Ctrl.o)
                0x0000444c                Peltier2_PWM_Ctrl_WriteCounter
 .text.Peltier2_PWM_Ctrl_ClearFIFO
                0x0000446c       0x1c .\CortexM3\ARM_GCC_493\Debug\TAC_PSOC5.a(Peltier2_PWM_Ctrl.o)
                0x0000446c                Peltier2_PWM_Ctrl_ClearFIFO
 .text.Peltier2_PWM_Ctrl_WritePeriod
                0x00004488       0x20 .\CortexM3\ARM_GCC_493\Debug\TAC_PSOC5.a(Peltier2_PWM_Ctrl.o)
                0x00004488                Peltier2_PWM_Ctrl_WritePeriod
 .text.Peltier2_PWM_Ctrl_WriteCompare
                0x000044a8       0x20 .\CortexM3\ARM_GCC_493\Debug\TAC_PSOC5.a(Peltier2_PWM_Ctrl.o)
                0x000044a8                Peltier2_PWM_Ctrl_WriteCompare
 .text.Peltier2_PWM_Ctrl_SetInterruptMode
                0x000044c8       0x20 .\CortexM3\ARM_GCC_493\Debug\TAC_PSOC5.a(Peltier2_PWM_Ctrl.o)
                0x000044c8                Peltier2_PWM_Ctrl_SetInterruptMode
 .text.Peltier2_PWM_Ctrl_ReadStatusRegister
                0x000044e8       0x18 .\CortexM3\ARM_GCC_493\Debug\TAC_PSOC5.a(Peltier2_PWM_Ctrl.o)
                0x000044e8                Peltier2_PWM_Ctrl_ReadStatusRegister
 .text.Peltier2_PWM_Ctrl_ReadCapture
                0x00004500       0x18 .\CortexM3\ARM_GCC_493\Debug\TAC_PSOC5.a(Peltier2_PWM_Ctrl.o)
                0x00004500                Peltier2_PWM_Ctrl_ReadCapture
 .text.Peltier2_PWM_Ctrl_ReadPeriod
                0x00004518       0x18 .\CortexM3\ARM_GCC_493\Debug\TAC_PSOC5.a(Peltier2_PWM_Ctrl.o)
                0x00004518                Peltier2_PWM_Ctrl_ReadPeriod
 .text.Peltier1_Ctrl_Write
                0x00004530       0x20 .\CortexM3\ARM_GCC_493\Debug\TAC_PSOC5.a(Peltier1_Ctrl.o)
                0x00004530                Peltier1_Ctrl_Write
 .text.Peltier2_Ctrl_Write
                0x00004550       0x20 .\CortexM3\ARM_GCC_493\Debug\TAC_PSOC5.a(Peltier2_Ctrl.o)
                0x00004550                Peltier2_Ctrl_Write
 .text.CAN_Standby_Write
                0x00004570       0x3c .\CortexM3\ARM_GCC_493\Debug\TAC_PSOC5.a(CAN_Standby.o)
                0x00004570                CAN_Standby_Write
 .text.ClockTurbido_Start
                0x000045ac       0x34 .\CortexM3\ARM_GCC_493\Debug\TAC_PSOC5.a(ClockTurbido.o)
                0x000045ac                ClockTurbido_Start
 .text.TurbidoISR_StartEx
                0x000045e0       0x24 .\CortexM3\ARM_GCC_493\Debug\TAC_PSOC5.a(TurbidoISR.o)
                0x000045e0                TurbidoISR_StartEx
 .text.TurbidoISR_SetVector
                0x00004604       0x24 .\CortexM3\ARM_GCC_493\Debug\TAC_PSOC5.a(TurbidoISR.o)
                0x00004604                TurbidoISR_SetVector
 .text.TurbidoISR_SetPriority
                0x00004628       0x24 .\CortexM3\ARM_GCC_493\Debug\TAC_PSOC5.a(TurbidoISR.o)
                0x00004628                TurbidoISR_SetPriority
 .text.TurbidoISR_Enable
                0x0000464c       0x18 .\CortexM3\ARM_GCC_493\Debug\TAC_PSOC5.a(TurbidoISR.o)
                0x0000464c                TurbidoISR_Enable
 .text.TurbidoISR_Disable
                0x00004664       0x18 .\CortexM3\ARM_GCC_493\Debug\TAC_PSOC5.a(TurbidoISR.o)
                0x00004664                TurbidoISR_Disable
 .text.ADC_TURBIDO_Start
                0x0000467c       0x20 .\CortexM3\ARM_GCC_493\Debug\TAC_PSOC5.a(ADC_TURBIDO.o)
                0x0000467c                ADC_TURBIDO_Start
 .text.ADC_TURBIDO_Init
                0x0000469c       0x44 .\CortexM3\ARM_GCC_493\Debug\TAC_PSOC5.a(ADC_TURBIDO.o)
                0x0000469c                ADC_TURBIDO_Init
 .text.ADC_TURBIDO_Enable
                0x000046e0       0xf4 .\CortexM3\ARM_GCC_493\Debug\TAC_PSOC5.a(ADC_TURBIDO.o)
                0x000046e0                ADC_TURBIDO_Enable
 .text.ADC_TURBIDO_SetResolution
                0x000047d4       0x50 .\CortexM3\ARM_GCC_493\Debug\TAC_PSOC5.a(ADC_TURBIDO.o)
                0x000047d4                ADC_TURBIDO_SetResolution
 .text.ADC_TURBIDO_CalcGain
                0x00004824       0x7c .\CortexM3\ARM_GCC_493\Debug\TAC_PSOC5.a(ADC_TURBIDO.o)
 .text.ADC_TURBIDO_CountsTo_Volts
                0x000048a0       0x84 .\CortexM3\ARM_GCC_493\Debug\TAC_PSOC5.a(ADC_TURBIDO.o)
                0x000048a0                ADC_TURBIDO_CountsTo_Volts
 .text.ADC_TURBIDO_ISR
                0x00004924        0xc .\CortexM3\ARM_GCC_493\Debug\TAC_PSOC5.a(ADC_TURBIDO_INT.o)
                0x00004924                ADC_TURBIDO_ISR
 .text.ADC_TURBIDO_theACLK_SetModeRegister
                0x00004930       0x34 .\CortexM3\ARM_GCC_493\Debug\TAC_PSOC5.a(ADC_TURBIDO_theACLK.o)
                0x00004930                ADC_TURBIDO_theACLK_SetModeRegister
 .text.ADC_Ext_CP_Clk_SetDividerRegister
                0x00004964      0x160 .\CortexM3\ARM_GCC_493\Debug\TAC_PSOC5.a(ADC_Ext_CP_Clk.o)
                0x00004964                ADC_Ext_CP_Clk_SetDividerRegister
 .text.ADC_Ext_CP_Clk_GetDividerRegister
                0x00004ac4       0x18 .\CortexM3\ARM_GCC_493\Debug\TAC_PSOC5.a(ADC_Ext_CP_Clk.o)
                0x00004ac4                ADC_Ext_CP_Clk_GetDividerRegister
 .text.ADC_Ext_CP_Clk_SetModeRegister
                0x00004adc       0x34 .\CortexM3\ARM_GCC_493\Debug\TAC_PSOC5.a(ADC_Ext_CP_Clk.o)
                0x00004adc                ADC_Ext_CP_Clk_SetModeRegister
 .text.ADC_Ext_CP_Clk_GetSourceRegister
                0x00004b10       0x20 .\CortexM3\ARM_GCC_493\Debug\TAC_PSOC5.a(ADC_Ext_CP_Clk.o)
                0x00004b10                ADC_Ext_CP_Clk_GetSourceRegister
 .text.ADC_AMux_Start
                0x00004b30       0x30 .\CortexM3\ARM_GCC_493\Debug\TAC_PSOC5.a(ADC_AMux.o)
                0x00004b30                ADC_AMux_Start
 .text.ADC_AMux_Select
                0x00004b60       0x28 .\CortexM3\ARM_GCC_493\Debug\TAC_PSOC5.a(ADC_AMux.o)
                0x00004b60                ADC_AMux_Select
 .text.Turbido_PGA_Init
                0x00004b88       0x3c .\CortexM3\ARM_GCC_493\Debug\TAC_PSOC5.a(Turbido_PGA.o)
                0x00004b88                Turbido_PGA_Init
 .text.Turbido_PGA_Enable
                0x00004bc4       0x48 .\CortexM3\ARM_GCC_493\Debug\TAC_PSOC5.a(Turbido_PGA.o)
                0x00004bc4                Turbido_PGA_Enable
 .text.Turbido_PGA_Start
                0x00004c0c       0x20 .\CortexM3\ARM_GCC_493\Debug\TAC_PSOC5.a(Turbido_PGA.o)
                0x00004c0c                Turbido_PGA_Start
 .text.Turbido_PGA_SetPower
                0x00004c2c       0x38 .\CortexM3\ARM_GCC_493\Debug\TAC_PSOC5.a(Turbido_PGA.o)
                0x00004c2c                Turbido_PGA_SetPower
 .text.Turbido_PGA_SetGain
                0x00004c64       0xbc .\CortexM3\ARM_GCC_493\Debug\TAC_PSOC5.a(Turbido_PGA.o)
                0x00004c64                Turbido_PGA_SetGain
 .text.TimerPID_Init
                0x00004d20       0x4c .\CortexM3\ARM_GCC_493\Debug\TAC_PSOC5.a(TimerPID.o)
                0x00004d20                TimerPID_Init
 .text.TimerPID_Enable
                0x00004d6c       0x20 .\CortexM3\ARM_GCC_493\Debug\TAC_PSOC5.a(TimerPID.o)
                0x00004d6c                TimerPID_Enable
 .text.TimerPID_Start
                0x00004d8c       0x20 .\CortexM3\ARM_GCC_493\Debug\TAC_PSOC5.a(TimerPID.o)
                0x00004d8c                TimerPID_Start
 .text.TimerPID_SetInterruptMode
                0x00004dac       0x20 .\CortexM3\ARM_GCC_493\Debug\TAC_PSOC5.a(TimerPID.o)
                0x00004dac                TimerPID_SetInterruptMode
 .text.TimerPID_ReadStatusRegister
                0x00004dcc       0x18 .\CortexM3\ARM_GCC_493\Debug\TAC_PSOC5.a(TimerPID.o)
                0x00004dcc                TimerPID_ReadStatusRegister
 .text.TimerPID_WritePeriod
                0x00004de4       0x1c .\CortexM3\ARM_GCC_493\Debug\TAC_PSOC5.a(TimerPID.o)
                0x00004de4                TimerPID_WritePeriod
 .text.TimerPID_ReadCapture
                0x00004e00       0x1c .\CortexM3\ARM_GCC_493\Debug\TAC_PSOC5.a(TimerPID.o)
                0x00004e00                TimerPID_ReadCapture
 .text.TimerPID_WriteCounter
                0x00004e1c       0x1c .\CortexM3\ARM_GCC_493\Debug\TAC_PSOC5.a(TimerPID.o)
                0x00004e1c                TimerPID_WriteCounter
 .text.TimerPID_ClearFIFO
                0x00004e38       0x1c .\CortexM3\ARM_GCC_493\Debug\TAC_PSOC5.a(TimerPID.o)
                0x00004e38                TimerPID_ClearFIFO
 .text.isr_pid_StartEx
                0x00004e54       0x24 .\CortexM3\ARM_GCC_493\Debug\TAC_PSOC5.a(isr_pid.o)
                0x00004e54                isr_pid_StartEx
 .text.isr_pid_SetVector
                0x00004e78       0x24 .\CortexM3\ARM_GCC_493\Debug\TAC_PSOC5.a(isr_pid.o)
                0x00004e78                isr_pid_SetVector
 .text.isr_pid_SetPriority
                0x00004e9c       0x24 .\CortexM3\ARM_GCC_493\Debug\TAC_PSOC5.a(isr_pid.o)
                0x00004e9c                isr_pid_SetPriority
 .text.isr_pid_Enable
                0x00004ec0       0x18 .\CortexM3\ARM_GCC_493\Debug\TAC_PSOC5.a(isr_pid.o)
                0x00004ec0                isr_pid_Enable
 .text.isr_pid_Disable
                0x00004ed8       0x18 .\CortexM3\ARM_GCC_493\Debug\TAC_PSOC5.a(isr_pid.o)
                0x00004ed8                isr_pid_Disable
 .text.CySetTempInt
                0x00004ef0       0x7c .\CortexM3\ARM_GCC_493\Debug\TAC_PSOC5.a(CyFlash.o)
 .text.CyFlashGetSpcAlgorithm
                0x00004f6c       0x70 .\CortexM3\ARM_GCC_493\Debug\TAC_PSOC5.a(CyFlash.o)
 .text.CySetTemp
                0x00004fdc       0x24 .\CortexM3\ARM_GCC_493\Debug\TAC_PSOC5.a(CyFlash.o)
                0x00004fdc                CySetTemp
 .text.CyEEPROM_Start
                0x00005000       0x8c .\CortexM3\ARM_GCC_493\Debug\TAC_PSOC5.a(CyFlash.o)
                0x00005000                CyEEPROM_Start
 .text.CyEEPROM_ReadReserve
                0x0000508c       0x30 .\CortexM3\ARM_GCC_493\Debug\TAC_PSOC5.a(CyFlash.o)
                0x0000508c                CyEEPROM_ReadReserve
 .text.CyEEPROM_ReadRelease
                0x000050bc       0x20 .\CortexM3\ARM_GCC_493\Debug\TAC_PSOC5.a(CyFlash.o)
                0x000050bc                CyEEPROM_ReadRelease
 .text.CySpcStart
                0x000050dc       0x44 .\CortexM3\ARM_GCC_493\Debug\TAC_PSOC5.a(CySpc.o)
                0x000050dc                CySpcStart
 .text.CySpcReadData
                0x00005120       0x58 .\CortexM3\ARM_GCC_493\Debug\TAC_PSOC5.a(CySpc.o)
                0x00005120                CySpcReadData
 .text.CySpcLoadMultiByte
                0x00005178       0xd4 .\CortexM3\ARM_GCC_493\Debug\TAC_PSOC5.a(CySpc.o)
                0x00005178                CySpcLoadMultiByte
 .text.CySpcWriteRow
                0x0000524c       0x98 .\CortexM3\ARM_GCC_493\Debug\TAC_PSOC5.a(CySpc.o)
                0x0000524c                CySpcWriteRow
 .text.CySpcGetTemp
                0x000052e4       0x64 .\CortexM3\ARM_GCC_493\Debug\TAC_PSOC5.a(CySpc.o)
                0x000052e4                CySpcGetTemp
 .text.CySpcLock
                0x00005348       0x68 .\CortexM3\ARM_GCC_493\Debug\TAC_PSOC5.a(CySpc.o)
                0x00005348                CySpcLock
 .text.CySpcUnlock
                0x000053b0       0x50 .\CortexM3\ARM_GCC_493\Debug\TAC_PSOC5.a(CySpc.o)
                0x000053b0                CySpcUnlock
 .text.CySpcGetAlgorithm
                0x00005400       0x48 .\CortexM3\ARM_GCC_493\Debug\TAC_PSOC5.a(CySpc.o)
                0x00005400                CySpcGetAlgorithm
 .text.CySetReg24
                0x00005448       0x38 .\CortexM3\ARM_GCC_493\Debug\TAC_PSOC5.a(cyutils.o)
                0x00005448                CySetReg24
 .text.log      0x00005480      0x100 c:/program files (x86)/cypress/psoc creator/3.3/psoc creator/import/gnu/arm/4.9.3/bin/../lib/gcc/arm-none-eabi/4.9.3/../../../../arm-none-eabi/lib/armv7-m\libm.a(lib_a-w_log.o)
                0x00005480                log
 .text.pow      0x00005580      0x2f0 c:/program files (x86)/cypress/psoc creator/3.3/psoc creator/import/gnu/arm/4.9.3/bin/../lib/gcc/arm-none-eabi/4.9.3/../../../../arm-none-eabi/lib/armv7-m\libm.a(lib_a-w_pow.o)
                0x00005580                pow
 .text.__ieee754_log
                0x00005870      0x3d0 c:/program files (x86)/cypress/psoc creator/3.3/psoc creator/import/gnu/arm/4.9.3/bin/../lib/gcc/arm-none-eabi/4.9.3/../../../../arm-none-eabi/lib/armv7-m\libm.a(lib_a-e_log.o)
                0x00005870                __ieee754_log
 .text.__ieee754_pow
                0x00005c40      0xaa0 c:/program files (x86)/cypress/psoc creator/3.3/psoc creator/import/gnu/arm/4.9.3/bin/../lib/gcc/arm-none-eabi/4.9.3/../../../../arm-none-eabi/lib/armv7-m\libm.a(lib_a-e_pow.o)
                0x00005c40                __ieee754_pow
 .text.__ieee754_sqrt
                0x000066e0      0x18c c:/program files (x86)/cypress/psoc creator/3.3/psoc creator/import/gnu/arm/4.9.3/bin/../lib/gcc/arm-none-eabi/4.9.3/../../../../arm-none-eabi/lib/armv7-m\libm.a(lib_a-e_sqrt.o)
                0x000066e0                __ieee754_sqrt
 .text.fabs     0x0000686c        0x8 c:/program files (x86)/cypress/psoc creator/3.3/psoc creator/import/gnu/arm/4.9.3/bin/../lib/gcc/arm-none-eabi/4.9.3/../../../../arm-none-eabi/lib/armv7-m\libm.a(lib_a-s_fabs.o)
                0x0000686c                fabs
 .text.finite   0x00006874        0xc c:/program files (x86)/cypress/psoc creator/3.3/psoc creator/import/gnu/arm/4.9.3/bin/../lib/gcc/arm-none-eabi/4.9.3/../../../../arm-none-eabi/lib/armv7-m\libm.a(lib_a-s_finite.o)
                0x00006874                finite
 .text.__fpclassifyd
                0x00006880       0x58 c:/program files (x86)/cypress/psoc creator/3.3/psoc creator/import/gnu/arm/4.9.3/bin/../lib/gcc/arm-none-eabi/4.9.3/../../../../arm-none-eabi/lib/armv7-m\libm.a(lib_a-s_fpclassify.o)
                0x00006880                __fpclassifyd
 .text.matherr  0x000068d8        0x4 c:/program files (x86)/cypress/psoc creator/3.3/psoc creator/import/gnu/arm/4.9.3/bin/../lib/gcc/arm-none-eabi/4.9.3/../../../../arm-none-eabi/lib/armv7-m\libm.a(lib_a-s_matherr.o)
                0x000068d8                matherr
 .text.nan      0x000068dc        0xc c:/program files (x86)/cypress/psoc creator/3.3/psoc creator/import/gnu/arm/4.9.3/bin/../lib/gcc/arm-none-eabi/4.9.3/../../../../arm-none-eabi/lib/armv7-m\libm.a(lib_a-s_nan.o)
                0x000068dc                nan
 .text.rint     0x000068e8      0x11c c:/program files (x86)/cypress/psoc creator/3.3/psoc creator/import/gnu/arm/4.9.3/bin/../lib/gcc/arm-none-eabi/4.9.3/../../../../arm-none-eabi/lib/armv7-m\libm.a(lib_a-s_rint.o)
                0x000068e8                rint
 *fill*         0x00006a04        0x4 
 .text.scalbn   0x00006a08       0xf0 c:/program files (x86)/cypress/psoc creator/3.3/psoc creator/import/gnu/arm/4.9.3/bin/../lib/gcc/arm-none-eabi/4.9.3/../../../../arm-none-eabi/lib/armv7-m\libm.a(lib_a-s_scalbn.o)
                0x00006a08                scalbn
 .text.copysign
                0x00006af8       0x10 c:/program files (x86)/cypress/psoc creator/3.3/psoc creator/import/gnu/arm/4.9.3/bin/../lib/gcc/arm-none-eabi/4.9.3/../../../../arm-none-eabi/lib/armv7-m\libm.a(lib_a-s_copysign.o)
                0x00006af8                copysign
 .text          0x00006b08      0x370 c:/program files (x86)/cypress/psoc creator/3.3/psoc creator/import/gnu/arm/4.9.3/bin/../lib/gcc/arm-none-eabi/4.9.3/armv7-m\libgcc.a(_arm_addsubdf3.o)
                0x00006b08                __aeabi_drsub
                0x00006b10                __aeabi_dsub
                0x00006b10                __subdf3
                0x00006b14                __aeabi_dadd
                0x00006b14                __adddf3
                0x00006d8c                __floatunsidf
                0x00006d8c                __aeabi_ui2d
                0x00006dac                __floatsidf
                0x00006dac                __aeabi_i2d
                0x00006dd0                __aeabi_f2d
                0x00006dd0                __extendsfdf2
                0x00006e0c                __floatundidf
                0x00006e0c                __aeabi_ul2d
                0x00006e1c                __floatdidf
                0x00006e1c                __aeabi_l2d
 .text          0x00006e78      0x424 c:/program files (x86)/cypress/psoc creator/3.3/psoc creator/import/gnu/arm/4.9.3/bin/../lib/gcc/arm-none-eabi/4.9.3/armv7-m\libgcc.a(_arm_muldivdf3.o)
                0x00006e78                __aeabi_dmul
                0x00006e78                __muldf3
                0x000070cc                __divdf3
                0x000070cc                __aeabi_ddiv
 .text          0x0000729c      0x110 c:/program files (x86)/cypress/psoc creator/3.3/psoc creator/import/gnu/arm/4.9.3/bin/../lib/gcc/arm-none-eabi/4.9.3/armv7-m\libgcc.a(_arm_cmpdf2.o)
                0x0000729c                __gtdf2
                0x0000729c                __gedf2
                0x000072a4                __ltdf2
                0x000072a4                __ledf2
                0x000072ac                __nedf2
                0x000072ac                __eqdf2
                0x000072ac                __cmpdf2
                0x00007328                __aeabi_cdrcmple
                0x00007338                __aeabi_cdcmpeq
                0x00007338                __aeabi_cdcmple
                0x00007348                __aeabi_dcmpeq
                0x0000735c                __aeabi_dcmplt
                0x00007370                __aeabi_dcmple
                0x00007384                __aeabi_dcmpge
                0x00007398                __aeabi_dcmpgt
 .text          0x000073ac       0x50 c:/program files (x86)/cypress/psoc creator/3.3/psoc creator/import/gnu/arm/4.9.3/bin/../lib/gcc/arm-none-eabi/4.9.3/armv7-m\libgcc.a(_arm_fixdfsi.o)
                0x000073ac                __aeabi_d2iz
                0x000073ac                __fixdfsi
 .text          0x000073fc       0x40 c:/program files (x86)/cypress/psoc creator/3.3/psoc creator/import/gnu/arm/4.9.3/bin/../lib/gcc/arm-none-eabi/4.9.3/armv7-m\libgcc.a(_arm_fixunsdfsi.o)
                0x000073fc                __aeabi_d2uiz
                0x000073fc                __fixunsdfsi
 .text          0x0000743c       0xa0 c:/program files (x86)/cypress/psoc creator/3.3/psoc creator/import/gnu/arm/4.9.3/bin/../lib/gcc/arm-none-eabi/4.9.3/armv7-m\libgcc.a(_arm_truncdfsf2.o)
                0x0000743c                __truncdfsf2
                0x0000743c                __aeabi_d2f
 .text          0x000074dc      0x21c c:/program files (x86)/cypress/psoc creator/3.3/psoc creator/import/gnu/arm/4.9.3/bin/../lib/gcc/arm-none-eabi/4.9.3/armv7-m\libgcc.a(_arm_addsubsf3.o)
                0x000074dc                __aeabi_frsub
                0x000074e4                __subsf3
                0x000074e4                __aeabi_fsub
                0x000074e8                __aeabi_fadd
                0x000074e8                __addsf3
                0x00007648                __aeabi_ui2f
                0x00007648                __floatunsisf
                0x00007650                __aeabi_i2f
                0x00007650                __floatsisf
                0x0000766c                __aeabi_ul2f
                0x0000766c                __floatundisf
                0x0000767c                __aeabi_l2f
                0x0000767c                __floatdisf
 .text          0x000076f8      0x2a0 c:/program files (x86)/cypress/psoc creator/3.3/psoc creator/import/gnu/arm/4.9.3/bin/../lib/gcc/arm-none-eabi/4.9.3/armv7-m\libgcc.a(_arm_muldivsf3.o)
                0x000076f8                __mulsf3
                0x000076f8                __aeabi_fmul
                0x00007860                __aeabi_fdiv
                0x00007860                __divsf3
 .text          0x00007998       0xec c:/program files (x86)/cypress/psoc creator/3.3/psoc creator/import/gnu/arm/4.9.3/bin/../lib/gcc/arm-none-eabi/4.9.3/armv7-m\libgcc.a(_arm_cmpsf2.o)
                0x00007998                __gesf2
                0x00007998                __gtsf2
                0x000079a0                __lesf2
                0x000079a0                __ltsf2
                0x000079a8                __nesf2
                0x000079a8                __eqsf2
                0x000079a8                __cmpsf2
                0x00007a08                __aeabi_cfrcmple
                0x00007a10                __aeabi_cfcmpeq
                0x00007a10                __aeabi_cfcmple
                0x00007a20                __aeabi_fcmpeq
                0x00007a34                __aeabi_fcmplt
                0x00007a48                __aeabi_fcmple
                0x00007a5c                __aeabi_fcmpge
                0x00007a70                __aeabi_fcmpgt
 .text          0x00007a84       0x4c c:/program files (x86)/cypress/psoc creator/3.3/psoc creator/import/gnu/arm/4.9.3/bin/../lib/gcc/arm-none-eabi/4.9.3/armv7-m\libgcc.a(_arm_fixsfsi.o)
                0x00007a84                __aeabi_f2iz
                0x00007a84                __fixsfsi
 .text          0x00007ad0       0x40 c:/program files (x86)/cypress/psoc creator/3.3/psoc creator/import/gnu/arm/4.9.3/bin/../lib/gcc/arm-none-eabi/4.9.3/armv7-m\libgcc.a(_arm_fixunssfsi.o)
                0x00007ad0                __fixunssfsi
                0x00007ad0                __aeabi_f2uiz
 .text.__errno  0x00007b10        0xc c:/program files (x86)/cypress/psoc creator/3.3/psoc creator/import/gnu/arm/4.9.3/bin/../lib/gcc/arm-none-eabi/4.9.3/../../../../arm-none-eabi/lib/armv7-m\libg_nano.a(lib_a-errno.o)
                0x00007b10                __errno
 .text.__libc_init_array
                0x00007b1c       0x4c c:/program files (x86)/cypress/psoc creator/3.3/psoc creator/import/gnu/arm/4.9.3/bin/../lib/gcc/arm-none-eabi/4.9.3/../../../../arm-none-eabi/lib/armv7-m\libg_nano.a(lib_a-init.o)
                0x00007b1c                __libc_init_array
 .text.memcpy   0x00007b68       0x16 c:/program files (x86)/cypress/psoc creator/3.3/psoc creator/import/gnu/arm/4.9.3/bin/../lib/gcc/arm-none-eabi/4.9.3/../../../../arm-none-eabi/lib/armv7-m\libg_nano.a(lib_a-memcpy.o)
                0x00007b68                memcpy
 .text.memset   0x00007b7e       0x10 c:/program files (x86)/cypress/psoc creator/3.3/psoc creator/import/gnu/arm/4.9.3/bin/../lib/gcc/arm-none-eabi/4.9.3/../../../../arm-none-eabi/lib/armv7-m\libg_nano.a(lib_a-memset.o)
                0x00007b7e                memset
 *(.plt)
 *(.gnu.warning)
 *(.glue_7t)
 .glue_7t       0x00000000        0x0 linker stubs
 *(.glue_7)
 .glue_7        0x00000000        0x0 linker stubs
 *(.vfp11_veneer)
 .vfp11_veneer  0x00000000        0x0 linker stubs
 *(.bootloader)
 *(.ARM.extab* .gnu.linkonce.armextab.*)
 *(.gcc_except_table)

.v4_bx          0x00007b90        0x0
 .v4_bx         0x00000000        0x0 linker stubs

.iplt           0x00007b90        0x0
 .iplt          0x00000000        0x0 c:/program files (x86)/cypress/psoc creator/3.3/psoc creator/import/gnu/arm/4.9.3/bin/../lib/gcc/arm-none-eabi/4.9.3/armv7-m/crtbegin.o

.eh_frame_hdr
 *(.eh_frame_hdr)

.eh_frame       0x00007b90        0x4
 *(.eh_frame)
 .eh_frame      0x00007b90        0x0 c:/program files (x86)/cypress/psoc creator/3.3/psoc creator/import/gnu/arm/4.9.3/bin/../lib/gcc/arm-none-eabi/4.9.3/armv7-m/crtbegin.o
 .eh_frame      0x00007b90        0x4 c:/program files (x86)/cypress/psoc creator/3.3/psoc creator/import/gnu/arm/4.9.3/bin/../lib/gcc/arm-none-eabi/4.9.3/armv7-m/crtend.o
                0x00007b94                PROVIDE (__exidx_start, .)

.ARM.exidx
 *(.ARM.exidx* .gnu.linkonce.armexidx.*)
                0x00007b94                __exidx_end = .

.rodata         0x00007b98      0x238
 *(.rodata .rodata.* .gnu.linkonce.r.*)
 .rodata        0x00007b98       0x3c .\CortexM3\ARM_GCC_493\Debug\TAC_PSOC5.a(cyfitter_cfg.o)
                0x00007b98                ADC_AMux__addrTable
                0x00007ba0                ADC_AMux__maskTable
 .rodata        0x00007bd4      0x160 .\CortexM3\ARM_GCC_493\Debug\TAC_PSOC5.a(CAN_1.o)
 .rodata        0x00007d34       0x18 .\CortexM3\ARM_GCC_493\Debug\TAC_PSOC5.a(Turbido_PGA.o)
 .rodata.str1.4
                0x00007d4c        0x5 c:/program files (x86)/cypress/psoc creator/3.3/psoc creator/import/gnu/arm/4.9.3/bin/../lib/gcc/arm-none-eabi/4.9.3/../../../../arm-none-eabi/lib/armv7-m\libm.a(lib_a-w_log.o)
                                  0x8 (size before relaxing)
 *fill*         0x00007d51        0x3 
 .rodata.str1.4
                0x00007d54        0x4 c:/program files (x86)/cypress/psoc creator/3.3/psoc creator/import/gnu/arm/4.9.3/bin/../lib/gcc/arm-none-eabi/4.9.3/../../../../arm-none-eabi/lib/armv7-m\libm.a(lib_a-w_pow.o)
 .rodata.dp_h   0x00007d58       0x10 c:/program files (x86)/cypress/psoc creator/3.3/psoc creator/import/gnu/arm/4.9.3/bin/../lib/gcc/arm-none-eabi/4.9.3/../../../../arm-none-eabi/lib/armv7-m\libm.a(lib_a-e_pow.o)
 .rodata.dp_l   0x00007d68       0x10 c:/program files (x86)/cypress/psoc creator/3.3/psoc creator/import/gnu/arm/4.9.3/bin/../lib/gcc/arm-none-eabi/4.9.3/../../../../arm-none-eabi/lib/armv7-m\libm.a(lib_a-e_pow.o)
 .rodata.bp     0x00007d78       0x10 c:/program files (x86)/cypress/psoc creator/3.3/psoc creator/import/gnu/arm/4.9.3/bin/../lib/gcc/arm-none-eabi/4.9.3/../../../../arm-none-eabi/lib/armv7-m\libm.a(lib_a-e_pow.o)
 .rodata.str1.4
                0x00000000        0x4 c:/program files (x86)/cypress/psoc creator/3.3/psoc creator/import/gnu/arm/4.9.3/bin/../lib/gcc/arm-none-eabi/4.9.3/../../../../arm-none-eabi/lib/armv7-m\libm.a(lib_a-e_pow.o)
 .rodata.TWO52  0x00007d88       0x10 c:/program files (x86)/cypress/psoc creator/3.3/psoc creator/import/gnu/arm/4.9.3/bin/../lib/gcc/arm-none-eabi/4.9.3/../../../../arm-none-eabi/lib/armv7-m\libm.a(lib_a-s_rint.o)
 .rodata.str1.1
                0x00007d98        0x2 c:/program files (x86)/cypress/psoc creator/3.3/psoc creator/import/gnu/arm/4.9.3/bin/../lib/gcc/arm-none-eabi/4.9.3/../../../../arm-none-eabi/lib/armv7-m\libg_nano.a(lib_a-impure.o)
                0x00007d9c                . = ALIGN (0x4)
 *fill*         0x00007d9a        0x2 
 *(.init)
 .init          0x00007d9c        0x4 c:/program files (x86)/cypress/psoc creator/3.3/psoc creator/import/gnu/arm/4.9.3/bin/../lib/gcc/arm-none-eabi/4.9.3/armv7-m/crti.o
                0x00007d9c                _init
 .init          0x00007da0        0x8 c:/program files (x86)/cypress/psoc creator/3.3/psoc creator/import/gnu/arm/4.9.3/bin/../lib/gcc/arm-none-eabi/4.9.3/armv7-m/crtn.o
                0x00007da8                . = ALIGN (0x4)
                0x00007da8                __preinit_array_start = .
 *(.preinit_array)
                0x00007da8                __preinit_array_end = .
                0x00007da8                . = ALIGN (0x4)
                0x00007da8                __init_array_start = .
 *(SORT(.init_array.*))
 *(.init_array)
 .init_array    0x00007da8        0x4 c:/program files (x86)/cypress/psoc creator/3.3/psoc creator/import/gnu/arm/4.9.3/bin/../lib/gcc/arm-none-eabi/4.9.3/armv7-m/crtbegin.o
 .init_array    0x00007dac        0x4 .\CortexM3\ARM_GCC_493\Debug\Cm3Start.o
                0x00007db0                __init_array_end = .
                0x00007db0                . = ALIGN (0x4)
 *(.fini)
 .fini          0x00007db0        0x4 c:/program files (x86)/cypress/psoc creator/3.3/psoc creator/import/gnu/arm/4.9.3/bin/../lib/gcc/arm-none-eabi/4.9.3/armv7-m/crti.o
                0x00007db0                _fini
 .fini          0x00007db4        0x8 c:/program files (x86)/cypress/psoc creator/3.3/psoc creator/import/gnu/arm/4.9.3/bin/../lib/gcc/arm-none-eabi/4.9.3/armv7-m/crtn.o
                0x00007dbc                . = ALIGN (0x4)
                0x00007dbc                __fini_array_start = .
 *(.fini_array)
 .fini_array    0x00007dbc        0x4 c:/program files (x86)/cypress/psoc creator/3.3/psoc creator/import/gnu/arm/4.9.3/bin/../lib/gcc/arm-none-eabi/4.9.3/armv7-m/crtbegin.o
 *(SORT(.fini_array.*))
                0x00007dc0                __fini_array_end = .
                0x00007dc0                . = ALIGN (0x4)
 *crtbegin.o(.ctors)
 *(EXCLUDE_FILE(*crtend.o) .ctors)
 *(SORT(.ctors.*))
 *crtend.o(.ctors)
                0x00007dc0                . = ALIGN (0x4)
 *crtbegin.o(.dtors)
 *(EXCLUDE_FILE(*crtend.o) .dtors)
 *(SORT(.dtors.*))
 *crtend.o(.dtors)
                0x00007dc0                . = ALIGN (0x4)
                0x00007dc0                __cy_regions = .
                0x00007dc0        0x4 LONG 0x7dd0 __cy_region_init_ram
                0x00007dc4        0x4 LONG 0x1fff8108 __cy_region_start_data
                0x00007dc8        0x4 LONG 0x88 __cy_region_init_size_ram
                0x00007dcc        0x4 LONG 0x13d0 __cy_region_zero_size_ram
                0x00007dd0                __cy_regions_end = .
                0x00007dd0                . = ALIGN (0x8)
                0x00007dd0                _etext = .

.ramvectors     0x1fff8000      0x100
                0x1fff8000                __cy_region_start_ram = .
 *(.ramvectors)
 .ramvectors    0x1fff8000      0x100 .\CortexM3\ARM_GCC_493\Debug\Cm3Start.o
                0x1fff8000                CyRamVectors

.noinit         0x1fff8100        0x5
 *(.noinit)
 .noinit        0x1fff8100        0x4 .\CortexM3\ARM_GCC_493\Debug\Cm3Start.o
 .noinit        0x1fff8104        0x1 .\CortexM3\ARM_GCC_493\Debug\TAC_PSOC5.a(CyLib.o)
                0x1fff8104                CyResetStatus

.data           0x1fff8108       0x88 load address 0x00007dd0
                0x1fff8108                __cy_region_start_data = .
 *(.jcr)
 .jcr           0x1fff8108        0x0 c:/program files (x86)/cypress/psoc creator/3.3/psoc creator/import/gnu/arm/4.9.3/bin/../lib/gcc/arm-none-eabi/4.9.3/armv7-m/crtbegin.o
 .jcr           0x1fff8108        0x4 c:/program files (x86)/cypress/psoc creator/3.3/psoc creator/import/gnu/arm/4.9.3/bin/../lib/gcc/arm-none-eabi/4.9.3/armv7-m/crtend.o
 *(.got.plt)
 *(.got)
 *(.shdata)
 *(.data .data.* .gnu.linkonce.d.*)
 .data          0x1fff810c        0x8 .\CortexM3\ARM_GCC_493\Debug\turbido.o
                0x1fff8110                compteur
 .data          0x1fff8114        0x1 .\CortexM3\ARM_GCC_493\Debug\TAC_PSOC5.a(ADC.o)
                0x1fff8114                ADC_Config
 *fill*         0x1fff8115        0x3 
 .data          0x1fff8118       0x10 .\CortexM3\ARM_GCC_493\Debug\TAC_PSOC5.a(CyLib.o)
                0x1fff8118                cydelay_freq_hz
                0x1fff811c                cydelay_freq_khz
                0x1fff8120                cydelay_freq_mhz
                0x1fff8124                cydelay_32k_ms
 .data          0x1fff8128        0x1 .\CortexM3\ARM_GCC_493\Debug\TAC_PSOC5.a(ADC_AMux.o)
 .data.__fdlib_version
                0x1fff8129        0x1 c:/program files (x86)/cypress/psoc creator/3.3/psoc creator/import/gnu/arm/4.9.3/bin/../lib/gcc/arm-none-eabi/4.9.3/../../../../arm-none-eabi/lib/armv7-m\libm.a(lib_a-s_lib_ver.o)
                0x1fff8129                __fdlib_version
 *fill*         0x1fff812a        0x2 
 .data.impure_data
                0x1fff812c       0x60 c:/program files (x86)/cypress/psoc creator/3.3/psoc creator/import/gnu/arm/4.9.3/bin/../lib/gcc/arm-none-eabi/4.9.3/../../../../arm-none-eabi/lib/armv7-m\libg_nano.a(lib_a-impure.o)
 .data._impure_ptr
                0x1fff818c        0x4 c:/program files (x86)/cypress/psoc creator/3.3/psoc creator/import/gnu/arm/4.9.3/bin/../lib/gcc/arm-none-eabi/4.9.3/../../../../arm-none-eabi/lib/armv7-m\libg_nano.a(lib_a-impure.o)
                0x1fff818c                _impure_ptr
                0x1fff8190                . = ALIGN (0x8)
 *(.ram)
                0x1fff8190                _edata = .

.igot.plt       0x1fff8190        0x0 load address 0x00007e58
 .igot.plt      0x00000000        0x0 c:/program files (x86)/cypress/psoc creator/3.3/psoc creator/import/gnu/arm/4.9.3/bin/../lib/gcc/arm-none-eabi/4.9.3/armv7-m/crtbegin.o

.bss            0x1fff8190     0x13d0 load address 0x00007e58
                0x1fff8190                PROVIDE (__bss_start__, .)
 *(.shbss)
 *(.bss .bss.* .gnu.linkonce.b.*)
 .bss           0x1fff8190       0x1c c:/program files (x86)/cypress/psoc creator/3.3/psoc creator/import/gnu/arm/4.9.3/bin/../lib/gcc/arm-none-eabi/4.9.3/armv7-m/crtbegin.o
 .bss           0x1fff81ac       0x1c .\CortexM3\ARM_GCC_493\Debug\main.o
                0x1fff81ac                messageToBeTreatedCount
                0x1fff81b0                msgToBeTreatedIndex
                0x1fff81b4                msgToBeStoredIndex
                0x1fff81b8                peltier_update_flag
                0x1fff81bc                Turbidity_mean
                0x1fff81c0                Turbido_ADC_result
                0x1fff81c4                newTurbidoDataFlag
 .bss           0x1fff81c8      0xfd4 .\CortexM3\ARM_GCC_493\Debug\turbido.o
                0x1fff81c8                mean2
                0x1fff81f0                Turbidity_buffer
                0x1fff89c0                buffer
                0x1fff9190                accumulateur
                0x1fff9194                turbido_index
                0x1fff9198                mean
 *fill*         0x1fff919c        0x4 
 .bss           0x1fff91a0       0x10 .\CortexM3\ARM_GCC_493\Debug\PIDControler.o
                0x1fff91a0                integral
                0x1fff91a8                last_error
 .bss           0x1fff91b0       0x14 .\CortexM3\ARM_GCC_493\Debug\TAC_PSOC5.a(ADC.o)
                0x1fff91b0                ADC_convDone
                0x1fff91b1                ADC_stopConversion
                0x1fff91b2                ADC_initVar
                0x1fff91b3                ADC_started
 .bss           0x1fff91c4        0x1 .\CortexM3\ARM_GCC_493\Debug\TAC_PSOC5.a(CAN_1.o)
                0x1fff91c4                CAN_1_initVar
 .bss           0x1fff91c5        0x1 .\CortexM3\ARM_GCC_493\Debug\TAC_PSOC5.a(pwmAgitator_1.o)
                0x1fff91c5                pwmAgitator_1_initVar
 .bss           0x1fff91c6        0x1 .\CortexM3\ARM_GCC_493\Debug\TAC_PSOC5.a(pwmFan_1.o)
                0x1fff91c6                pwmFan_1_initVar
 .bss           0x1fff91c7        0x1 .\CortexM3\ARM_GCC_493\Debug\TAC_PSOC5.a(pwmAgitator_2.o)
                0x1fff91c7                pwmAgitator_2_initVar
 .bss           0x1fff91c8        0x1 .\CortexM3\ARM_GCC_493\Debug\TAC_PSOC5.a(pwmFan_2.o)
                0x1fff91c8                pwmFan_2_initVar
 .bss           0x1fff91c9        0x1 .\CortexM3\ARM_GCC_493\Debug\TAC_PSOC5.a(Peltier1_PWM_Ctrl.o)
                0x1fff91c9                Peltier1_PWM_Ctrl_initVar
 .bss           0x1fff91ca        0x1 .\CortexM3\ARM_GCC_493\Debug\TAC_PSOC5.a(Peltier2_PWM_Ctrl.o)
                0x1fff91ca                Peltier2_PWM_Ctrl_initVar
 .bss           0x1fff91cb        0x1 .\CortexM3\ARM_GCC_493\Debug\TAC_PSOC5.a(ADC_TURBIDO.o)
                0x1fff91cb                ADC_TURBIDO_initVar
 .bss           0x1fff91cc        0x1 .\CortexM3\ARM_GCC_493\Debug\TAC_PSOC5.a(Turbido_PGA.o)
                0x1fff91cc                Turbido_PGA_initVar
 .bss           0x1fff91cd        0x1 .\CortexM3\ARM_GCC_493\Debug\TAC_PSOC5.a(TimerPID.o)
                0x1fff91cd                TimerPID_initVar
 *fill*         0x1fff91ce        0x2 
 .bss           0x1fff91d0        0x8 .\CortexM3\ARM_GCC_493\Debug\TAC_PSOC5.a(CySpc.o)
                0x1fff91d0                SpcLockState
 *(COMMON)
 COMMON         0x1fff91d8      0x370 .\CortexM3\ARM_GCC_493\Debug\main.o
                0x1fff91d8                receivedMsgs
                0x1fff94f8                mc1_5Module
 COMMON         0x1fff9548        0x8 .\CortexM3\ARM_GCC_493\Debug\TAC_PSOC5.a(ADC.o)
                0x1fff9548                ADC_Offset
                0x1fff954c                ADC_CountsPerVolt
 COMMON         0x1fff9550        0xa .\CortexM3\ARM_GCC_493\Debug\TAC_PSOC5.a(ADC_TURBIDO.o)
                0x1fff9550                ADC_TURBIDO_countsPer10Volt
                0x1fff9554                ADC_TURBIDO_countsPerVolt
                0x1fff9556                ADC_TURBIDO_shift
                0x1fff9558                ADC_TURBIDO_offset
 *fill*         0x1fff955a        0x2 
 COMMON         0x1fff955c        0x2 .\CortexM3\ARM_GCC_493\Debug\TAC_PSOC5.a(CyFlash.o)
                0x1fff955c                dieTemperature
                0x1fff9560                . = ALIGN (0x8)
 *fill*         0x1fff955e        0x2 
 *(.ram.b)
                0x1fff9560                _end = .
                0x1fff9560                __end = .
                0x1fff9560                PROVIDE (end, .)
                0x1fff9560                PROVIDE (__bss_end__, .)
                0x00007dd0                __cy_region_init_ram = LOADADDR (.data)
                0x00000088                __cy_region_init_size_ram = (_edata - ADDR (.data))
                0x000013d0                __cy_region_zero_size_ram = (_end - _edata)

.heap           0x1fff9560       0x80 load address 0x00007e58
                0x1fff9560                . = _end
                0x1fff95e0                . = (. + 0x80)
 *fill*         0x1fff9560       0x80 
                0x1fff95e0                __cy_heap_limit = .

.stack          0x20007800      0x800
                0x20007800                __cy_stack_limit = .
                0x20008000                . = (. + 0x800)
 *fill*         0x20007800      0x800 
                0x00000001                ASSERT ((__cy_stack_limit >= __cy_heap_limit), region RAM overflowed with stack)

.cyloadermeta
 *(.cyloadermeta)

.cyloadablemeta
 *(.cyloadablemeta)

.cyconfigecc    0x80000000      0x7dc
 *(.cyconfigecc)
 .cyconfigecc   0x80000000      0x7dc .\CortexM3\ARM_GCC_493\Debug\cymetadata.o
                0x80000000                cy_meta_configecc

.cycustnvl      0x90000000        0x4
 *(.cycustnvl)
 .cycustnvl     0x90000000        0x4 .\CortexM3\ARM_GCC_493\Debug\cymetadata.o
                0x90000000                cy_meta_custnvl

.cywolatch      0x90100000        0x4
 *(.cywolatch)
 .cywolatch     0x90100000        0x4 .\CortexM3\ARM_GCC_493\Debug\cymetadata.o
                0x90100000                cy_meta_wonvl

.cyeeprom       0x90200000        0x0
 *(.cyeeprom)
                0x00000001                ASSERT ((. <= ((0x90200000 + ee_offset) + ee_size)), .cyeeprom data will not fit in EEPROM)

.cyflashprotect
                0x90400000      0x100
 *(.cyflashprotect)
 .cyflashprotect
                0x90400000      0x100 .\CortexM3\ARM_GCC_493\Debug\cymetadata.o
                0x90400000                cy_meta_flashprotect

.cymeta         0x90500000        0xc
 *(.cymeta)
 .cymeta        0x90500000        0xc .\CortexM3\ARM_GCC_493\Debug\cymetadata.o
                0x90500000                cy_metadata

.rel.dyn        0x00007e58        0x0 load address 0x9050000c
 .rel.iplt      0x00000000        0x0 c:/program files (x86)/cypress/psoc creator/3.3/psoc creator/import/gnu/arm/4.9.3/bin/../lib/gcc/arm-none-eabi/4.9.3/armv7-m/crtbegin.o

.stab
 *(.stab)

.stabstr
 *(.stabstr)

.debug
 *(.debug)

.line
 *(.line)

.debug_srcinfo
 *(.debug_srcinfo)

.debug_sfnames
 *(.debug_sfnames)

.debug_aranges  0x00000000     0x1440
 *(.debug_aranges)
 .debug_aranges
                0x00000000       0x50 .\CortexM3\ARM_GCC_493\Debug\main.o
 .debug_aranges
                0x00000050       0x28 .\CortexM3\ARM_GCC_493\Debug\removeOffsetNoise.o
 .debug_aranges
                0x00000078       0x38 .\CortexM3\ARM_GCC_493\Debug\ComputerCommunication.o
 .debug_aranges
                0x000000b0       0x80 .\CortexM3\ARM_GCC_493\Debug\memory.o
 .debug_aranges
                0x00000130       0x30 .\CortexM3\ARM_GCC_493\Debug\CAN_Communication.o
 .debug_aranges
                0x00000160       0x38 .\CortexM3\ARM_GCC_493\Debug\turbido.o
 .debug_aranges
                0x00000198       0x28 .\CortexM3\ARM_GCC_493\Debug\Termistor.o
 .debug_aranges
                0x000001c0       0x30 .\CortexM3\ARM_GCC_493\Debug\PIDControler.o
 .debug_aranges
                0x000001f0       0x28 .\CortexM3\ARM_GCC_493\Debug\FanControler.o
 .debug_aranges
                0x00000218       0x30 .\CortexM3\ARM_GCC_493\Debug\PeltierControler.o
 .debug_aranges
                0x00000248       0x28 .\CortexM3\ARM_GCC_493\Debug\AgitatorControler.o
 .debug_aranges
                0x00000270       0x18 .\CortexM3\ARM_GCC_493\Debug\cymetadata.o
 .debug_aranges
                0x00000288       0x48 .\CortexM3\ARM_GCC_493\Debug\Cm3Start.o
 .debug_aranges
                0x000002d0       0x68 .\CortexM3\ARM_GCC_493\Debug\TAC_PSOC5.a(cyfitter_cfg.o)
 .debug_aranges
                0x00000338       0x28 .\CortexM3\ARM_GCC_493\Debug\TAC_PSOC5.a(Thermistor_1.o)
 .debug_aranges
                0x00000360       0xe8 .\CortexM3\ARM_GCC_493\Debug\TAC_PSOC5.a(ADC.o)
 .debug_aranges
                0x00000448       0x38 .\CortexM3\ARM_GCC_493\Debug\TAC_PSOC5.a(ADC_INT.o)
 .debug_aranges
                0x00000480       0x80 .\CortexM3\ARM_GCC_493\Debug\TAC_PSOC5.a(ADC_theACLK.o)
 .debug_aranges
                0x00000500       0x20 .\CortexM3\ARM_GCC_493\Debug\TAC_PSOC5.a(CyBootAsmGnu.o)
 .debug_aranges
                0x00000520      0x290 .\CortexM3\ARM_GCC_493\Debug\TAC_PSOC5.a(CyLib.o)
 .debug_aranges
                0x000007b0       0x90 .\CortexM3\ARM_GCC_493\Debug\TAC_PSOC5.a(cyPm.o)
 .debug_aranges
                0x00000840       0x78 .\CortexM3\ARM_GCC_493\Debug\TAC_PSOC5.a(EEPROM.o)
 .debug_aranges
                0x000008b8       0xc8 .\CortexM3\ARM_GCC_493\Debug\TAC_PSOC5.a(CAN_1.o)
 .debug_aranges
                0x00000980       0x30 .\CortexM3\ARM_GCC_493\Debug\TAC_PSOC5.a(CAN_1_INT.o)
 .debug_aranges
                0x000009b0       0x38 .\CortexM3\ARM_GCC_493\Debug\TAC_PSOC5.a(CAN_1_TX_RX_func.o)
 .debug_aranges
                0x000009e8       0x98 .\CortexM3\ARM_GCC_493\Debug\TAC_PSOC5.a(pwmAgitator_1.o)
 .debug_aranges
                0x00000a80       0x98 .\CortexM3\ARM_GCC_493\Debug\TAC_PSOC5.a(pwmFan_1.o)
 .debug_aranges
                0x00000b18       0x98 .\CortexM3\ARM_GCC_493\Debug\TAC_PSOC5.a(pwmAgitator_2.o)
 .debug_aranges
                0x00000bb0       0x98 .\CortexM3\ARM_GCC_493\Debug\TAC_PSOC5.a(pwmFan_2.o)
 .debug_aranges
                0x00000c48       0x38 .\CortexM3\ARM_GCC_493\Debug\TAC_PSOC5.a(outputAgitator2_Enable.o)
 .debug_aranges
                0x00000c80       0x38 .\CortexM3\ARM_GCC_493\Debug\TAC_PSOC5.a(outputAgitator1_Enable.o)
 .debug_aranges
                0x00000cb8       0x38 .\CortexM3\ARM_GCC_493\Debug\TAC_PSOC5.a(fanPeltier2_Enable.o)
 .debug_aranges
                0x00000cf0       0x38 .\CortexM3\ARM_GCC_493\Debug\TAC_PSOC5.a(fanPeltier1_Enable.o)
 .debug_aranges
                0x00000d28       0x28 .\CortexM3\ARM_GCC_493\Debug\TAC_PSOC5.a(Peltier_Enable.o)
 .debug_aranges
                0x00000d50       0x98 .\CortexM3\ARM_GCC_493\Debug\TAC_PSOC5.a(Peltier1_PWM_Ctrl.o)
 .debug_aranges
                0x00000de8       0x98 .\CortexM3\ARM_GCC_493\Debug\TAC_PSOC5.a(Peltier2_PWM_Ctrl.o)
 .debug_aranges
                0x00000e80       0x28 .\CortexM3\ARM_GCC_493\Debug\TAC_PSOC5.a(Peltier1_Ctrl.o)
 .debug_aranges
                0x00000ea8       0x28 .\CortexM3\ARM_GCC_493\Debug\TAC_PSOC5.a(Peltier2_Ctrl.o)
 .debug_aranges
                0x00000ed0       0x38 .\CortexM3\ARM_GCC_493\Debug\TAC_PSOC5.a(CAN_Standby.o)
 .debug_aranges
                0x00000f08       0x70 .\CortexM3\ARM_GCC_493\Debug\TAC_PSOC5.a(ClockTurbido.o)
 .debug_aranges
                0x00000f78       0x80 .\CortexM3\ARM_GCC_493\Debug\TAC_PSOC5.a(TurbidoISR.o)
 .debug_aranges
                0x00000ff8       0x98 .\CortexM3\ARM_GCC_493\Debug\TAC_PSOC5.a(ADC_TURBIDO.o)
 .debug_aranges
                0x00001090       0x20 .\CortexM3\ARM_GCC_493\Debug\TAC_PSOC5.a(ADC_TURBIDO_INT.o)
 .debug_aranges
                0x000010b0       0x80 .\CortexM3\ARM_GCC_493\Debug\TAC_PSOC5.a(ADC_TURBIDO_theACLK.o)
 .debug_aranges
                0x00001130       0x70 .\CortexM3\ARM_GCC_493\Debug\TAC_PSOC5.a(ADC_Ext_CP_Clk.o)
 .debug_aranges
                0x000011a0       0x30 .\CortexM3\ARM_GCC_493\Debug\TAC_PSOC5.a(ADC_AMux.o)
 .debug_aranges
                0x000011d0       0x48 .\CortexM3\ARM_GCC_493\Debug\TAC_PSOC5.a(Turbido_PGA.o)
 .debug_aranges
                0x00001218       0x90 .\CortexM3\ARM_GCC_493\Debug\TAC_PSOC5.a(TimerPID.o)
 .debug_aranges
                0x000012a8       0x80 .\CortexM3\ARM_GCC_493\Debug\TAC_PSOC5.a(isr_pid.o)
 .debug_aranges
                0x00001328       0x80 .\CortexM3\ARM_GCC_493\Debug\TAC_PSOC5.a(CyFlash.o)
 .debug_aranges
                0x000013a8       0x78 .\CortexM3\ARM_GCC_493\Debug\TAC_PSOC5.a(CySpc.o)
 .debug_aranges
                0x00001420       0x20 .\CortexM3\ARM_GCC_493\Debug\TAC_PSOC5.a(cyutils.o)

.debug_pubnames
 *(.debug_pubnames)

.debug_info     0x00000000     0x9292
 *(.debug_info .gnu.linkonce.wi.*)
 .debug_info    0x00000000      0x4d8 .\CortexM3\ARM_GCC_493\Debug\main.o
 .debug_info    0x000004d8      0x166 .\CortexM3\ARM_GCC_493\Debug\removeOffsetNoise.o
 .debug_info    0x0000063e      0x322 .\CortexM3\ARM_GCC_493\Debug\ComputerCommunication.o
 .debug_info    0x00000960      0x3be .\CortexM3\ARM_GCC_493\Debug\memory.o
 .debug_info    0x00000d1e      0x279 .\CortexM3\ARM_GCC_493\Debug\CAN_Communication.o
 .debug_info    0x00000f97      0x27d .\CortexM3\ARM_GCC_493\Debug\turbido.o
 .debug_info    0x00001214      0x3a6 .\CortexM3\ARM_GCC_493\Debug\Termistor.o
 .debug_info    0x000015ba      0x3d3 .\CortexM3\ARM_GCC_493\Debug\PIDControler.o
 .debug_info    0x0000198d      0x33a .\CortexM3\ARM_GCC_493\Debug\FanControler.o
 .debug_info    0x00001cc7      0x3c8 .\CortexM3\ARM_GCC_493\Debug\PeltierControler.o
 .debug_info    0x0000208f      0x33a .\CortexM3\ARM_GCC_493\Debug\AgitatorControler.o
 .debug_info    0x000023c9      0x13e .\CortexM3\ARM_GCC_493\Debug\cymetadata.o
 .debug_info    0x00002507      0x323 .\CortexM3\ARM_GCC_493\Debug\Cm3Start.o
 .debug_info    0x0000282a      0x4e6 .\CortexM3\ARM_GCC_493\Debug\TAC_PSOC5.a(cyfitter_cfg.o)
 .debug_info    0x00002d10      0x171 .\CortexM3\ARM_GCC_493\Debug\TAC_PSOC5.a(Thermistor_1.o)
 .debug_info    0x00002e81      0x71e .\CortexM3\ARM_GCC_493\Debug\TAC_PSOC5.a(ADC.o)
 .debug_info    0x0000359f       0xcc .\CortexM3\ARM_GCC_493\Debug\TAC_PSOC5.a(ADC_INT.o)
 .debug_info    0x0000366b      0x297 .\CortexM3\ARM_GCC_493\Debug\TAC_PSOC5.a(ADC_theACLK.o)
 .debug_info    0x00003902       0x82 .\CortexM3\ARM_GCC_493\Debug\TAC_PSOC5.a(CyBootAsmGnu.o)
 .debug_info    0x00003984      0xd85 .\CortexM3\ARM_GCC_493\Debug\TAC_PSOC5.a(CyLib.o)
 .debug_info    0x00004709      0x536 .\CortexM3\ARM_GCC_493\Debug\TAC_PSOC5.a(cyPm.o)
 .debug_info    0x00004c3f      0x350 .\CortexM3\ARM_GCC_493\Debug\TAC_PSOC5.a(EEPROM.o)
 .debug_info    0x00004f8f      0x77e .\CortexM3\ARM_GCC_493\Debug\TAC_PSOC5.a(CAN_1.o)
 .debug_info    0x0000570d      0x1eb .\CortexM3\ARM_GCC_493\Debug\TAC_PSOC5.a(CAN_1_INT.o)
 .debug_info    0x000058f8      0x3e3 .\CortexM3\ARM_GCC_493\Debug\TAC_PSOC5.a(CAN_1_TX_RX_func.o)
 .debug_info    0x00005cdb      0x29e .\CortexM3\ARM_GCC_493\Debug\TAC_PSOC5.a(pwmAgitator_1.o)
 .debug_info    0x00005f79      0x282 .\CortexM3\ARM_GCC_493\Debug\TAC_PSOC5.a(pwmFan_1.o)
 .debug_info    0x000061fb      0x29e .\CortexM3\ARM_GCC_493\Debug\TAC_PSOC5.a(pwmAgitator_2.o)
 .debug_info    0x00006499      0x282 .\CortexM3\ARM_GCC_493\Debug\TAC_PSOC5.a(pwmFan_2.o)
 .debug_info    0x0000671b      0x11d .\CortexM3\ARM_GCC_493\Debug\TAC_PSOC5.a(outputAgitator2_Enable.o)
 .debug_info    0x00006838      0x11d .\CortexM3\ARM_GCC_493\Debug\TAC_PSOC5.a(outputAgitator1_Enable.o)
 .debug_info    0x00006955      0x11d .\CortexM3\ARM_GCC_493\Debug\TAC_PSOC5.a(fanPeltier2_Enable.o)
 .debug_info    0x00006a72      0x11d .\CortexM3\ARM_GCC_493\Debug\TAC_PSOC5.a(fanPeltier1_Enable.o)
 .debug_info    0x00006b8f       0xd6 .\CortexM3\ARM_GCC_493\Debug\TAC_PSOC5.a(Peltier_Enable.o)
 .debug_info    0x00006c65      0x29e .\CortexM3\ARM_GCC_493\Debug\TAC_PSOC5.a(Peltier1_PWM_Ctrl.o)
 .debug_info    0x00006f03      0x29e .\CortexM3\ARM_GCC_493\Debug\TAC_PSOC5.a(Peltier2_PWM_Ctrl.o)
 .debug_info    0x000071a1       0xd6 .\CortexM3\ARM_GCC_493\Debug\TAC_PSOC5.a(Peltier1_Ctrl.o)
 .debug_info    0x00007277       0xd6 .\CortexM3\ARM_GCC_493\Debug\TAC_PSOC5.a(Peltier2_Ctrl.o)
 .debug_info    0x0000734d      0x11d .\CortexM3\ARM_GCC_493\Debug\TAC_PSOC5.a(CAN_Standby.o)
 .debug_info    0x0000746a      0x25b .\CortexM3\ARM_GCC_493\Debug\TAC_PSOC5.a(ClockTurbido.o)
 .debug_info    0x000076c5      0x238 .\CortexM3\ARM_GCC_493\Debug\TAC_PSOC5.a(TurbidoISR.o)
 .debug_info    0x000078fd      0x44c .\CortexM3\ARM_GCC_493\Debug\TAC_PSOC5.a(ADC_TURBIDO.o)
 .debug_info    0x00007d49       0x92 .\CortexM3\ARM_GCC_493\Debug\TAC_PSOC5.a(ADC_TURBIDO_INT.o)
 .debug_info    0x00007ddb      0x297 .\CortexM3\ARM_GCC_493\Debug\TAC_PSOC5.a(ADC_TURBIDO_theACLK.o)
 .debug_info    0x00008072      0x25b .\CortexM3\ARM_GCC_493\Debug\TAC_PSOC5.a(ADC_Ext_CP_Clk.o)
 .debug_info    0x000082cd      0x109 .\CortexM3\ARM_GCC_493\Debug\TAC_PSOC5.a(ADC_AMux.o)
 .debug_info    0x000083d6      0x185 .\CortexM3\ARM_GCC_493\Debug\TAC_PSOC5.a(Turbido_PGA.o)
 .debug_info    0x0000855b      0x252 .\CortexM3\ARM_GCC_493\Debug\TAC_PSOC5.a(TimerPID.o)
 .debug_info    0x000087ad      0x238 .\CortexM3\ARM_GCC_493\Debug\TAC_PSOC5.a(isr_pid.o)
 .debug_info    0x000089e5      0x36a .\CortexM3\ARM_GCC_493\Debug\TAC_PSOC5.a(CyFlash.o)
 .debug_info    0x00008d4f      0x456 .\CortexM3\ARM_GCC_493\Debug\TAC_PSOC5.a(CySpc.o)
 .debug_info    0x000091a5       0xed .\CortexM3\ARM_GCC_493\Debug\TAC_PSOC5.a(cyutils.o)

.debug_abbrev   0x00000000     0x3551
 *(.debug_abbrev)
 .debug_abbrev  0x00000000      0x172 .\CortexM3\ARM_GCC_493\Debug\main.o
 .debug_abbrev  0x00000172       0xcd .\CortexM3\ARM_GCC_493\Debug\removeOffsetNoise.o
 .debug_abbrev  0x0000023f       0xdc .\CortexM3\ARM_GCC_493\Debug\ComputerCommunication.o
 .debug_abbrev  0x0000031b       0xf2 .\CortexM3\ARM_GCC_493\Debug\memory.o
 .debug_abbrev  0x0000040d       0xfc .\CortexM3\ARM_GCC_493\Debug\CAN_Communication.o
 .debug_abbrev  0x00000509      0x128 .\CortexM3\ARM_GCC_493\Debug\turbido.o
 .debug_abbrev  0x00000631      0x13d .\CortexM3\ARM_GCC_493\Debug\Termistor.o
 .debug_abbrev  0x0000076e      0x139 .\CortexM3\ARM_GCC_493\Debug\PIDControler.o
 .debug_abbrev  0x000008a7      0x107 .\CortexM3\ARM_GCC_493\Debug\FanControler.o
 .debug_abbrev  0x000009ae       0xed .\CortexM3\ARM_GCC_493\Debug\PeltierControler.o
 .debug_abbrev  0x00000a9b      0x107 .\CortexM3\ARM_GCC_493\Debug\AgitatorControler.o
 .debug_abbrev  0x00000ba2       0x77 .\CortexM3\ARM_GCC_493\Debug\cymetadata.o
 .debug_abbrev  0x00000c19      0x1c5 .\CortexM3\ARM_GCC_493\Debug\Cm3Start.o
 .debug_abbrev  0x00000dde      0x1ca .\CortexM3\ARM_GCC_493\Debug\TAC_PSOC5.a(cyfitter_cfg.o)
 .debug_abbrev  0x00000fa8       0x8b .\CortexM3\ARM_GCC_493\Debug\TAC_PSOC5.a(Thermistor_1.o)
 .debug_abbrev  0x00001033      0x19d .\CortexM3\ARM_GCC_493\Debug\TAC_PSOC5.a(ADC.o)
 .debug_abbrev  0x000011d0       0x42 .\CortexM3\ARM_GCC_493\Debug\TAC_PSOC5.a(ADC_INT.o)
 .debug_abbrev  0x00001212      0x12a .\CortexM3\ARM_GCC_493\Debug\TAC_PSOC5.a(ADC_theACLK.o)
 .debug_abbrev  0x0000133c       0x14 .\CortexM3\ARM_GCC_493\Debug\TAC_PSOC5.a(CyBootAsmGnu.o)
 .debug_abbrev  0x00001350      0x217 .\CortexM3\ARM_GCC_493\Debug\TAC_PSOC5.a(CyLib.o)
 .debug_abbrev  0x00001567      0x16e .\CortexM3\ARM_GCC_493\Debug\TAC_PSOC5.a(cyPm.o)
 .debug_abbrev  0x000016d5      0x124 .\CortexM3\ARM_GCC_493\Debug\TAC_PSOC5.a(EEPROM.o)
 .debug_abbrev  0x000017f9      0x153 .\CortexM3\ARM_GCC_493\Debug\TAC_PSOC5.a(CAN_1.o)
 .debug_abbrev  0x0000194c       0xba .\CortexM3\ARM_GCC_493\Debug\TAC_PSOC5.a(CAN_1_INT.o)
 .debug_abbrev  0x00001a06      0x155 .\CortexM3\ARM_GCC_493\Debug\TAC_PSOC5.a(CAN_1_TX_RX_func.o)
 .debug_abbrev  0x00001b5b      0x13b .\CortexM3\ARM_GCC_493\Debug\TAC_PSOC5.a(pwmAgitator_1.o)
 .debug_abbrev  0x00001c96      0x13b .\CortexM3\ARM_GCC_493\Debug\TAC_PSOC5.a(pwmFan_1.o)
 .debug_abbrev  0x00001dd1      0x13b .\CortexM3\ARM_GCC_493\Debug\TAC_PSOC5.a(pwmAgitator_2.o)
 .debug_abbrev  0x00001f0c      0x13b .\CortexM3\ARM_GCC_493\Debug\TAC_PSOC5.a(pwmFan_2.o)
 .debug_abbrev  0x00002047       0x9d .\CortexM3\ARM_GCC_493\Debug\TAC_PSOC5.a(outputAgitator2_Enable.o)
 .debug_abbrev  0x000020e4       0x9d .\CortexM3\ARM_GCC_493\Debug\TAC_PSOC5.a(outputAgitator1_Enable.o)
 .debug_abbrev  0x00002181       0x9d .\CortexM3\ARM_GCC_493\Debug\TAC_PSOC5.a(fanPeltier2_Enable.o)
 .debug_abbrev  0x0000221e       0x9d .\CortexM3\ARM_GCC_493\Debug\TAC_PSOC5.a(fanPeltier1_Enable.o)
 .debug_abbrev  0x000022bb       0x8e .\CortexM3\ARM_GCC_493\Debug\TAC_PSOC5.a(Peltier_Enable.o)
 .debug_abbrev  0x00002349      0x13b .\CortexM3\ARM_GCC_493\Debug\TAC_PSOC5.a(Peltier1_PWM_Ctrl.o)
 .debug_abbrev  0x00002484      0x13b .\CortexM3\ARM_GCC_493\Debug\TAC_PSOC5.a(Peltier2_PWM_Ctrl.o)
 .debug_abbrev  0x000025bf       0x8e .\CortexM3\ARM_GCC_493\Debug\TAC_PSOC5.a(Peltier1_Ctrl.o)
 .debug_abbrev  0x0000264d       0x8e .\CortexM3\ARM_GCC_493\Debug\TAC_PSOC5.a(Peltier2_Ctrl.o)
 .debug_abbrev  0x000026db       0x9d .\CortexM3\ARM_GCC_493\Debug\TAC_PSOC5.a(CAN_Standby.o)
 .debug_abbrev  0x00002778      0x12a .\CortexM3\ARM_GCC_493\Debug\TAC_PSOC5.a(ClockTurbido.o)
 .debug_abbrev  0x000028a2      0x17f .\CortexM3\ARM_GCC_493\Debug\TAC_PSOC5.a(TurbidoISR.o)
 .debug_abbrev  0x00002a21      0x168 .\CortexM3\ARM_GCC_493\Debug\TAC_PSOC5.a(ADC_TURBIDO.o)
 .debug_abbrev  0x00002b89       0x42 .\CortexM3\ARM_GCC_493\Debug\TAC_PSOC5.a(ADC_TURBIDO_INT.o)
 .debug_abbrev  0x00002bcb      0x12a .\CortexM3\ARM_GCC_493\Debug\TAC_PSOC5.a(ADC_TURBIDO_theACLK.o)
 .debug_abbrev  0x00002cf5      0x12a .\CortexM3\ARM_GCC_493\Debug\TAC_PSOC5.a(ADC_Ext_CP_Clk.o)
 .debug_abbrev  0x00002e1f       0x6f .\CortexM3\ARM_GCC_493\Debug\TAC_PSOC5.a(ADC_AMux.o)
 .debug_abbrev  0x00002e8e       0xdd .\CortexM3\ARM_GCC_493\Debug\TAC_PSOC5.a(Turbido_PGA.o)
 .debug_abbrev  0x00002f6b      0x142 .\CortexM3\ARM_GCC_493\Debug\TAC_PSOC5.a(TimerPID.o)
 .debug_abbrev  0x000030ad      0x17f .\CortexM3\ARM_GCC_493\Debug\TAC_PSOC5.a(isr_pid.o)
 .debug_abbrev  0x0000322c      0x12d .\CortexM3\ARM_GCC_493\Debug\TAC_PSOC5.a(CyFlash.o)
 .debug_abbrev  0x00003359      0x179 .\CortexM3\ARM_GCC_493\Debug\TAC_PSOC5.a(CySpc.o)
 .debug_abbrev  0x000034d2       0x7f .\CortexM3\ARM_GCC_493\Debug\TAC_PSOC5.a(cyutils.o)

.debug_line     0x00000000     0x54d3
 *(.debug_line)
 .debug_line    0x00000000      0x2bb .\CortexM3\ARM_GCC_493\Debug\main.o
 .debug_line    0x000002bb      0x195 .\CortexM3\ARM_GCC_493\Debug\removeOffsetNoise.o
 .debug_line    0x00000450      0x1dc .\CortexM3\ARM_GCC_493\Debug\ComputerCommunication.o
 .debug_line    0x0000062c      0x27e .\CortexM3\ARM_GCC_493\Debug\memory.o
 .debug_line    0x000008aa      0x1ca .\CortexM3\ARM_GCC_493\Debug\CAN_Communication.o
 .debug_line    0x00000a74      0x1dc .\CortexM3\ARM_GCC_493\Debug\turbido.o
 .debug_line    0x00000c50      0x1a7 .\CortexM3\ARM_GCC_493\Debug\Termistor.o
 .debug_line    0x00000df7      0x1dc .\CortexM3\ARM_GCC_493\Debug\PIDControler.o
 .debug_line    0x00000fd3      0x19c .\CortexM3\ARM_GCC_493\Debug\FanControler.o
 .debug_line    0x0000116f      0x1cb .\CortexM3\ARM_GCC_493\Debug\PeltierControler.o
 .debug_line    0x0000133a      0x1a8 .\CortexM3\ARM_GCC_493\Debug\AgitatorControler.o
 .debug_line    0x000014e2       0x53 .\CortexM3\ARM_GCC_493\Debug\cymetadata.o
 .debug_line    0x00001535      0x1d5 .\CortexM3\ARM_GCC_493\Debug\Cm3Start.o
 .debug_line    0x0000170a      0x244 .\CortexM3\ARM_GCC_493\Debug\TAC_PSOC5.a(cyfitter_cfg.o)
 .debug_line    0x0000194e       0x8e .\CortexM3\ARM_GCC_493\Debug\TAC_PSOC5.a(Thermistor_1.o)
 .debug_line    0x000019dc      0x3c7 .\CortexM3\ARM_GCC_493\Debug\TAC_PSOC5.a(ADC.o)
 .debug_line    0x00001da3       0x8e .\CortexM3\ARM_GCC_493\Debug\TAC_PSOC5.a(ADC_INT.o)
 .debug_line    0x00001e31      0x1e3 .\CortexM3\ARM_GCC_493\Debug\TAC_PSOC5.a(ADC_theACLK.o)
 .debug_line    0x00002014       0x68 .\CortexM3\ARM_GCC_493\Debug\TAC_PSOC5.a(CyBootAsmGnu.o)
 .debug_line    0x0000207c      0x841 .\CortexM3\ARM_GCC_493\Debug\TAC_PSOC5.a(CyLib.o)
 .debug_line    0x000028bd      0x36f .\CortexM3\ARM_GCC_493\Debug\TAC_PSOC5.a(cyPm.o)
 .debug_line    0x00002c2c      0x228 .\CortexM3\ARM_GCC_493\Debug\TAC_PSOC5.a(EEPROM.o)
 .debug_line    0x00002e54      0x34a .\CortexM3\ARM_GCC_493\Debug\TAC_PSOC5.a(CAN_1.o)
 .debug_line    0x0000319e       0xc0 .\CortexM3\ARM_GCC_493\Debug\TAC_PSOC5.a(CAN_1_INT.o)
 .debug_line    0x0000325e      0x283 .\CortexM3\ARM_GCC_493\Debug\TAC_PSOC5.a(CAN_1_TX_RX_func.o)
 .debug_line    0x000034e1      0x193 .\CortexM3\ARM_GCC_493\Debug\TAC_PSOC5.a(pwmAgitator_1.o)
 .debug_line    0x00003674      0x18b .\CortexM3\ARM_GCC_493\Debug\TAC_PSOC5.a(pwmFan_1.o)
 .debug_line    0x000037ff      0x193 .\CortexM3\ARM_GCC_493\Debug\TAC_PSOC5.a(pwmAgitator_2.o)
 .debug_line    0x00003992      0x18b .\CortexM3\ARM_GCC_493\Debug\TAC_PSOC5.a(pwmFan_2.o)
 .debug_line    0x00003b1d       0xa7 .\CortexM3\ARM_GCC_493\Debug\TAC_PSOC5.a(outputAgitator2_Enable.o)
 .debug_line    0x00003bc4       0xa7 .\CortexM3\ARM_GCC_493\Debug\TAC_PSOC5.a(outputAgitator1_Enable.o)
 .debug_line    0x00003c6b       0xa3 .\CortexM3\ARM_GCC_493\Debug\TAC_PSOC5.a(fanPeltier2_Enable.o)
 .debug_line    0x00003d0e       0xa3 .\CortexM3\ARM_GCC_493\Debug\TAC_PSOC5.a(fanPeltier1_Enable.o)
 .debug_line    0x00003db1       0x79 .\CortexM3\ARM_GCC_493\Debug\TAC_PSOC5.a(Peltier_Enable.o)
 .debug_line    0x00003e2a      0x197 .\CortexM3\ARM_GCC_493\Debug\TAC_PSOC5.a(Peltier1_PWM_Ctrl.o)
 .debug_line    0x00003fc1      0x197 .\CortexM3\ARM_GCC_493\Debug\TAC_PSOC5.a(Peltier2_PWM_Ctrl.o)
 .debug_line    0x00004158       0x78 .\CortexM3\ARM_GCC_493\Debug\TAC_PSOC5.a(Peltier1_Ctrl.o)
 .debug_line    0x000041d0       0x78 .\CortexM3\ARM_GCC_493\Debug\TAC_PSOC5.a(Peltier2_Ctrl.o)
 .debug_line    0x00004248       0x9c .\CortexM3\ARM_GCC_493\Debug\TAC_PSOC5.a(CAN_Standby.o)
 .debug_line    0x000042e4      0x1c0 .\CortexM3\ARM_GCC_493\Debug\TAC_PSOC5.a(ClockTurbido.o)
 .debug_line    0x000044a4      0x15e .\CortexM3\ARM_GCC_493\Debug\TAC_PSOC5.a(TurbidoISR.o)
 .debug_line    0x00004602      0x1eb .\CortexM3\ARM_GCC_493\Debug\TAC_PSOC5.a(ADC_TURBIDO.o)
 .debug_line    0x000047ed       0x5d .\CortexM3\ARM_GCC_493\Debug\TAC_PSOC5.a(ADC_TURBIDO_INT.o)
 .debug_line    0x0000484a      0x1eb .\CortexM3\ARM_GCC_493\Debug\TAC_PSOC5.a(ADC_TURBIDO_theACLK.o)
 .debug_line    0x00004a35      0x1c2 .\CortexM3\ARM_GCC_493\Debug\TAC_PSOC5.a(ADC_Ext_CP_Clk.o)
 .debug_line    0x00004bf7       0x9f .\CortexM3\ARM_GCC_493\Debug\TAC_PSOC5.a(ADC_AMux.o)
 .debug_line    0x00004c96       0xdd .\CortexM3\ARM_GCC_493\Debug\TAC_PSOC5.a(Turbido_PGA.o)
 .debug_line    0x00004d73      0x173 .\CortexM3\ARM_GCC_493\Debug\TAC_PSOC5.a(TimerPID.o)